Archive member included to satisfy reference by file (symbol)

d:/chain/gcc-arm-none-eabi-10.3-2021.10-win32/gcc-arm-none-eabi-10.3-2021.10/bin/../lib/gcc/arm-none-eabi/10.3.1/../../../../arm-none-eabi/lib/thumb/v7e-m+fp/hard\libc_nano.a(lib_a-errno.o)
                              build/sysmem.o (__errno)
d:/chain/gcc-arm-none-eabi-10.3-2021.10-win32/gcc-arm-none-eabi-10.3-2021.10/bin/../lib/gcc/arm-none-eabi/10.3.1/../../../../arm-none-eabi/lib/thumb/v7e-m+fp/hard\libc_nano.a(lib_a-exit.o)
                              d:/chain/gcc-arm-none-eabi-10.3-2021.10-win32/gcc-arm-none-eabi-10.3-2021.10/bin/../lib/gcc/arm-none-eabi/10.3.1/../../../../arm-none-eabi/lib/thumb/v7e-m+fp/hard/crt0.o (exit)
d:/chain/gcc-arm-none-eabi-10.3-2021.10-win32/gcc-arm-none-eabi-10.3-2021.10/bin/../lib/gcc/arm-none-eabi/10.3.1/../../../../arm-none-eabi/lib/thumb/v7e-m+fp/hard\libc_nano.a(lib_a-impure.o)
                              d:/chain/gcc-arm-none-eabi-10.3-2021.10-win32/gcc-arm-none-eabi-10.3-2021.10/bin/../lib/gcc/arm-none-eabi/10.3.1/../../../../arm-none-eabi/lib/thumb/v7e-m+fp/hard\libc_nano.a(lib_a-exit.o) (_global_impure_ptr)
d:/chain/gcc-arm-none-eabi-10.3-2021.10-win32/gcc-arm-none-eabi-10.3-2021.10/bin/../lib/gcc/arm-none-eabi/10.3.1/../../../../arm-none-eabi/lib/thumb/v7e-m+fp/hard\libc_nano.a(lib_a-init.o)
                              d:/chain/gcc-arm-none-eabi-10.3-2021.10-win32/gcc-arm-none-eabi-10.3-2021.10/bin/../lib/gcc/arm-none-eabi/10.3.1/../../../../arm-none-eabi/lib/thumb/v7e-m+fp/hard/crt0.o (__libc_init_array)
d:/chain/gcc-arm-none-eabi-10.3-2021.10-win32/gcc-arm-none-eabi-10.3-2021.10/bin/../lib/gcc/arm-none-eabi/10.3.1/../../../../arm-none-eabi/lib/thumb/v7e-m+fp/hard\libc_nano.a(lib_a-memcpy-stub.o)
                              build/queue.o (memcpy)
d:/chain/gcc-arm-none-eabi-10.3-2021.10-win32/gcc-arm-none-eabi-10.3-2021.10/bin/../lib/gcc/arm-none-eabi/10.3.1/../../../../arm-none-eabi/lib/thumb/v7e-m+fp/hard\libc_nano.a(lib_a-memset.o)
                              d:/chain/gcc-arm-none-eabi-10.3-2021.10-win32/gcc-arm-none-eabi-10.3-2021.10/bin/../lib/gcc/arm-none-eabi/10.3.1/../../../../arm-none-eabi/lib/thumb/v7e-m+fp/hard/crt0.o (memset)
d:/chain/gcc-arm-none-eabi-10.3-2021.10-win32/gcc-arm-none-eabi-10.3-2021.10/bin/../lib/gcc/arm-none-eabi/10.3.1/thumb/v7e-m+fp/hard\libgcc.a(_aeabi_uldivmod.o)
                              build/stm32f4xx_hal_rcc.o (__aeabi_uldivmod)
d:/chain/gcc-arm-none-eabi-10.3-2021.10-win32/gcc-arm-none-eabi-10.3-2021.10/bin/../lib/gcc/arm-none-eabi/10.3.1/thumb/v7e-m+fp/hard\libgcc.a(_udivmoddi4.o)
                              d:/chain/gcc-arm-none-eabi-10.3-2021.10-win32/gcc-arm-none-eabi-10.3-2021.10/bin/../lib/gcc/arm-none-eabi/10.3.1/thumb/v7e-m+fp/hard\libgcc.a(_aeabi_uldivmod.o) (__udivmoddi4)
d:/chain/gcc-arm-none-eabi-10.3-2021.10-win32/gcc-arm-none-eabi-10.3-2021.10/bin/../lib/gcc/arm-none-eabi/10.3.1/thumb/v7e-m+fp/hard\libgcc.a(_dvmd_tls.o)
                              d:/chain/gcc-arm-none-eabi-10.3-2021.10-win32/gcc-arm-none-eabi-10.3-2021.10/bin/../lib/gcc/arm-none-eabi/10.3.1/thumb/v7e-m+fp/hard\libgcc.a(_aeabi_uldivmod.o) (__aeabi_ldiv0)

Discarded input sections

 .text          0x00000000        0x0 d:/chain/gcc-arm-none-eabi-10.3-2021.10-win32/gcc-arm-none-eabi-10.3-2021.10/bin/../lib/gcc/arm-none-eabi/10.3.1/thumb/v7e-m+fp/hard/crti.o
 .data          0x00000000        0x0 d:/chain/gcc-arm-none-eabi-10.3-2021.10-win32/gcc-arm-none-eabi-10.3-2021.10/bin/../lib/gcc/arm-none-eabi/10.3.1/thumb/v7e-m+fp/hard/crti.o
 .bss           0x00000000        0x0 d:/chain/gcc-arm-none-eabi-10.3-2021.10-win32/gcc-arm-none-eabi-10.3-2021.10/bin/../lib/gcc/arm-none-eabi/10.3.1/thumb/v7e-m+fp/hard/crti.o
 .data          0x00000000        0x4 d:/chain/gcc-arm-none-eabi-10.3-2021.10-win32/gcc-arm-none-eabi-10.3-2021.10/bin/../lib/gcc/arm-none-eabi/10.3.1/thumb/v7e-m+fp/hard/crtbegin.o
 .rodata        0x00000000       0x24 d:/chain/gcc-arm-none-eabi-10.3-2021.10-win32/gcc-arm-none-eabi-10.3-2021.10/bin/../lib/gcc/arm-none-eabi/10.3.1/thumb/v7e-m+fp/hard/crtbegin.o
 .text          0x00000000       0x7c d:/chain/gcc-arm-none-eabi-10.3-2021.10-win32/gcc-arm-none-eabi-10.3-2021.10/bin/../lib/gcc/arm-none-eabi/10.3.1/../../../../arm-none-eabi/lib/thumb/v7e-m+fp/hard/crt0.o
 .data          0x00000000        0x0 d:/chain/gcc-arm-none-eabi-10.3-2021.10-win32/gcc-arm-none-eabi-10.3-2021.10/bin/../lib/gcc/arm-none-eabi/10.3.1/../../../../arm-none-eabi/lib/thumb/v7e-m+fp/hard/crt0.o
 .bss           0x00000000        0x0 d:/chain/gcc-arm-none-eabi-10.3-2021.10-win32/gcc-arm-none-eabi-10.3-2021.10/bin/../lib/gcc/arm-none-eabi/10.3.1/../../../../arm-none-eabi/lib/thumb/v7e-m+fp/hard/crt0.o
 .ARM.extab     0x00000000        0x0 d:/chain/gcc-arm-none-eabi-10.3-2021.10-win32/gcc-arm-none-eabi-10.3-2021.10/bin/../lib/gcc/arm-none-eabi/10.3.1/../../../../arm-none-eabi/lib/thumb/v7e-m+fp/hard/crt0.o
[...]
Memory Configuration

Name             Origin             Length             Attributes
RAM              0x20000000         0x00030000         xrw
CCMRAM           0x10000000         0x00010000         xrw
FLASH            0x08000000         0x00200000         xr
*default*        0x00000000         0xffffffff

Linker script and memory map

LOAD d:/chain/gcc-arm-none-eabi-10.3-2021.10-win32/gcc-arm-none-eabi-10.3-2021.10/bin/../lib/gcc/arm-none-eabi/10.3.1/thumb/v7e-m+fp/hard/crti.o
LOAD d:/chain/gcc-arm-none-eabi-10.3-2021.10-win32/gcc-arm-none-eabi-10.3-2021.10/bin/../lib/gcc/arm-none-eabi/10.3.1/thumb/v7e-m+fp/hard/crtbegin.o
LOAD d:/chain/gcc-arm-none-eabi-10.3-2021.10-win32/gcc-arm-none-eabi-10.3-2021.10/bin/../lib/gcc/arm-none-eabi/10.3.1/../../../../arm-none-eabi/lib/thumb/v7e-m+fp/hard/crt0.o
LOAD build/main.o
LOAD build/gpio.o
LOAD build/freertos.o
LOAD build/Emm_V5.o
LOAD build/stm32f4xx_it.o
LOAD build/stm32f4xx_hal_msp.o
LOAD build/stm32f4xx_hal_timebase_tim.o
LOAD build/stm32f4xx_hal_rcc.o
LOAD build/stm32f4xx_hal_rcc_ex.o
LOAD build/stm32f4xx_hal_flash.o
LOAD build/stm32f4xx_hal_flash_ex.o
LOAD build/stm32f4xx_hal_flash_ramfunc.o
LOAD build/stm32f4xx_hal_gpio.o
LOAD build/stm32f4xx_hal_dma_ex.o
LOAD build/stm32f4xx_hal_dma.o
LOAD build/stm32f4xx_hal_pwr.o
LOAD build/stm32f4xx_hal_pwr_ex.o
LOAD build/stm32f4xx_hal_cortex.o
LOAD build/stm32f4xx_hal.o
LOAD build/stm32f4xx_hal_exti.o
LOAD build/stm32f4xx_hal_tim.o
LOAD build/stm32f4xx_hal_tim_ex.o
LOAD build/system_stm32f4xx.o
LOAD build/croutine.o
LOAD build/event_groups.o
LOAD build/list.o
LOAD build/queue.o
LOAD build/stream_buffer.o
LOAD build/tasks.o
LOAD build/timers.o
LOAD build/cmsis_os2.o
LOAD build/heap_4.o
LOAD build/port.o
LOAD build/sysmem.o
LOAD build/syscalls.o
LOAD build/dma.o
LOAD build/usart.o
LOAD build/stm32f4xx_hal_uart.o
LOAD build/startup_stm32f427xx.o
LOAD d:/chain/gcc-arm-none-eabi-10.3-2021.10-win32/gcc-arm-none-eabi-10.3-2021.10/bin/../lib/gcc/arm-none-eabi/10.3.1/../../../../arm-none-eabi/lib/thumb/v7e-m+fp/hard\libc_nano.a
LOAD d:/chain/gcc-arm-none-eabi-10.3-2021.10-win32/gcc-arm-none-eabi-10.3-2021.10/bin/../lib/gcc/arm-none-eabi/10.3.1/../../../../arm-none-eabi/lib/thumb/v7e-m+fp/hard\libm.a
LOAD d:/chain/gcc-arm-none-eabi-10.3-2021.10-win32/gcc-arm-none-eabi-10.3-2021.10/bin/../lib/gcc/arm-none-eabi/10.3.1/../../../../arm-none-eabi/lib/thumb/v7e-m+fp/hard\libnosys.a
START GROUP
LOAD d:/chain/gcc-arm-none-eabi-10.3-2021.10-win32/gcc-arm-none-eabi-10.3-2021.10/bin/../lib/gcc/arm-none-eabi/10.3.1/thumb/v7e-m+fp/hard\libgcc.a
LOAD d:/chain/gcc-arm-none-eabi-10.3-2021.10-win32/gcc-arm-none-eabi-10.3-2021.10/bin/../lib/gcc/arm-none-eabi/10.3.1/../../../../arm-none-eabi/lib/thumb/v7e-m+fp/hard\libc_nano.a
END GROUP
START GROUP
LOAD d:/chain/gcc-arm-none-eabi-10.3-2021.10-win32/gcc-arm-none-eabi-10.3-2021.10/bin/../lib/gcc/arm-none-eabi/10.3.1/thumb/v7e-m+fp/hard\libgcc.a
LOAD d:/chain/gcc-arm-none-eabi-10.3-2021.10-win32/gcc-arm-none-eabi-10.3-2021.10/bin/../lib/gcc/arm-none-eabi/10.3.1/../../../../arm-none-eabi/lib/thumb/v7e-m+fp/hard\libc_nano.a
END GROUP
LOAD d:/chain/gcc-arm-none-eabi-10.3-2021.10-win32/gcc-arm-none-eabi-10.3-2021.10/bin/../lib/gcc/arm-none-eabi/10.3.1/thumb/v7e-m+fp/hard/crtend.o
LOAD d:/chain/gcc-arm-none-eabi-10.3-2021.10-win32/gcc-arm-none-eabi-10.3-2021.10/bin/../lib/gcc/arm-none-eabi/10.3.1/thumb/v7e-m+fp/hard/crtn.o
                0x20030000                _estack = (ORIGIN (RAM) + LENGTH (RAM))
                0x00000200                _Min_Heap_Size = 0x200
                0x00000400                _Min_Stack_Size = 0x400

.isr_vector     0x08000000      0x1ac
                0x08000000                . = ALIGN (0x4)
 *(.isr_vector)
 .isr_vector    0x08000000      0x1ac build/startup_stm32f427xx.o
                0x08000000                g_pfnVectors
                0x080001ac                . = ALIGN (0x4)

.text           0x080001b0     0x4334
                0x080001b0                . = ALIGN (0x4)
 *(.text)
 .text          0x080001b0       0x40 d:/chain/gcc-arm-none-eabi-10.3-2021.10-win32/gcc-arm-none-eabi-10.3-2021.10/bin/../lib/gcc/arm-none-eabi/10.3.1/thumb/v7e-m+fp/hard/crtbegin.o
 .text          0x080001f0       0x30 d:/chain/gcc-arm-none-eabi-10.3-2021.10-win32/gcc-arm-none-eabi-10.3-2021.10/bin/../lib/gcc/arm-none-eabi/10.3.1/thumb/v7e-m+fp/hard\libgcc.a(_aeabi_uldivmod.o)
                0x080001f0                __aeabi_uldivmod
 .text          0x08000220      0x2d0 d:/chain/gcc-arm-none-eabi-10.3-2021.10-win32/gcc-arm-none-eabi-10.3-2021.10/bin/../lib/gcc/arm-none-eabi/10.3.1/thumb/v7e-m+fp/hard\libgcc.a(_udivmoddi4.o)
                0x08000220                __udivmoddi4
 .text          0x080004f0        0x4 d:/chain/gcc-arm-none-eabi-10.3-2021.10-win32/gcc-arm-none-eabi-10.3-2021.10/bin/../lib/gcc/arm-none-eabi/10.3.1/thumb/v7e-m+fp/hard\libgcc.a(_dvmd_tls.o)
                0x080004f0                __aeabi_idiv0
                0x080004f0                __aeabi_ldiv0
 *(.text*)
 .text.HAL_TIM_PeriodElapsedCallback
                0x080004f4       0x18 build/main.o
                0x080004f4                HAL_TIM_PeriodElapsedCallback
 .text.Error_Handler
                0x0800050c        0x4 build/main.o
                0x0800050c                Error_Handler
 .text.SystemClock_Config
                0x08000510       0xb4 build/main.o
                0x08000510                SystemClock_Config
 .text.main     0x080005c4       0x38 build/main.o
                0x080005c4                main
 .text.MX_GPIO_Init
                0x080005fc       0xc8 build/gpio.o
                0x080005fc                MX_GPIO_Init
 .text.StartBtn_Task
                0x080006c4       0x64 build/freertos.o
                0x080006c4                StartBtn_Task
 .text.StartLED_Task
                0x08000728       0x18 build/freertos.o
                0x08000728                StartLED_Task
 .text.StartMotor_Task
                0x08000740       0x74 build/freertos.o
                0x08000740                StartMotor_Task
 .text.MX_FREERTOS_Init
                0x080007b4       0x80 build/freertos.o
                0x080007b4                MX_FREERTOS_Init
 .text.Emm_V5_En_Control
                0x08000834       0x2c build/Emm_V5.o
                0x08000834                Emm_V5_En_Control
 .text.Emm_V5_Vel_Control
                0x08000860       0x38 build/Emm_V5.o
                0x08000860                Emm_V5_Vel_Control
 .text.NMI_Handler
                0x08000898        0x2 build/stm32f4xx_it.o
                0x08000898                NMI_Handler
 .text.HardFault_Handler
                0x0800089a        0x2 build/stm32f4xx_it.o
                0x0800089a                HardFault_Handler
 .text.MemManage_Handler
                0x0800089c        0x2 build/stm32f4xx_it.o
                0x0800089c                MemManage_Handler
 .text.BusFault_Handler
                0x0800089e        0x2 build/stm32f4xx_it.o
                0x0800089e                BusFault_Handler
 .text.UsageFault_Handler
                0x080008a0        0x2 build/stm32f4xx_it.o
                0x080008a0                UsageFault_Handler
 .text.DebugMon_Handler
                0x080008a2        0x2 build/stm32f4xx_it.o
                0x080008a2                DebugMon_Handler
 .text.TIM4_IRQHandler
                0x080008a4       0x10 build/stm32f4xx_it.o
                0x080008a4                TIM4_IRQHandler
 .text.DMA2_Stream1_IRQHandler
                0x080008b4       0x10 build/stm32f4xx_it.o
                0x080008b4                DMA2_Stream1_IRQHandler
 .text.DMA2_Stream6_IRQHandler
                0x080008c4       0x10 build/stm32f4xx_it.o
                0x080008c4                DMA2_Stream6_IRQHandler
 .text.USART6_IRQHandler
                0x080008d4       0x10 build/stm32f4xx_it.o
                0x080008d4                USART6_IRQHandler
 .text.HAL_MspInit
                0x080008e4       0x44 build/stm32f4xx_hal_msp.o
                0x080008e4                HAL_MspInit
 .text.HAL_InitTick
                0x08000928       0xa4 build/stm32f4xx_hal_timebase_tim.o
                0x08000928                HAL_InitTick
 .text.HAL_RCC_OscConfig
                0x080009cc      0x3f8 build/stm32f4xx_hal_rcc.o
                0x080009cc                HAL_RCC_OscConfig
 .text.HAL_RCC_GetSysClockFreq
                0x08000dc4       0xa4 build/stm32f4xx_hal_rcc.o
                0x08000dc4                HAL_RCC_GetSysClockFreq
 .text.HAL_RCC_ClockConfig
                0x08000e68      0x160 build/stm32f4xx_hal_rcc.o
                0x08000e68                HAL_RCC_ClockConfig
 .text.HAL_RCC_GetHCLKFreq
                0x08000fc8        0xc build/stm32f4xx_hal_rcc.o
                0x08000fc8                HAL_RCC_GetHCLKFreq
 .text.HAL_RCC_GetPCLK1Freq
                0x08000fd4       0x20 build/stm32f4xx_hal_rcc.o
                0x08000fd4                HAL_RCC_GetPCLK1Freq
 .text.HAL_RCC_GetPCLK2Freq
                0x08000ff4       0x20 build/stm32f4xx_hal_rcc.o
                0x08000ff4                HAL_RCC_GetPCLK2Freq
 .text.HAL_RCC_GetClockConfig
                0x08001014       0x3c build/stm32f4xx_hal_rcc.o
                0x08001014                HAL_RCC_GetClockConfig
 .text.HAL_GPIO_Init
                0x08001050      0x1fc build/stm32f4xx_hal_gpio.o
                0x08001050                HAL_GPIO_Init
 .text.HAL_GPIO_ReadPin
                0x0800124c        0xe build/stm32f4xx_hal_gpio.o
                0x0800124c                HAL_GPIO_ReadPin
 .text.HAL_GPIO_WritePin
                0x0800125a        0xc build/stm32f4xx_hal_gpio.o
                0x0800125a                HAL_GPIO_WritePin
 .text.HAL_GPIO_TogglePin
                0x08001266       0x12 build/stm32f4xx_hal_gpio.o
                0x08001266                HAL_GPIO_TogglePin
 .text.DMA_SetConfig
                0x08001278       0x2c build/stm32f4xx_hal_dma.o
 .text.DMA_CalcBaseAndBitshift
                0x080012a4       0x44 build/stm32f4xx_hal_dma.o
 .text.DMA_CheckFifoParam
                0x080012e8       0x8e build/stm32f4xx_hal_dma.o
 *fill*         0x08001376        0x2 
 .text.HAL_DMA_Init
                0x08001378       0xcc build/stm32f4xx_hal_dma.o
                0x08001378                HAL_DMA_Init
 .text.HAL_DMA_Start_IT
                0x08001444       0x6a build/stm32f4xx_hal_dma.o
                0x08001444                HAL_DMA_Start_IT
 .text.HAL_DMA_Abort
                0x080014ae       0x94 build/stm32f4xx_hal_dma.o
                0x080014ae                HAL_DMA_Abort
 .text.HAL_DMA_Abort_IT
                0x08001542       0x26 build/stm32f4xx_hal_dma.o
                0x08001542                HAL_DMA_Abort_IT
 .text.HAL_DMA_IRQHandler
                0x08001568      0x1dc build/stm32f4xx_hal_dma.o
                0x08001568                HAL_DMA_IRQHandler
 .text.HAL_PWREx_EnableOverDrive
                0x08001744       0x7c build/stm32f4xx_hal_pwr_ex.o
                0x08001744                HAL_PWREx_EnableOverDrive
 .text.HAL_NVIC_SetPriorityGrouping
                0x080017c0       0x24 build/stm32f4xx_hal_cortex.o
                0x080017c0                HAL_NVIC_SetPriorityGrouping
 .text.HAL_NVIC_SetPriority
                0x080017e4       0x70 build/stm32f4xx_hal_cortex.o
                0x080017e4                HAL_NVIC_SetPriority
 .text.HAL_NVIC_EnableIRQ
                0x08001854       0x1c build/stm32f4xx_hal_cortex.o
                0x08001854                HAL_NVIC_EnableIRQ
 .text.HAL_Init
                0x08001870       0x34 build/stm32f4xx_hal.o
                0x08001870                HAL_Init
 .text.HAL_IncTick
                0x080018a4       0x18 build/stm32f4xx_hal.o
                0x080018a4                HAL_IncTick
 .text.HAL_GetTick
                0x080018bc        0xc build/stm32f4xx_hal.o
                0x080018bc                HAL_GetTick
 .text.HAL_Delay
                0x080018c8       0x28 build/stm32f4xx_hal.o
                0x080018c8                HAL_Delay
 .text.HAL_TIM_Base_MspInit
                0x080018f0        0x2 build/stm32f4xx_hal_tim.o
                0x080018f0                HAL_TIM_Base_MspInit
 *fill*         0x080018f2        0x2 
 .text.HAL_TIM_Base_Start_IT
                0x080018f4       0x88 build/stm32f4xx_hal_tim.o
                0x080018f4                HAL_TIM_Base_Start_IT
 .text.HAL_TIM_OC_DelayElapsedCallback
                0x0800197c        0x2 build/stm32f4xx_hal_tim.o
                0x0800197c                HAL_TIM_OC_DelayElapsedCallback
 .text.HAL_TIM_IC_CaptureCallback
                0x0800197e        0x2 build/stm32f4xx_hal_tim.o
                0x0800197e                HAL_TIM_IC_CaptureCallback
 .text.HAL_TIM_PWM_PulseFinishedCallback
                0x08001980        0x2 build/stm32f4xx_hal_tim.o
                0x08001980                HAL_TIM_PWM_PulseFinishedCallback
 .text.HAL_TIM_TriggerCallback
                0x08001982        0x2 build/stm32f4xx_hal_tim.o
                0x08001982                HAL_TIM_TriggerCallback
 .text.HAL_TIM_IRQHandler
                0x08001984      0x15e build/stm32f4xx_hal_tim.o
                0x08001984                HAL_TIM_IRQHandler
 *fill*         0x08001ae2        0x2 
 .text.TIM_Base_SetConfig
                0x08001ae4       0xd0 build/stm32f4xx_hal_tim.o
                0x08001ae4                TIM_Base_SetConfig
 .text.HAL_TIM_Base_Init
                0x08001bb4       0x58 build/stm32f4xx_hal_tim.o
                0x08001bb4                HAL_TIM_Base_Init
 .text.HAL_TIMEx_CommutCallback
                0x08001c0c        0x2 build/stm32f4xx_hal_tim_ex.o
                0x08001c0c                HAL_TIMEx_CommutCallback
 .text.HAL_TIMEx_BreakCallback
                0x08001c0e        0x2 build/stm32f4xx_hal_tim_ex.o
                0x08001c0e                HAL_TIMEx_BreakCallback
 .text.SystemInit
                0x08001c10       0x14 build/system_stm32f4xx.o
                0x08001c10                SystemInit
 .text.vListInitialise
                0x08001c24       0x16 build/list.o
                0x08001c24                vListInitialise
 .text.vListInitialiseItem
                0x08001c3a        0x6 build/list.o
                0x08001c3a                vListInitialiseItem
 .text.vListInsertEnd
                0x08001c40       0x16 build/list.o
                0x08001c40                vListInsertEnd
 .text.vListInsert
                0x08001c56       0x32 build/list.o
                0x08001c56                vListInsert
 .text.uxListRemove
                0x08001c88       0x26 build/list.o
                0x08001c88                uxListRemove
 .text.prvIsQueueFull
                0x08001cae       0x1e build/queue.o
 .text.prvIsQueueEmpty
                0x08001ccc       0x1a build/queue.o
 .text.prvCopyDataToQueue
                0x08001ce6       0x76 build/queue.o
 .text.prvCopyDataFromQueue
                0x08001d5c       0x24 build/queue.o
 .text.prvUnlockQueue
                0x08001d80       0x6e build/queue.o
 .text.xQueueGenericReset
                0x08001dee       0x84 build/queue.o
                0x08001dee                xQueueGenericReset
 .text.prvInitialiseNewQueue
                0x08001e72       0x22 build/queue.o
 .text.xQueueGenericCreateStatic
                0x08001e94       0x94 build/queue.o
                0x08001e94                xQueueGenericCreateStatic
 .text.xQueueGenericCreate
                0x08001f28       0x48 build/queue.o
                0x08001f28                xQueueGenericCreate
 .text.xQueueGenericSend
                0x08001f70      0x188 build/queue.o
                0x08001f70                xQueueGenericSend
 .text.xQueueGenericSendFromISR
                0x080020f8       0xce build/queue.o
                0x080020f8                xQueueGenericSendFromISR
 .text.xQueueReceive
                0x080021c6      0x15e build/queue.o
                0x080021c6                xQueueReceive
 .text.xQueueReceiveFromISR
                0x08002324       0xa8 build/queue.o
                0x08002324                xQueueReceiveFromISR
 .text.vQueueAddToRegistry
                0x080023cc       0x28 build/queue.o
                0x080023cc                vQueueAddToRegistry
 .text.vQueueWaitForMessageRestricted
                0x080023f4       0x52 build/queue.o
                0x080023f4                vQueueWaitForMessageRestricted
 *fill*         0x08002446        0x2 
 .text.prvResetNextTaskUnblockTime
                0x08002448       0x2c build/tasks.o
 .text.prvInitialiseNewTask
                0x08002474       0xa6 build/tasks.o
 *fill*         0x0800251a        0x2 
 .text.prvInitialiseTaskLists
                0x0800251c       0x68 build/tasks.o
 .text.prvAddNewTaskToReadyList
                0x08002584       0xac build/tasks.o
 .text.prvDeleteTCB
                0x08002630       0x38 build/tasks.o
 .text.prvCheckTasksWaitingTermination
                0x08002668       0x4c build/tasks.o
 .text.prvIdleTask
                0x080026b4       0x28 build/tasks.o
 .text.prvAddCurrentTaskToDelayedList
                0x080026dc       0x7c build/tasks.o
 .text.xTaskCreateStatic
                0x08002758       0x76 build/tasks.o
                0x08002758                xTaskCreateStatic
 .text.xTaskCreate
                0x080027ce       0x68 build/tasks.o
                0x080027ce                xTaskCreate
 *fill*         0x08002836        0x2 
 .text.vTaskStartScheduler
                0x08002838       0x9c build/tasks.o
                0x08002838                vTaskStartScheduler
 .text.vTaskSuspendAll
                0x080028d4       0x10 build/tasks.o
                0x080028d4                vTaskSuspendAll
 .text.xTaskGetTickCount
                0x080028e4        0xc build/tasks.o
                0x080028e4                xTaskGetTickCount
 .text.xTaskIncrementTick
                0x080028f0      0x118 build/tasks.o
                0x080028f0                xTaskIncrementTick
 .text.xTaskResumeAll
                0x08002a08       0xf8 build/tasks.o
                0x08002a08                xTaskResumeAll
 .text.vTaskDelay
                0x08002b00       0x4c build/tasks.o
                0x08002b00                vTaskDelay
 .text.vTaskSwitchContext
                0x08002b4c       0x94 build/tasks.o
                0x08002b4c                vTaskSwitchContext
 .text.vTaskPlaceOnEventList
                0x08002be0       0x30 build/tasks.o
                0x08002be0                vTaskPlaceOnEventList
 .text.vTaskPlaceOnEventListRestricted
                0x08002c10       0x38 build/tasks.o
                0x08002c10                vTaskPlaceOnEventListRestricted
 .text.xTaskRemoveFromEventList
                0x08002c48       0x8c build/tasks.o
                0x08002c48                xTaskRemoveFromEventList
 .text.vTaskInternalSetTimeOutState
                0x08002cd4       0x18 build/tasks.o
                0x08002cd4                vTaskInternalSetTimeOutState
 .text.xTaskCheckForTimeOut
                0x08002cec       0x84 build/tasks.o
                0x08002cec                xTaskCheckForTimeOut
 .text.vTaskMissedYield
                0x08002d70        0xc build/tasks.o
                0x08002d70                vTaskMissedYield
 .text.xTaskGetSchedulerState
                0x08002d7c       0x20 build/tasks.o
                0x08002d7c                xTaskGetSchedulerState
 .text.xTaskPriorityDisinherit
                0x08002d9c       0x90 build/tasks.o
                0x08002d9c                xTaskPriorityDisinherit
 .text.prvGetNextExpireTime
                0x08002e2c       0x20 build/timers.o
 .text.prvInsertTimerInActiveList
                0x08002e4c       0x48 build/timers.o
 .text.prvCheckForValidListAndQueue
                0x08002e94       0x70 build/timers.o
 .text.xTimerCreateTimerTask
                0x08002f04       0x64 build/timers.o
                0x08002f04                xTimerCreateTimerTask
 .text.xTimerGenericCommand
                0x08002f68       0x6c build/timers.o
                0x08002f68                xTimerGenericCommand
 .text.prvSwitchTimerLists
                0x08002fd4       0x7c build/timers.o
 .text.prvSampleTimeNow
                0x08003050       0x2c build/timers.o
 .text.prvProcessExpiredTimer
                0x0800307c       0x6c build/timers.o
 .text.prvProcessTimerOrBlockTask
                0x080030e8       0x74 build/timers.o
 .text.prvProcessReceivedCommands
                0x0800315c      0x10c build/timers.o
 .text.prvTimerTask
                0x08003268       0x16 build/timers.o
 .text.SysTick_Handler
                0x0800327e       0x18 build/cmsis_os2.o
                0x0800327e                SysTick_Handler
 *fill*         0x08003296        0x2 
 .text.osKernelInitialize
                0x08003298       0x24 build/cmsis_os2.o
                0x08003298                osKernelInitialize
 .text.osKernelStart
                0x080032bc       0x38 build/cmsis_os2.o
                0x080032bc                osKernelStart
 .text.osThreadNew
                0x080032f4       0xbc build/cmsis_os2.o
                0x080032f4                osThreadNew
 .text.osDelay  0x080033b0       0x1c build/cmsis_os2.o
                0x080033b0                osDelay
 .text.osMessageQueueNew
                0x080033cc       0x96 build/cmsis_os2.o
                0x080033cc                osMessageQueueNew
 .text.osMessageQueuePut
                0x08003462       0x84 build/cmsis_os2.o
                0x08003462                osMessageQueuePut
 .text.osMessageQueueGet
                0x080034e6       0x82 build/cmsis_os2.o
                0x080034e6                osMessageQueueGet
 .text.vApplicationGetIdleTaskMemory
                0x08003568       0x18 build/cmsis_os2.o
                0x08003568                vApplicationGetIdleTaskMemory
 .text.vApplicationGetTimerTaskMemory
                0x08003580       0x18 build/cmsis_os2.o
                0x08003580                vApplicationGetTimerTaskMemory
 .text.prvHeapInit
                0x08003598       0x64 build/heap_4.o
 .text.prvInsertBlockIntoFreeList
                0x080035fc       0x64 build/heap_4.o
 .text.pvPortMalloc
                0x08003660       0xfc build/heap_4.o
                0x08003660                pvPortMalloc
 .text.vPortFree
                0x0800375c       0x7c build/heap_4.o
                0x0800375c                vPortFree
 .text.prvTaskExitError
                0x080037d8       0x40 build/port.o
 .text.prvPortStartFirstTask
                0x08003818       0x28 build/port.o
 .text.vPortEnableVFP
                0x08003840       0x14 build/port.o
 .text.pxPortInitialiseStack
                0x08003854       0x2c build/port.o
                0x08003854                pxPortInitialiseStack
 .text.SVC_Handler
                0x08003880       0x24 build/port.o
                0x08003880                SVC_Handler
 .text.vPortEnterCritical
                0x080038a4       0x44 build/port.o
                0x080038a4                vPortEnterCritical
 .text.vPortExitCritical
                0x080038e8       0x2c build/port.o
                0x080038e8                vPortExitCritical
 *fill*         0x08003914        0xc 
 .text.PendSV_Handler
                0x08003920       0x64 build/port.o
                0x08003920                PendSV_Handler
 .text.xPortSysTickHandler
                0x08003984       0x2c build/port.o
                0x08003984                xPortSysTickHandler
 .text.vPortSetupTimerInterrupt
                0x080039b0       0x28 build/port.o
                0x080039b0                vPortSetupTimerInterrupt
 .text.xPortStartScheduler
                0x080039d8      0x118 build/port.o
                0x080039d8                xPortStartScheduler
 .text.vPortValidateInterruptPriority
                0x08003af0       0x5c build/port.o
                0x08003af0                vPortValidateInterruptPriority
 .text.MX_DMA_Init
                0x08003b4c       0x44 build/dma.o
                0x08003b4c                MX_DMA_Init
 .text.MX_USART6_UART_Init
                0x08003b90       0x34 build/usart.o
                0x08003b90                MX_USART6_UART_Init
 .text.HAL_UART_MspInit
                0x08003bc4       0xf8 build/usart.o
                0x08003bc4                HAL_UART_MspInit
 .text.UART_EndTxTransfer
                0x08003cbc       0x20 build/stm32f4xx_hal_uart.o
 .text.UART_EndRxTransfer
                0x08003cdc       0x5c build/stm32f4xx_hal_uart.o
 .text.UART_Transmit_IT
                0x08003d38       0x60 build/stm32f4xx_hal_uart.o
 .text.UART_SetConfig
                0x08003d98      0x110 build/stm32f4xx_hal_uart.o
 .text.HAL_UART_Init
                0x08003ea8       0x60 build/stm32f4xx_hal_uart.o
                0x08003ea8                HAL_UART_Init
 .text.HAL_UART_Transmit_DMA
                0x08003f08       0x90 build/stm32f4xx_hal_uart.o
                0x08003f08                HAL_UART_Transmit_DMA
 .text.HAL_UART_TxCpltCallback
                0x08003f98        0x2 build/stm32f4xx_hal_uart.o
                0x08003f98                HAL_UART_TxCpltCallback
 .text.UART_DMATransmitCplt
                0x08003f9a       0x4c build/stm32f4xx_hal_uart.o
 .text.UART_EndTransmit_IT
                0x08003fe6       0x1a build/stm32f4xx_hal_uart.o
 .text.HAL_UART_TxHalfCpltCallback
                0x08004000        0x2 build/stm32f4xx_hal_uart.o
                0x08004000                HAL_UART_TxHalfCpltCallback
 .text.UART_DMATxHalfCplt
                0x08004002        0xa build/stm32f4xx_hal_uart.o
 .text.HAL_UART_RxCpltCallback
                0x0800400c        0x2 build/stm32f4xx_hal_uart.o
                0x0800400c                HAL_UART_RxCpltCallback
 .text.HAL_UART_ErrorCallback
                0x0800400e        0x2 build/stm32f4xx_hal_uart.o
                0x0800400e                HAL_UART_ErrorCallback
 .text.UART_DMAError
                0x08004010       0x58 build/stm32f4xx_hal_uart.o
 .text.UART_DMAAbortOnError
                0x08004068        0xe build/stm32f4xx_hal_uart.o
 .text.HAL_UARTEx_RxEventCallback
                0x08004076        0x2 build/stm32f4xx_hal_uart.o
                0x08004076                HAL_UARTEx_RxEventCallback
 .text.UART_Receive_IT
                0x08004078       0xe6 build/stm32f4xx_hal_uart.o
 *fill*         0x0800415e        0x2 
 .text.HAL_UART_IRQHandler
                0x08004160      0x2a4 build/stm32f4xx_hal_uart.o
                0x08004160                HAL_UART_IRQHandler
 .text.Reset_Handler
                0x08004404       0x50 build/startup_stm32f427xx.o
                0x08004404                Reset_Handler
 .text.Default_Handler
                0x08004454        0x2 build/startup_stm32f427xx.o
                0x08004454                RTC_Alarm_IRQHandler
                0x08004454                HASH_RNG_IRQHandler
                0x08004454                EXTI2_IRQHandler
                0x08004454                TIM8_CC_IRQHandler
                0x08004454                UART8_IRQHandler
                0x08004454                SPI4_IRQHandler
                0x08004454                TIM1_CC_IRQHandler
                0x08004454                DMA2_Stream5_IRQHandler
                0x08004454                DMA1_Stream5_IRQHandler
                0x08004454                PVD_IRQHandler
                0x08004454                SDIO_IRQHandler
                0x08004454                TAMP_STAMP_IRQHandler
                0x08004454                CAN2_RX1_IRQHandler
                0x08004454                EXTI3_IRQHandler
                0x08004454                TIM8_TRG_COM_TIM14_IRQHandler
                0x08004454                TIM1_UP_TIM10_IRQHandler
                0x08004454                TIM8_UP_TIM13_IRQHandler
                0x08004454                I2C3_ER_IRQHandler
                0x08004454                EXTI0_IRQHandler
                0x08004454                I2C2_EV_IRQHandler
                0x08004454                DMA1_Stream2_IRQHandler
                0x08004454                CAN1_RX0_IRQHandler
                0x08004454                FPU_IRQHandler
                0x08004454                OTG_HS_WKUP_IRQHandler
                0x08004454                CAN2_SCE_IRQHandler
                0x08004454                DMA2_Stream2_IRQHandler
                0x08004454                SPI1_IRQHandler
                0x08004454                TIM6_DAC_IRQHandler
                0x08004454                TIM1_BRK_TIM9_IRQHandler
                0x08004454                DCMI_IRQHandler
                0x08004454                CAN2_RX0_IRQHandler
                0x08004454                DMA2_Stream3_IRQHandler
                0x08004454                USART3_IRQHandler
                0x08004454                CAN1_RX1_IRQHandler
                0x08004454                UART5_IRQHandler
                0x08004454                DMA2_Stream0_IRQHandler
                0x08004454                I2C1_EV_IRQHandler
                0x08004454                DMA1_Stream6_IRQHandler
                0x08004454                DMA1_Stream1_IRQHandler
                0x08004454                UART4_IRQHandler
                0x08004454                TIM3_IRQHandler
                0x08004454                RCC_IRQHandler
                0x08004454                TIM8_BRK_TIM12_IRQHandler
                0x08004454                Default_Handler
                0x08004454                EXTI15_10_IRQHandler
                0x08004454                ADC_IRQHandler
                0x08004454                DMA1_Stream7_IRQHandler
                0x08004454                SPI5_IRQHandler
                0x08004454                TIM7_IRQHandler
                0x08004454                CAN2_TX_IRQHandler
                0x08004454                TIM5_IRQHandler
                0x08004454                DMA2_Stream7_IRQHandler
                0x08004454                I2C3_EV_IRQHandler
                0x08004454                EXTI9_5_IRQHandler
                0x08004454                RTC_WKUP_IRQHandler
                0x08004454                ETH_WKUP_IRQHandler
                0x08004454                SPI2_IRQHandler
                0x08004454                OTG_HS_EP1_IN_IRQHandler
                0x08004454                DMA1_Stream0_IRQHandler
                0x08004454                CAN1_TX_IRQHandler
                0x08004454                EXTI4_IRQHandler
                0x08004454                ETH_IRQHandler
                0x08004454                OTG_HS_EP1_OUT_IRQHandler
                0x08004454                WWDG_IRQHandler
                0x08004454                SPI6_IRQHandler
                0x08004454                TIM2_IRQHandler
                0x08004454                OTG_FS_WKUP_IRQHandler
                0x08004454                TIM1_TRG_COM_TIM11_IRQHandler
                0x08004454                OTG_HS_IRQHandler
                0x08004454                DMA2D_IRQHandler
                0x08004454                EXTI1_IRQHandler
                0x08004454                UART7_IRQHandler
                0x08004454                USART2_IRQHandler
                0x08004454                I2C2_ER_IRQHandler
                0x08004454                CAN1_SCE_IRQHandler
                0x08004454                FLASH_IRQHandler
                0x08004454                DMA2_Stream4_IRQHandler
                0x08004454                USART1_IRQHandler
                0x08004454                OTG_FS_IRQHandler
                0x08004454                SPI3_IRQHandler
                0x08004454                DMA1_Stream4_IRQHandler
                0x08004454                I2C1_ER_IRQHandler
                0x08004454                FMC_IRQHandler
                0x08004454                SAI1_IRQHandler
                0x08004454                DMA1_Stream3_IRQHandler
 *fill*         0x08004456        0x2 
 .text.__libc_init_array
                0x08004458       0x48 d:/chain/gcc-arm-none-eabi-10.3-2021.10-win32/gcc-arm-none-eabi-10.3-2021.10/bin/../lib/gcc/arm-none-eabi/10.3.1/../../../../arm-none-eabi/lib/thumb/v7e-m+fp/hard\libc_nano.a(lib_a-init.o)
                0x08004458                __libc_init_array
 .text.memcpy   0x080044a0       0x1c d:/chain/gcc-arm-none-eabi-10.3-2021.10-win32/gcc-arm-none-eabi-10.3-2021.10/bin/../lib/gcc/arm-none-eabi/10.3.1/../../../../arm-none-eabi/lib/thumb/v7e-m+fp/hard\libc_nano.a(lib_a-memcpy-stub.o)
                0x080044a0                memcpy
 .text.memset   0x080044bc       0x10 d:/chain/gcc-arm-none-eabi-10.3-2021.10-win32/gcc-arm-none-eabi-10.3-2021.10/bin/../lib/gcc/arm-none-eabi/10.3.1/../../../../arm-none-eabi/lib/thumb/v7e-m+fp/hard\libc_nano.a(lib_a-memset.o)
                0x080044bc                memset
 *(.glue_7)
 .glue_7        0x080044cc        0x0 linker stubs
 *(.glue_7t)
 .glue_7t       0x080044cc        0x0 linker stubs
 *(.eh_frame)
 .eh_frame      0x080044cc        0x0 d:/chain/gcc-arm-none-eabi-10.3-2021.10-win32/gcc-arm-none-eabi-10.3-2021.10/bin/../lib/gcc/arm-none-eabi/10.3.1/thumb/v7e-m+fp/hard/crtbegin.o
 *(.init)
 .init          0x080044cc        0x4 d:/chain/gcc-arm-none-eabi-10.3-2021.10-win32/gcc-arm-none-eabi-10.3-2021.10/bin/../lib/gcc/arm-none-eabi/10.3.1/thumb/v7e-m+fp/hard/crti.o
                0x080044cc                _init
 .init          0x080044d0        0x8 d:/chain/gcc-arm-none-eabi-10.3-2021.10-win32/gcc-arm-none-eabi-10.3-2021.10/bin/../lib/gcc/arm-none-eabi/10.3.1/thumb/v7e-m+fp/hard/crtn.o
 *(.fini)
 .fini          0x080044d8        0x4 d:/chain/gcc-arm-none-eabi-10.3-2021.10-win32/gcc-arm-none-eabi-10.3-2021.10/bin/../lib/gcc/arm-none-eabi/10.3.1/thumb/v7e-m+fp/hard/crti.o
                0x080044d8                _fini
 .fini          0x080044dc        0x8 d:/chain/gcc-arm-none-eabi-10.3-2021.10-win32/gcc-arm-none-eabi-10.3-2021.10/bin/../lib/gcc/arm-none-eabi/10.3.1/thumb/v7e-m+fp/hard/crtn.o
                0x080044e4                . = ALIGN (0x4)
                0x080044e4                _etext = .

.vfp11_veneer   0x080044e4        0x0
 .vfp11_veneer  0x080044e4        0x0 linker stubs

.v4_bx          0x080044e4        0x0
 .v4_bx         0x080044e4        0x0 linker stubs

.iplt           0x080044e4        0x0
 .iplt          0x080044e4        0x0 d:/chain/gcc-arm-none-eabi-10.3-2021.10-win32/gcc-arm-none-eabi-10.3-2021.10/bin/../lib/gcc/arm-none-eabi/10.3.1/thumb/v7e-m+fp/hard/crtbegin.o

.rodata         0x080044e4      0x110
                0x080044e4                . = ALIGN (0x4)
 *(.rodata)
 *(.rodata*)
 .rodata.str1.4
                0x080044e4       0x39 build/freertos.o
 *fill*         0x0800451d        0x3 
 .rodata.Btn1_Queue_attributes
                0x08004520       0x18 build/freertos.o
                0x08004520                Btn1_Queue_attributes
 .rodata.Btn2_Queue_attributes
                0x08004538       0x18 build/freertos.o
                0x08004538                Btn2_Queue_attributes
 .rodata.Btn_Task_attributes
                0x08004550       0x24 build/freertos.o
                0x08004550                Btn_Task_attributes
 .rodata.LED_Task_attributes
                0x08004574       0x24 build/freertos.o
                0x08004574                LED_Task_attributes
 .rodata.Motor_Task_attributes
                0x08004598       0x24 build/freertos.o
                0x08004598                Motor_Task_attributes
 .rodata.flagBitshiftOffset.0
                0x080045bc        0x8 build/stm32f4xx_hal_dma.o
 .rodata.AHBPrescTable
                0x080045c4       0x10 build/system_stm32f4xx.o
                0x080045c4                AHBPrescTable
 .rodata.APBPrescTable
                0x080045d4        0x8 build/system_stm32f4xx.o
                0x080045d4                APBPrescTable
 .rodata.vTaskStartScheduler.str1.4
                0x080045dc        0x5 build/tasks.o
 *fill*         0x080045e1        0x3 
 .rodata.prvCheckForValidListAndQueue.str1.4
                0x080045e4        0x5 build/timers.o
 *fill*         0x080045e9        0x3 
 .rodata.xTimerCreateTimerTask.str1.4
                0x080045ec        0x8 build/timers.o
                0x080045f4                . = ALIGN (0x4)

.ARM.extab
 *(.ARM.extab* .gnu.linkonce.armextab.*)

.ARM            0x080045f4        0x8
                0x080045f4                __exidx_start = .
 *(.ARM.exidx*)
 .ARM.exidx     0x080045f4        0x8 d:/chain/gcc-arm-none-eabi-10.3-2021.10-win32/gcc-arm-none-eabi-10.3-2021.10/bin/../lib/gcc/arm-none-eabi/10.3.1/thumb/v7e-m+fp/hard\libgcc.a(_udivmoddi4.o)
                0x080045fc                __exidx_end = .

.rel.dyn        0x080045fc        0x0
 .rel.iplt      0x080045fc        0x0 d:/chain/gcc-arm-none-eabi-10.3-2021.10-win32/gcc-arm-none-eabi-10.3-2021.10/bin/../lib/gcc/arm-none-eabi/10.3.1/thumb/v7e-m+fp/hard/crtbegin.o

.preinit_array  0x080045fc        0x0
                0x080045fc                PROVIDE (__preinit_array_start = .)
 *(.preinit_array*)
                0x080045fc                PROVIDE (__preinit_array_end = .)

.init_array     0x080045fc        0x4
                0x080045fc                PROVIDE (__init_array_start = .)
 *(SORT_BY_NAME(.init_array.*))
 *(.init_array*)
 .init_array    0x080045fc        0x4 d:/chain/gcc-arm-none-eabi-10.3-2021.10-win32/gcc-arm-none-eabi-10.3-2021.10/bin/../lib/gcc/arm-none-eabi/10.3.1/thumb/v7e-m+fp/hard/crtbegin.o
                0x08004600                PROVIDE (__init_array_end = .)

.fini_array     0x08004600        0x4
                [!provide]                PROVIDE (__fini_array_start = .)
 *(SORT_BY_NAME(.fini_array.*))
 *(.fini_array*)
 .fini_array    0x08004600        0x4 d:/chain/gcc-arm-none-eabi-10.3-2021.10-win32/gcc-arm-none-eabi-10.3-2021.10/bin/../lib/gcc/arm-none-eabi/10.3.1/thumb/v7e-m+fp/hard/crtbegin.o
                [!provide]                PROVIDE (__fini_array_end = .)
                0x08004604                _sidata = LOADADDR (.data)

.data           0x20000000       0x10 load address 0x08004604
                0x20000000                . = ALIGN (0x4)
                0x20000000                _sdata = .
 *(.data)
 *(.data*)
 .data.uwTickFreq
                0x20000000        0x1 build/stm32f4xx_hal.o
                0x20000000                uwTickFreq
 *fill*         0x20000001        0x3 
 .data.uwTickPrio
                0x20000004        0x4 build/stm32f4xx_hal.o
                0x20000004                uwTickPrio
 .data.SystemCoreClock
                0x20000008        0x4 build/system_stm32f4xx.o
                0x20000008                SystemCoreClock
 .data.uxCriticalNesting
                0x2000000c        0x4 build/port.o
                0x20000010                . = ALIGN (0x4)
                0x20000010                _edata = .
                0x08004614                _siccmram = LOADADDR (.ccmram)

.igot.plt       0x20000010        0x0 load address 0x08004614
 .igot.plt      0x20000010        0x0 d:/chain/gcc-arm-none-eabi-10.3-2021.10-win32/gcc-arm-none-eabi-10.3-2021.10/bin/../lib/gcc/arm-none-eabi/10.3.1/thumb/v7e-m+fp/hard/crtbegin.o

.ccmram         0x10000000        0x0 load address 0x08004614
                0x10000000                . = ALIGN (0x4)
                0x10000000                _sccmram = .
 *(.ccmram)
 *(.ccmram*)
                0x10000000                . = ALIGN (0x4)
                0x10000000                _eccmram = .
                0x10000000                . = ALIGN (0x4)

.bss            0x20000010     0x4af8
                0x20000010                _sbss = .
                0x20000010                __bss_start__ = _sbss
 *(.bss)
 .bss           0x20000010       0x1c d:/chain/gcc-arm-none-eabi-10.3-2021.10-win32/gcc-arm-none-eabi-10.3-2021.10/bin/../lib/gcc/arm-none-eabi/10.3.1/thumb/v7e-m+fp/hard/crtbegin.o
 *(.bss*)
 .bss.Btn1_QueueHandle
                0x2000002c        0x4 build/freertos.o
                0x2000002c                Btn1_QueueHandle
 .bss.Btn2_QueueHandle
                0x20000030        0x4 build/freertos.o
                0x20000030                Btn2_QueueHandle
 .bss.Btn_TaskHandle
                0x20000034        0x4 build/freertos.o
                0x20000034                Btn_TaskHandle
 .bss.LED_TaskHandle
                0x20000038        0x4 build/freertos.o
                0x20000038                LED_TaskHandle
 .bss.Motor_TaskHandle
                0x2000003c        0x4 build/freertos.o
                0x2000003c                Motor_TaskHandle
 .bss.btn1_counter
                0x20000040        0x2 build/freertos.o
                0x20000040                btn1_counter
 *fill*         0x20000042        0x2 
 .bss.cmd.42    0x20000044       0x10 build/Emm_V5.o
 .bss.cmd.43    0x20000054       0x10 build/Emm_V5.o
 .bss.htim4     0x20000064       0x48 build/stm32f4xx_hal_timebase_tim.o
                0x20000064                htim4
 .bss.uwTick    0x200000ac        0x4 build/stm32f4xx_hal.o
                0x200000ac                uwTick
 .bss.xQueueRegistry
                0x200000b0       0x40 build/queue.o
                0x200000b0                xQueueRegistry
 .bss.pxCurrentTCB
                0x200000f0        0x4 build/tasks.o
                0x200000f0                pxCurrentTCB
 .bss.pxDelayedTaskList
                0x200000f4        0x4 build/tasks.o
 .bss.pxOverflowDelayedTaskList
                0x200000f8        0x4 build/tasks.o
 .bss.pxReadyTasksLists
                0x200000fc      0x460 build/tasks.o
 .bss.uxCurrentNumberOfTasks
                0x2000055c        0x4 build/tasks.o
 .bss.uxDeletedTasksWaitingCleanUp
                0x20000560        0x4 build/tasks.o
 .bss.uxSchedulerSuspended
                0x20000564        0x4 build/tasks.o
 .bss.uxTaskNumber
                0x20000568        0x4 build/tasks.o
 .bss.uxTopReadyPriority
                0x2000056c        0x4 build/tasks.o
 .bss.xDelayedTaskList1
                0x20000570       0x14 build/tasks.o
 .bss.xDelayedTaskList2
                0x20000584       0x14 build/tasks.o
 .bss.xIdleTaskHandle
                0x20000598        0x4 build/tasks.o
 .bss.xNextTaskUnblockTime
                0x2000059c        0x4 build/tasks.o
 .bss.xNumOfOverflows
                0x200005a0        0x4 build/tasks.o
 .bss.xPendedTicks
                0x200005a4        0x4 build/tasks.o
 .bss.xPendingReadyList
                0x200005a8       0x14 build/tasks.o
 .bss.xSchedulerRunning
                0x200005bc        0x4 build/tasks.o
 .bss.xSuspendedTaskList
                0x200005c0       0x14 build/tasks.o
 .bss.xTasksWaitingTermination
                0x200005d4       0x14 build/tasks.o
 .bss.xTickCount
                0x200005e8        0x4 build/tasks.o
 .bss.xYieldPending
                0x200005ec        0x4 build/tasks.o
 .bss.pxCurrentTimerList
                0x200005f0        0x4 build/timers.o
 .bss.pxOverflowTimerList
                0x200005f4        0x4 build/timers.o
 .bss.ucStaticTimerQueueStorage.1
                0x200005f8       0xa0 build/timers.o
 .bss.xActiveTimerList1
                0x20000698       0x14 build/timers.o
 .bss.xActiveTimerList2
                0x200006ac       0x14 build/timers.o
 .bss.xLastTime.2
                0x200006c0        0x4 build/timers.o
 .bss.xStaticTimerQueue.0
                0x200006c4       0x50 build/timers.o
 .bss.xTimerQueue
                0x20000714        0x4 build/timers.o
 .bss.xTimerTaskHandle
                0x20000718        0x4 build/timers.o
 .bss.Idle_Stack.2
                0x2000071c      0x200 build/cmsis_os2.o
 .bss.Idle_TCB.3
                0x2000091c       0x5c build/cmsis_os2.o
 .bss.KernelState
                0x20000978        0x4 build/cmsis_os2.o
 .bss.Timer_Stack.0
                0x2000097c      0x400 build/cmsis_os2.o
 .bss.Timer_TCB.1
                0x20000d7c       0x5c build/cmsis_os2.o
 .bss.pxEnd     0x20000dd8        0x4 build/heap_4.o
 .bss.ucHeap    0x20000ddc     0x3c00 build/heap_4.o
 .bss.xBlockAllocatedBit
                0x200049dc        0x4 build/heap_4.o
 .bss.xFreeBytesRemaining
                0x200049e0        0x4 build/heap_4.o
 .bss.xMinimumEverFreeBytesRemaining
                0x200049e4        0x4 build/heap_4.o
 .bss.xNumberOfSuccessfulAllocations
                0x200049e8        0x4 build/heap_4.o
 .bss.xNumberOfSuccessfulFrees
                0x200049ec        0x4 build/heap_4.o
 .bss.xStart    0x200049f0        0x8 build/heap_4.o
 .bss.ucMaxSysCallPriority
                0x200049f8        0x1 build/port.o
 *fill*         0x200049f9        0x3 
 .bss.ulMaxPRIGROUPValue
                0x200049fc        0x4 build/port.o
 .bss.hdma_usart6_rx
                0x20004a00       0x60 build/usart.o
                0x20004a00                hdma_usart6_rx
 .bss.hdma_usart6_tx
                0x20004a60       0x60 build/usart.o
                0x20004a60                hdma_usart6_tx
 .bss.huart6    0x20004ac0       0x48 build/usart.o
                0x20004ac0                huart6
 *(COMMON)
                0x20004b08                . = ALIGN (0x4)
                0x20004b08                _ebss = .
                0x20004b08                __bss_end__ = _ebss

._user_heap_stack
                0x20004b08      0x600
                0x20004b08                . = ALIGN (0x8)
                [!provide]                PROVIDE (end = .)
                0x20004b08                PROVIDE (_end = .)
                0x20004d08                . = (. + _Min_Heap_Size)
 *fill*         0x20004b08      0x200 
                0x20005108                . = (. + _Min_Stack_Size)
 *fill*         0x20004d08      0x400 
                0x20005108                . = ALIGN (0x8)

/DISCARD/
 libc.a(*)
 libm.a(*)
 libgcc.a(*)

.ARM.attributes
                0x00000000       0x30
 *(.ARM.attributes)
 .ARM.attributes
                0x00000000       0x1e d:/chain/gcc-arm-none-eabi-10.3-2021.10-win32/gcc-arm-none-eabi-10.3-2021.10/bin/../lib/gcc/arm-none-eabi/10.3.1/thumb/v7e-m+fp/hard/crti.o
 .ARM.attributes
                0x0000001e       0x34 d:/chain/gcc-arm-none-eabi-10.3-2021.10-win32/gcc-arm-none-eabi-10.3-2021.10/bin/../lib/gcc/arm-none-eabi/10.3.1/thumb/v7e-m+fp/hard/crtbegin.o
 .ARM.attributes
                0x00000052       0x34 build/main.o
 .ARM.attributes
                0x00000086       0x34 build/gpio.o
 .ARM.attributes
                0x000000ba       0x34 build/freertos.o
 .ARM.attributes
                0x000000ee       0x34 build/Emm_V5.o
 .ARM.attributes
                0x00000122       0x34 build/stm32f4xx_it.o
 .ARM.attributes
                0x00000156       0x34 build/stm32f4xx_hal_msp.o
 .ARM.attributes
                0x0000018a       0x34 build/stm32f4xx_hal_timebase_tim.o
 .ARM.attributes
                0x000001be       0x34 build/stm32f4xx_hal_rcc.o
 .ARM.attributes
                0x000001f2       0x34 build/stm32f4xx_hal_gpio.o
 .ARM.attributes
                0x00000226       0x34 build/stm32f4xx_hal_dma.o
 .ARM.attributes
                0x0000025a       0x34 build/stm32f4xx_hal_pwr_ex.o
 .ARM.attributes
                0x0000028e       0x34 build/stm32f4xx_hal_cortex.o
 .ARM.attributes
                0x000002c2       0x34 build/stm32f4xx_hal.o
 .ARM.attributes
                0x000002f6       0x34 build/stm32f4xx_hal_tim.o
 .ARM.attributes
                0x0000032a       0x34 build/stm32f4xx_hal_tim_ex.o
 .ARM.attributes
                0x0000035e       0x34 build/system_stm32f4xx.o
 .ARM.attributes
                0x00000392       0x34 build/list.o
 .ARM.attributes
                0x000003c6       0x34 build/queue.o
 .ARM.attributes
                0x000003fa       0x34 build/tasks.o
 .ARM.attributes
                0x0000042e       0x34 build/timers.o
 .ARM.attributes
                0x00000462       0x34 build/cmsis_os2.o
 .ARM.attributes
                0x00000496       0x34 build/heap_4.o
 .ARM.attributes
                0x000004ca       0x34 build/port.o
 .ARM.attributes
                0x000004fe       0x34 build/dma.o
 .ARM.attributes
                0x00000532       0x34 build/usart.o
 .ARM.attributes
                0x00000566       0x34 build/stm32f4xx_hal_uart.o
 .ARM.attributes
                0x0000059a       0x21 build/startup_stm32f427xx.o
 .ARM.attributes
                0x000005bb       0x34 d:/chain/gcc-arm-none-eabi-10.3-2021.10-win32/gcc-arm-none-eabi-10.3-2021.10/bin/../lib/gcc/arm-none-eabi/10.3.1/../../../../arm-none-eabi/lib/thumb/v7e-m+fp/hard\libc_nano.a(lib_a-init.o)
 .ARM.attributes
                0x000005ef       0x34 d:/chain/gcc-arm-none-eabi-10.3-2021.10-win32/gcc-arm-none-eabi-10.3-2021.10/bin/../lib/gcc/arm-none-eabi/10.3.1/../../../../arm-none-eabi/lib/thumb/v7e-m+fp/hard\libc_nano.a(lib_a-memcpy-stub.o)
 .ARM.attributes
                0x00000623       0x34 d:/chain/gcc-arm-none-eabi-10.3-2021.10-win32/gcc-arm-none-eabi-10.3-2021.10/bin/../lib/gcc/arm-none-eabi/10.3.1/../../../../arm-none-eabi/lib/thumb/v7e-m+fp/hard\libc_nano.a(lib_a-memset.o)
 .ARM.attributes
                0x00000657       0x1e d:/chain/gcc-arm-none-eabi-10.3-2021.10-win32/gcc-arm-none-eabi-10.3-2021.10/bin/../lib/gcc/arm-none-eabi/10.3.1/thumb/v7e-m+fp/hard\libgcc.a(_aeabi_uldivmod.o)
 .ARM.attributes
                0x00000675       0x34 d:/chain/gcc-arm-none-eabi-10.3-2021.10-win32/gcc-arm-none-eabi-10.3-2021.10/bin/../lib/gcc/arm-none-eabi/10.3.1/thumb/v7e-m+fp/hard\libgcc.a(_udivmoddi4.o)
 .ARM.attributes
                0x000006a9       0x1e d:/chain/gcc-arm-none-eabi-10.3-2021.10-win32/gcc-arm-none-eabi-10.3-2021.10/bin/../lib/gcc/arm-none-eabi/10.3.1/thumb/v7e-m+fp/hard\libgcc.a(_dvmd_tls.o)
 .ARM.attributes
                0x000006c7       0x1e d:/chain/gcc-arm-none-eabi-10.3-2021.10-win32/gcc-arm-none-eabi-10.3-2021.10/bin/../lib/gcc/arm-none-eabi/10.3.1/thumb/v7e-m+fp/hard/crtn.o
OUTPUT(build/test_freertos.elf elf32-littlearm)
LOAD linker stubs
LOAD d:/chain/gcc-arm-none-eabi-10.3-2021.10-win32/gcc-arm-none-eabi-10.3-2021.10/bin/../lib/gcc/arm-none-eabi/10.3.1/../../../../arm-none-eabi/lib/thumb/v7e-m+fp/hard\libc.a
LOAD d:/chain/gcc-arm-none-eabi-10.3-2021.10-win32/gcc-arm-none-eabi-10.3-2021.10/bin/../lib/gcc/arm-none-eabi/10.3.1/../../../../arm-none-eabi/lib/thumb/v7e-m+fp/hard\libm.a
LOAD d:/chain/gcc-arm-none-eabi-10.3-2021.10-win32/gcc-arm-none-eabi-10.3-2021.10/bin/../lib/gcc/arm-none-eabi/10.3.1/thumb/v7e-m+fp/hard\libgcc.a

.debug_info     0x00000000    0x23ad7
 .debug_info    0x00000000      0xe68 build/main.o
 .debug_info    0x00000e68      0x555 build/gpio.o
 .debug_info    0x000013bd      0x8d4 build/freertos.o
 .debug_info    0x00001c91     0x2957 build/Emm_V5.o
 .debug_info    0x000045e8      0xb28 build/stm32f4xx_it.o
 .debug_info    0x00005110      0x58d build/stm32f4xx_hal_msp.o
 .debug_info    0x0000569d      0xdd9 build/stm32f4xx_hal_timebase_tim.o
 .debug_info    0x00006476      0xc1e build/stm32f4xx_hal_rcc.o
 .debug_info    0x00007094      0x86a build/stm32f4xx_hal_gpio.o
 .debug_info    0x000078fe      0xbd1 build/stm32f4xx_hal_dma.o
 .debug_info    0x000084cf      0x85e build/stm32f4xx_hal_pwr_ex.o
 .debug_info    0x00008d2d     0x11f0 build/stm32f4xx_hal_cortex.o
 .debug_info    0x00009f1d      0xb49 build/stm32f4xx_hal.o
 .debug_info    0x0000aa66     0x40cc build/stm32f4xx_hal_tim.o
 .debug_info    0x0000eb32     0x1c8f build/stm32f4xx_hal_tim_ex.o
 .debug_info    0x000107c1      0x5d5 build/system_stm32f4xx.o
 .debug_info    0x00010d96      0x30f build/list.o
 .debug_info    0x000110a5     0x2968 build/queue.o
 .debug_info    0x00013a0d     0x333f build/tasks.o
 .debug_info    0x00016d4c     0x1bd3 build/timers.o
 .debug_info    0x0001891f     0x4e49 build/cmsis_os2.o
 .debug_info    0x0001d768      0x61a build/heap_4.o
 .debug_info    0x0001dd82      0x5c8 build/port.o
 .debug_info    0x0001e34a      0x5c7 build/dma.o
 .debug_info    0x0001e911      0xe5e build/usart.o
 .debug_info    0x0001f76f     0x4346 build/stm32f4xx_hal_uart.o
 .debug_info    0x00023ab5       0x22 build/startup_stm32f427xx.o

.debug_abbrev   0x00000000     0x3e1a
 .debug_abbrev  0x00000000      0x23b build/main.o
 .debug_abbrev  0x0000023b      0x151 build/gpio.o
 .debug_abbrev  0x0000038c      0x199 build/freertos.o
 .debug_abbrev  0x00000525      0x244 build/Emm_V5.o
 .debug_abbrev  0x00000769      0x183 build/stm32f4xx_it.o
 .debug_abbrev  0x000008ec      0x11c build/stm32f4xx_hal_msp.o
 .debug_abbrev  0x00000a08      0x202 build/stm32f4xx_hal_timebase_tim.o
 .debug_abbrev  0x00000c0a      0x2aa build/stm32f4xx_hal_rcc.o
 .debug_abbrev  0x00000eb4      0x22b build/stm32f4xx_hal_gpio.o
 .debug_abbrev  0x000010df      0x2ff build/stm32f4xx_hal_dma.o
 .debug_abbrev  0x000013de      0x1c3 build/stm32f4xx_hal_pwr_ex.o
 .debug_abbrev  0x000015a1      0x379 build/stm32f4xx_hal_cortex.o
 .debug_abbrev  0x0000191a      0x209 build/stm32f4xx_hal.o
 .debug_abbrev  0x00001b23      0x289 build/stm32f4xx_hal_tim.o
 .debug_abbrev  0x00001dac      0x29f build/stm32f4xx_hal_tim_ex.o
 .debug_abbrev  0x0000204b      0x11b build/system_stm32f4xx.o
 .debug_abbrev  0x00002166      0x124 build/list.o
 .debug_abbrev  0x0000228a      0x3c4 build/queue.o
 .debug_abbrev  0x0000264e      0x387 build/tasks.o
 .debug_abbrev  0x000029d5      0x366 build/timers.o
 .debug_abbrev  0x00002d3b      0x56a build/cmsis_os2.o
 .debug_abbrev  0x000032a5      0x269 build/heap_4.o
 .debug_abbrev  0x0000350e      0x28a build/port.o
 .debug_abbrev  0x00003798      0x129 build/dma.o
 .debug_abbrev  0x000038c1      0x1fa build/usart.o
 .debug_abbrev  0x00003abb      0x34d build/stm32f4xx_hal_uart.o
 .debug_abbrev  0x00003e08       0x12 build/startup_stm32f427xx.o

.debug_loc      0x00000000    0x1f4b1
 .debug_loc     0x00000000       0xc8 build/main.o
 .debug_loc     0x000000c8       0x39 build/gpio.o
 .debug_loc     0x00000101       0xfb build/freertos.o
 .debug_loc     0x000001fc     0x3637 build/Emm_V5.o
 .debug_loc     0x00003833       0x80 build/stm32f4xx_it.o
 .debug_loc     0x000038b3       0x38 build/stm32f4xx_hal_msp.o
 .debug_loc     0x000038eb      0x136 build/stm32f4xx_hal_timebase_tim.o
 .debug_loc     0x00003a21      0x6e4 build/stm32f4xx_hal_rcc.o
 .debug_loc     0x00004105      0x5e8 build/stm32f4xx_hal_gpio.o
 .debug_loc     0x000046ed      0xd6d build/stm32f4xx_hal_dma.o
 .debug_loc     0x0000545a      0x378 build/stm32f4xx_hal_pwr_ex.o
 .debug_loc     0x000057d2      0x7a4 build/stm32f4xx_hal_cortex.o
 .debug_loc     0x00005f76      0x1e1 build/stm32f4xx_hal.o
 .debug_loc     0x00006157     0x5bd3 build/stm32f4xx_hal_tim.o
 .debug_loc     0x0000bd2a     0x212a build/stm32f4xx_hal_tim_ex.o
 .debug_loc     0x0000de54       0xbe build/system_stm32f4xx.o
 .debug_loc     0x0000df12       0xe5 build/list.o
 .debug_loc     0x0000dff7     0x1fe4 build/queue.o
 .debug_loc     0x0000ffdb     0x2c72 build/tasks.o
 .debug_loc     0x00012c4d     0x1586 build/timers.o
 .debug_loc     0x000141d3     0x5dbc build/cmsis_os2.o
 .debug_loc     0x00019f8f      0x4e4 build/heap_4.o
 .debug_loc     0x0001a473      0x1c0 build/port.o
 .debug_loc     0x0001a633       0x38 build/dma.o
 .debug_loc     0x0001a66b       0xf5 build/usart.o
 .debug_loc     0x0001a760     0x4d51 build/stm32f4xx_hal_uart.o

.debug_aranges  0x00000000     0x16f8
 .debug_aranges
                0x00000000       0x38 build/main.o
 .debug_aranges
                0x00000038       0x20 build/gpio.o
 .debug_aranges
                0x00000058       0x38 build/freertos.o
 .debug_aranges
                0x00000090      0x238 build/Emm_V5.o
 .debug_aranges
                0x000002c8       0x68 build/stm32f4xx_it.o
 .debug_aranges
                0x00000330       0x20 build/stm32f4xx_hal_msp.o
 .debug_aranges
                0x00000350       0x30 build/stm32f4xx_hal_timebase_tim.o
 .debug_aranges
                0x00000380       0x88 build/stm32f4xx_hal_rcc.o
 .debug_aranges
                0x00000408       0x58 build/stm32f4xx_hal_gpio.o
 .debug_aranges
                0x00000460       0x90 build/stm32f4xx_hal_dma.o
 .debug_aranges
                0x000004f0       0x60 build/stm32f4xx_hal_pwr_ex.o
 .debug_aranges
                0x00000550       0xc0 build/stm32f4xx_hal_cortex.o
 .debug_aranges
                0x00000610      0x100 build/stm32f4xx_hal.o
 .debug_aranges
                0x00000710      0x3d0 build/stm32f4xx_hal_tim.o
 .debug_aranges
                0x00000ae0      0x168 build/stm32f4xx_hal_tim_ex.o
 .debug_aranges
                0x00000c48       0x28 build/system_stm32f4xx.o
 .debug_aranges
                0x00000c70       0x40 build/list.o
 .debug_aranges
                0x00000cb0      0x158 build/queue.o
 .debug_aranges
                0x00000e08      0x208 build/tasks.o
 .debug_aranges
                0x00001010       0xf0 build/timers.o
 .debug_aranges
                0x00001100      0x2a0 build/cmsis_os2.o
 .debug_aranges
                0x000013a0       0x58 build/heap_4.o
 .debug_aranges
                0x000013f8       0x80 build/port.o
 .debug_aranges
                0x00001478       0x20 build/dma.o
 .debug_aranges
                0x00001498       0x30 build/usart.o
 .debug_aranges
                0x000014c8      0x208 build/stm32f4xx_hal_uart.o
 .debug_aranges
                0x000016d0       0x28 build/startup_stm32f427xx.o

.debug_ranges   0x00000000     0x1808
 .debug_ranges  0x00000000       0x28 build/main.o
 .debug_ranges  0x00000028       0x10 build/gpio.o
 .debug_ranges  0x00000038       0x28 build/freertos.o
 .debug_ranges  0x00000060      0x228 build/Emm_V5.o
 .debug_ranges  0x00000288       0x58 build/stm32f4xx_it.o
 .debug_ranges  0x000002e0       0x10 build/stm32f4xx_hal_msp.o
 .debug_ranges  0x000002f0       0x20 build/stm32f4xx_hal_timebase_tim.o
 .debug_ranges  0x00000310       0x90 build/stm32f4xx_hal_rcc.o
 .debug_ranges  0x000003a0       0x48 build/stm32f4xx_hal_gpio.o
 .debug_ranges  0x000003e8       0x80 build/stm32f4xx_hal_dma.o
 .debug_ranges  0x00000468       0x50 build/stm32f4xx_hal_pwr_ex.o
 .debug_ranges  0x000004b8      0x110 build/stm32f4xx_hal_cortex.o
 .debug_ranges  0x000005c8       0xf0 build/stm32f4xx_hal.o
 .debug_ranges  0x000006b8      0x3c0 build/stm32f4xx_hal_tim.o
 .debug_ranges  0x00000a78      0x158 build/stm32f4xx_hal_tim_ex.o
 .debug_ranges  0x00000bd0       0x18 build/system_stm32f4xx.o
 .debug_ranges  0x00000be8       0x30 build/list.o
 .debug_ranges  0x00000c18      0x218 build/queue.o
 .debug_ranges  0x00000e30      0x338 build/tasks.o
 .debug_ranges  0x00001168       0xe0 build/timers.o
 .debug_ranges  0x00001248      0x2a8 build/cmsis_os2.o
 .debug_ranges  0x000014f0       0x48 build/heap_4.o
 .debug_ranges  0x00001538       0x88 build/port.o
 .debug_ranges  0x000015c0       0x10 build/dma.o
 .debug_ranges  0x000015d0       0x20 build/usart.o
 .debug_ranges  0x000015f0      0x1f8 build/stm32f4xx_hal_uart.o
 .debug_ranges  0x000017e8       0x20 build/startup_stm32f427xx.o

.debug_line     0x00000000    0x1b960
 .debug_line    0x00000000      0x434 build/main.o
 .debug_line    0x00000434      0x22b build/gpio.o
 .debug_line    0x0000065f      0x304 build/freertos.o
 .debug_line    0x00000963     0x2649 build/Emm_V5.o
 .debug_line    0x00002fac      0x316 build/stm32f4xx_it.o
 .debug_line    0x000032c2      0x1cb build/stm32f4xx_hal_msp.o
 .debug_line    0x0000348d      0x31f build/stm32f4xx_hal_timebase_tim.o
 .debug_line    0x000037ac      0xb7c build/stm32f4xx_hal_rcc.o
 .debug_line    0x00004328      0x72a build/stm32f4xx_hal_gpio.o
 .debug_line    0x00004a52      0xe59 build/stm32f4xx_hal_dma.o
 .debug_line    0x000058ab      0x4e6 build/stm32f4xx_hal_pwr_ex.o
 .debug_line    0x00005d91      0x7e0 build/stm32f4xx_hal_cortex.o
 .debug_line    0x00006571      0x5d1 build/stm32f4xx_hal.o
 .debug_line    0x00006b42     0x4afe build/stm32f4xx_hal_tim.o
 .debug_line    0x0000b640     0x1ce4 build/stm32f4xx_hal_tim_ex.o
 .debug_line    0x0000d324      0x284 build/system_stm32f4xx.o
 .debug_line    0x0000d5a8      0x38d build/list.o
 .debug_line    0x0000d935     0x2098 build/queue.o
 .debug_line    0x0000f9cd     0x2e02 build/tasks.o
 .debug_line    0x000127cf      0xf6e build/timers.o
 .debug_line    0x0001373d     0x2a29 build/cmsis_os2.o
 .debug_line    0x00016166      0x780 build/heap_4.o
 .debug_line    0x000168e6      0x73e build/port.o
 .debug_line    0x00017024      0x1b9 build/dma.o
 .debug_line    0x000171dd      0x3df build/usart.o
 .debug_line    0x000175bc     0x432e build/stm32f4xx_hal_uart.o
 .debug_line    0x0001b8ea       0x76 build/startup_stm32f427xx.o

.debug_str      0x00000000     0x79fd
 .debug_str     0x00000000      0x9cc build/main.o
                                0xa9d (size before relaxing)
 .debug_str     0x000009cc       0x82 build/gpio.o
                                0x369 (size before relaxing)
 .debug_str     0x00000a4e      0x64b build/freertos.o
                                0x84f (size before relaxing)
 .debug_str     0x00001099      0x9d5 build/Emm_V5.o
                                0xe1c (size before relaxing)
 .debug_str     0x00001a6e      0x12d build/stm32f4xx_it.o
                                0x9f1 (size before relaxing)
 .debug_str     0x00001b9b      0x579 build/stm32f4xx_hal_msp.o
                                0x808 (size before relaxing)
 .debug_str     0x00002114      0x123 build/stm32f4xx_hal_timebase_tim.o
                                0xeac (size before relaxing)
 .debug_str     0x00002237      0x1f0 build/stm32f4xx_hal_rcc.o
                                0x703 (size before relaxing)
 .debug_str     0x00002427      0x111 build/stm32f4xx_hal_gpio.o
                                0x4dd (size before relaxing)
 .debug_str     0x00002538      0x2f8 build/stm32f4xx_hal_dma.o
                                0x760 (size before relaxing)
 .debug_str     0x00002830      0x18f build/stm32f4xx_hal_pwr_ex.o
                                0x4c8 (size before relaxing)
 .debug_str     0x000029bf      0x4c0 build/stm32f4xx_hal_cortex.o
                                0xcac (size before relaxing)
 .debug_str     0x00002e7f      0x2a4 build/stm32f4xx_hal.o
                                0xbdf (size before relaxing)
 .debug_str     0x00003123      0xeb4 build/stm32f4xx_hal_tim.o
                               0x16b3 (size before relaxing)
 .debug_str     0x00003fd7      0x591 build/stm32f4xx_hal_tim_ex.o
                                0xea4 (size before relaxing)
 .debug_str     0x00004568       0x47 build/system_stm32f4xx.o
                                0x372 (size before relaxing)
 .debug_str     0x000045af      0x14d build/list.o
                                0x2ec (size before relaxing)
 .debug_str     0x000046fc      0xa2a build/queue.o
                                0xd02 (size before relaxing)
 .debug_str     0x00005126      0xc95 build/tasks.o
                               0x12d1 (size before relaxing)
 .debug_str     0x00005dbb      0x5d8 build/timers.o
                                0xc32 (size before relaxing)
 .debug_str     0x00006393      0xbce build/cmsis_os2.o
                               0x218c (size before relaxing)
 .debug_str     0x00006f61      0x2bf build/heap_4.o
                                0x4fa (size before relaxing)
 .debug_str     0x00007220      0x17d build/port.o
                                0x46c (size before relaxing)
 .debug_str     0x0000739d        0xf build/dma.o
                                0x80d (size before relaxing)
 .debug_str     0x000073ac       0x4e build/usart.o
                                0xdd2 (size before relaxing)
 .debug_str     0x000073fa      0x5df build/stm32f4xx_hal_uart.o
                                0xd85 (size before relaxing)
 .debug_str     0x000079d9       0x24 build/startup_stm32f427xx.o
                                 0x54 (size before relaxing)

.comment        0x00000000       0x49
 .comment       0x00000000       0x49 build/main.o
                                 0x4a (size before relaxing)
 .comment       0x00000049       0x4a build/gpio.o
 .comment       0x00000049       0x4a build/freertos.o
 .comment       0x00000049       0x4a build/Emm_V5.o
 .comment       0x00000049       0x4a build/stm32f4xx_it.o
 .comment       0x00000049       0x4a build/stm32f4xx_hal_msp.o
 .comment       0x00000049       0x4a build/stm32f4xx_hal_timebase_tim.o
 .comment       0x00000049       0x4a build/stm32f4xx_hal_rcc.o
 .comment       0x00000049       0x4a build/stm32f4xx_hal_gpio.o
 .comment       0x00000049       0x4a build/stm32f4xx_hal_dma.o
 .comment       0x00000049       0x4a build/stm32f4xx_hal_pwr_ex.o
 .comment       0x00000049       0x4a build/stm32f4xx_hal_cortex.o
 .comment       0x00000049       0x4a build/stm32f4xx_hal.o
 .comment       0x00000049       0x4a build/stm32f4xx_hal_tim.o
 .comment       0x00000049       0x4a build/stm32f4xx_hal_tim_ex.o
 .comment       0x00000049       0x4a build/system_stm32f4xx.o
 .comment       0x00000049       0x4a build/list.o
 .comment       0x00000049       0x4a build/queue.o
 .comment       0x00000049       0x4a build/tasks.o
 .comment       0x00000049       0x4a build/timers.o
 .comment       0x00000049       0x4a build/cmsis_os2.o
 .comment       0x00000049       0x4a build/heap_4.o
 .comment       0x00000049       0x4a build/port.o
 .comment       0x00000049       0x4a build/dma.o
 .comment       0x00000049       0x4a build/usart.o
 .comment       0x00000049       0x4a build/stm32f4xx_hal_uart.o

.debug_frame    0x00000000     0x412c
 .debug_frame   0x00000000       0x70 build/main.o
 .debug_frame   0x00000070       0x34 build/gpio.o
 .debug_frame   0x000000a4       0x74 build/freertos.o
 .debug_frame   0x00000118      0x6a8 build/Emm_V5.o
 .debug_frame   0x000007c0       0xd0 build/stm32f4xx_it.o
 .debug_frame   0x00000890       0x2c build/stm32f4xx_hal_msp.o
 .debug_frame   0x000008bc       0x54 build/stm32f4xx_hal_timebase_tim.o
 .debug_frame   0x00000910      0x16c build/stm32f4xx_hal_rcc.o
 .debug_frame   0x00000a7c       0xd8 build/stm32f4xx_hal_gpio.o
 .debug_frame   0x00000b54      0x188 build/stm32f4xx_hal_dma.o
 .debug_frame   0x00000cdc       0xf4 build/stm32f4xx_hal_pwr_ex.o
 .debug_frame   0x00000dd0      0x178 build/stm32f4xx_hal_cortex.o
 .debug_frame   0x00000f48      0x20c build/stm32f4xx_hal.o
 .debug_frame   0x00001154      0xb10 build/stm32f4xx_hal_tim.o
 .debug_frame   0x00001c64      0x40c build/stm32f4xx_hal_tim_ex.o
 .debug_frame   0x00002070       0x30 build/system_stm32f4xx.o
 .debug_frame   0x000020a0       0x70 build/list.o
 .debug_frame   0x00002110      0x458 build/queue.o
 .debug_frame   0x00002568      0x688 build/tasks.o
 .debug_frame   0x00002bf0      0x30c build/timers.o
 .debug_frame   0x00002efc      0x900 build/cmsis_os2.o
 .debug_frame   0x000037fc       0xd0 build/heap_4.o
 .debug_frame   0x000038cc      0x110 build/port.o
 .debug_frame   0x000039dc       0x30 build/dma.o
 .debug_frame   0x00003a0c       0x64 build/usart.o
 .debug_frame   0x00003a70      0x5e8 build/stm32f4xx_hal_uart.o
 .debug_frame   0x00004058       0x2c d:/chain/gcc-arm-none-eabi-10.3-2021.10-win32/gcc-arm-none-eabi-10.3-2021.10/bin/../lib/gcc/arm-none-eabi/10.3.1/../../../../arm-none-eabi/lib/thumb/v7e-m+fp/hard\libc_nano.a(lib_a-init.o)
 .debug_frame   0x00004084       0x28 d:/chain/gcc-arm-none-eabi-10.3-2021.10-win32/gcc-arm-none-eabi-10.3-2021.10/bin/../lib/gcc/arm-none-eabi/10.3.1/../../../../arm-none-eabi/lib/thumb/v7e-m+fp/hard\libc_nano.a(lib_a-memcpy-stub.o)
 .debug_frame   0x000040ac       0x20 d:/chain/gcc-arm-none-eabi-10.3-2021.10-win32/gcc-arm-none-eabi-10.3-2021.10/bin/../lib/gcc/arm-none-eabi/10.3.1/../../../../arm-none-eabi/lib/thumb/v7e-m+fp/hard\libc_nano.a(lib_a-memset.o)
 .debug_frame   0x000040cc       0x2c d:/chain/gcc-arm-none-eabi-10.3-2021.10-win32/gcc-arm-none-eabi-10.3-2021.10/bin/../lib/gcc/arm-none-eabi/10.3.1/thumb/v7e-m+fp/hard\libgcc.a(_aeabi_uldivmod.o)
 .debug_frame   0x000040f8       0x34 d:/chain/gcc-arm-none-eabi-10.3-2021.10-win32/gcc-arm-none-eabi-10.3-2021.10/bin/../lib/gcc/arm-none-eabi/10.3.1/thumb/v7e-m+fp/hard\libgcc.a(_udivmoddi4.o)

Cross Reference Table

Symbol                                            File
ADC_IRQHandler                                    build/startup_stm32f427xx.o
AHBPrescTable                                     build/system_stm32f4xx.o
                                                  build/stm32f4xx_hal_rcc.o
APBPrescTable                                     build/system_stm32f4xx.o
                                                  build/stm32f4xx_hal_rcc.o
Btn1_QueueHandle                                  build/freertos.o
Btn1_Queue_attributes                             build/freertos.o
Btn2_QueueHandle                                  build/freertos.o
Btn2_Queue_attributes                             build/freertos.o
Btn_TaskHandle                                    build/freertos.o
Btn_Task_attributes                               build/freertos.o
BusFault_Handler                                  build/stm32f4xx_it.o
CAN1_RX0_IRQHandler                               build/startup_stm32f427xx.o
CAN1_RX1_IRQHandler                               build/startup_stm32f427xx.o
CAN1_SCE_IRQHandler                               build/startup_stm32f427xx.o
CAN1_TX_IRQHandler                                build/startup_stm32f427xx.o
CAN2_RX0_IRQHandler                               build/startup_stm32f427xx.o
CAN2_RX1_IRQHandler                               build/startup_stm32f427xx.o
CAN2_SCE_IRQHandler                               build/startup_stm32f427xx.o
CAN2_TX_IRQHandler                                build/startup_stm32f427xx.o
DCMI_IRQHandler                                   build/startup_stm32f427xx.o
DMA1_Stream0_IRQHandler                           build/startup_stm32f427xx.o
DMA1_Stream1_IRQHandler                           build/startup_stm32f427xx.o
DMA1_Stream2_IRQHandler                           build/startup_stm32f427xx.o
DMA1_Stream3_IRQHandler                           build/startup_stm32f427xx.o
DMA1_Stream4_IRQHandler                           build/startup_stm32f427xx.o
DMA1_Stream5_IRQHandler                           build/startup_stm32f427xx.o
DMA1_Stream6_IRQHandler                           build/startup_stm32f427xx.o
DMA1_Stream7_IRQHandler                           build/startup_stm32f427xx.o
DMA2D_IRQHandler                                  build/startup_stm32f427xx.o
DMA2_Stream0_IRQHandler                           build/startup_stm32f427xx.o
DMA2_Stream1_IRQHandler                           build/stm32f4xx_it.o
DMA2_Stream2_IRQHandler                           build/startup_stm32f427xx.o
DMA2_Stream3_IRQHandler                           build/startup_stm32f427xx.o
DMA2_Stream4_IRQHandler                           build/startup_stm32f427xx.o
DMA2_Stream5_IRQHandler                           build/startup_stm32f427xx.o
DMA2_Stream6_IRQHandler                           build/stm32f4xx_it.o
DMA2_Stream7_IRQHandler                           build/startup_stm32f427xx.o
DebugMon_Handler                                  build/stm32f4xx_it.o
Default_Handler                                   build/startup_stm32f427xx.o
ETH_IRQHandler                                    build/startup_stm32f427xx.o
ETH_WKUP_IRQHandler                               build/startup_stm32f427xx.o
EXTI0_IRQHandler                                  build/startup_stm32f427xx.o
EXTI15_10_IRQHandler                              build/startup_stm32f427xx.o
EXTI1_IRQHandler                                  build/startup_stm32f427xx.o
EXTI2_IRQHandler                                  build/startup_stm32f427xx.o
EXTI3_IRQHandler                                  build/startup_stm32f427xx.o
EXTI4_IRQHandler                                  build/startup_stm32f427xx.o
EXTI9_5_IRQHandler                                build/startup_stm32f427xx.o
Emm_V5_Auto_Return_Sys_Params_Timed               build/Emm_V5.o
Emm_V5_En_Control                                 build/Emm_V5.o
                                                  build/freertos.o
Emm_V5_MMCL_Auto_Return_Sys_Params_Timed          build/Emm_V5.o
Emm_V5_MMCL_En_Control                            build/Emm_V5.o
Emm_V5_MMCL_Origin_Interrupt                      build/Emm_V5.o
Emm_V5_MMCL_Origin_Modify_Params                  build/Emm_V5.o
Emm_V5_MMCL_Origin_Set_O                          build/Emm_V5.o
Emm_V5_MMCL_Origin_Trigger_Return                 build/Emm_V5.o
Emm_V5_MMCL_Pos_Control                           build/Emm_V5.o
Emm_V5_MMCL_QPos_Control                          build/Emm_V5.o
Emm_V5_MMCL_Read_Sys_Params                       build/Emm_V5.o
Emm_V5_MMCL_Reset_Clog_Pro                        build/Emm_V5.o
Emm_V5_MMCL_Reset_CurPos_To_Zero                  build/Emm_V5.o
Emm_V5_MMCL_Reset_Motor                           build/Emm_V5.o
Emm_V5_MMCL_Restore_Motor                         build/Emm_V5.o
Emm_V5_MMCL_Set_QPos_Params                       build/Emm_V5.o
Emm_V5_MMCL_Stop_Now                              build/Emm_V5.o
Emm_V5_MMCL_Synchronous_motion                    build/Emm_V5.o
Emm_V5_MMCL_Trig_Encoder_Cal                      build/Emm_V5.o
Emm_V5_MMCL_Vel_Control                           build/Emm_V5.o
Emm_V5_Modify_Ctrl_Mode                           build/Emm_V5.o
Emm_V5_Modify_DMX512_Params                       build/Emm_V5.o
Emm_V5_Modify_FOC_mA                              build/Emm_V5.o
Emm_V5_Modify_Firmware_Type                       build/Emm_V5.o
Emm_V5_Modify_Heart_Protect                       build/Emm_V5.o
Emm_V5_Modify_Integral_Limit                      build/Emm_V5.o
Emm_V5_Modify_Lock_Btn                            build/Emm_V5.o
Emm_V5_Modify_MicroStep                           build/Emm_V5.o
Emm_V5_Modify_Motor_Dir                           build/Emm_V5.o
Emm_V5_Modify_Motor_ID                            build/Emm_V5.o
Emm_V5_Modify_Motor_Type                          build/Emm_V5.o
Emm_V5_Modify_OM_mA                               build/Emm_V5.o
Emm_V5_Modify_Otocp                               build/Emm_V5.o
Emm_V5_Modify_PDFlag                              build/Emm_V5.o
Emm_V5_Modify_PID_Params                          build/Emm_V5.o
Emm_V5_Modify_Pos_Window                          build/Emm_V5.o
Emm_V5_Modify_S_Vel                               build/Emm_V5.o
Emm_V5_Multi_Motor_Cmd                            build/Emm_V5.o
Emm_V5_Origin_Interrupt                           build/Emm_V5.o
Emm_V5_Origin_Modify_Params                       build/Emm_V5.o
Emm_V5_Origin_Read_Params                         build/Emm_V5.o
Emm_V5_Origin_Set_O                               build/Emm_V5.o
Emm_V5_Origin_Trigger_Return                      build/Emm_V5.o
Emm_V5_Pos_Control                                build/Emm_V5.o
Emm_V5_QPos_Control                               build/Emm_V5.o
Emm_V5_Read_DMX512_Params                         build/Emm_V5.o
Emm_V5_Read_Heart_Protect                         build/Emm_V5.o
Emm_V5_Read_Integral_Limit                        build/Emm_V5.o
Emm_V5_Read_Motor_Conf_Params                     build/Emm_V5.o
Emm_V5_Read_Opt_Param_Sta                         build/Emm_V5.o
Emm_V5_Read_Otocp                                 build/Emm_V5.o
Emm_V5_Read_PID_Params                            build/Emm_V5.o
Emm_V5_Read_Pos_Window                            build/Emm_V5.o
Emm_V5_Read_Sys_Params                            build/Emm_V5.o
Emm_V5_Read_System_State_Params                   build/Emm_V5.o
Emm_V5_Reset_Clog_Pro                             build/Emm_V5.o
Emm_V5_Reset_CurPos_To_Zero                       build/Emm_V5.o
Emm_V5_Reset_Motor                                build/Emm_V5.o
Emm_V5_Restore_Motor                              build/Emm_V5.o
Emm_V5_Set_QPos_Params                            build/Emm_V5.o
Emm_V5_Stop_Now                                   build/Emm_V5.o
Emm_V5_Synchronous_motion                         build/Emm_V5.o
Emm_V5_Trig_Encoder_Cal                           build/Emm_V5.o
Emm_V5_Vel_Control                                build/Emm_V5.o
                                                  build/freertos.o
Error_Handler                                     build/main.o
                                                  build/usart.o
FLASH_Erase_Sector                                build/stm32f4xx_hal_flash_ex.o
                                                  build/stm32f4xx_hal_flash.o
FLASH_FlushCaches                                 build/stm32f4xx_hal_flash_ex.o
                                                  build/stm32f4xx_hal_flash.o
FLASH_IRQHandler                                  build/startup_stm32f427xx.o
FLASH_WaitForLastOperation                        build/stm32f4xx_hal_flash.o
                                                  build/stm32f4xx_hal_flash_ex.o
FMC_IRQHandler                                    build/startup_stm32f427xx.o
FPU_IRQHandler                                    build/startup_stm32f427xx.o
HAL_CORTEX_ClearEvent                             build/stm32f4xx_hal_cortex.o
HAL_DBGMCU_DisableDBGSleepMode                    build/stm32f4xx_hal.o
HAL_DBGMCU_DisableDBGStandbyMode                  build/stm32f4xx_hal.o
HAL_DBGMCU_DisableDBGStopMode                     build/stm32f4xx_hal.o
HAL_DBGMCU_EnableDBGSleepMode                     build/stm32f4xx_hal.o
HAL_DBGMCU_EnableDBGStandbyMode                   build/stm32f4xx_hal.o
HAL_DBGMCU_EnableDBGStopMode                      build/stm32f4xx_hal.o
HAL_DMAEx_ChangeMemory                            build/stm32f4xx_hal_dma_ex.o
HAL_DMAEx_MultiBufferStart                        build/stm32f4xx_hal_dma_ex.o
HAL_DMAEx_MultiBufferStart_IT                     build/stm32f4xx_hal_dma_ex.o
HAL_DMA_Abort                                     build/stm32f4xx_hal_dma.o
                                                  build/stm32f4xx_hal_uart.o
HAL_DMA_Abort_IT                                  build/stm32f4xx_hal_dma.o
                                                  build/stm32f4xx_hal_uart.o
                                                  build/stm32f4xx_hal_tim_ex.o
                                                  build/stm32f4xx_hal_tim.o
HAL_DMA_DeInit                                    build/stm32f4xx_hal_dma.o
                                                  build/usart.o
HAL_DMA_GetError                                  build/stm32f4xx_hal_dma.o
                                                  build/stm32f4xx_hal_uart.o
HAL_DMA_GetState                                  build/stm32f4xx_hal_dma.o
HAL_DMA_IRQHandler                                build/stm32f4xx_hal_dma.o
                                                  build/stm32f4xx_it.o
HAL_DMA_Init                                      build/stm32f4xx_hal_dma.o
                                                  build/usart.o
HAL_DMA_PollForTransfer                           build/stm32f4xx_hal_dma.o
HAL_DMA_RegisterCallback                          build/stm32f4xx_hal_dma.o
HAL_DMA_Start                                     build/stm32f4xx_hal_dma.o
HAL_DMA_Start_IT                                  build/stm32f4xx_hal_dma.o
                                                  build/stm32f4xx_hal_uart.o
                                                  build/stm32f4xx_hal_tim_ex.o
                                                  build/stm32f4xx_hal_tim.o
HAL_DMA_UnRegisterCallback                        build/stm32f4xx_hal_dma.o
HAL_DeInit                                        build/stm32f4xx_hal.o
HAL_Delay                                         build/stm32f4xx_hal.o
                                                  build/main.o
HAL_DisableCompensationCell                       build/stm32f4xx_hal.o
HAL_DisableMemorySwappingBank                     build/stm32f4xx_hal.o
HAL_EXTI_ClearConfigLine                          build/stm32f4xx_hal_exti.o
HAL_EXTI_ClearPending                             build/stm32f4xx_hal_exti.o
HAL_EXTI_GenerateSWI                              build/stm32f4xx_hal_exti.o
HAL_EXTI_GetConfigLine                            build/stm32f4xx_hal_exti.o
HAL_EXTI_GetHandle                                build/stm32f4xx_hal_exti.o
HAL_EXTI_GetPending                               build/stm32f4xx_hal_exti.o
HAL_EXTI_IRQHandler                               build/stm32f4xx_hal_exti.o
HAL_EXTI_RegisterCallback                         build/stm32f4xx_hal_exti.o
HAL_EXTI_SetConfigLine                            build/stm32f4xx_hal_exti.o
HAL_EnableCompensationCell                        build/stm32f4xx_hal.o
HAL_EnableMemorySwappingBank                      build/stm32f4xx_hal.o
HAL_FLASHEx_AdvOBGetConfig                        build/stm32f4xx_hal_flash_ex.o
HAL_FLASHEx_AdvOBProgram                          build/stm32f4xx_hal_flash_ex.o
HAL_FLASHEx_Erase                                 build/stm32f4xx_hal_flash_ex.o
HAL_FLASHEx_Erase_IT                              build/stm32f4xx_hal_flash_ex.o
HAL_FLASHEx_OBGetConfig                           build/stm32f4xx_hal_flash_ex.o
HAL_FLASHEx_OBProgram                             build/stm32f4xx_hal_flash_ex.o
HAL_FLASHEx_OB_DeSelectPCROP                      build/stm32f4xx_hal_flash_ex.o
HAL_FLASHEx_OB_GetBank2WRP                        build/stm32f4xx_hal_flash_ex.o
HAL_FLASHEx_OB_SelectPCROP                        build/stm32f4xx_hal_flash_ex.o
HAL_FLASH_EndOfOperationCallback                  build/stm32f4xx_hal_flash.o
HAL_FLASH_GetError                                build/stm32f4xx_hal_flash.o
HAL_FLASH_IRQHandler                              build/stm32f4xx_hal_flash.o
HAL_FLASH_Lock                                    build/stm32f4xx_hal_flash.o
HAL_FLASH_OB_Launch                               build/stm32f4xx_hal_flash.o
HAL_FLASH_OB_Lock                                 build/stm32f4xx_hal_flash.o
HAL_FLASH_OB_Unlock                               build/stm32f4xx_hal_flash.o
HAL_FLASH_OperationErrorCallback                  build/stm32f4xx_hal_flash.o
HAL_FLASH_Program                                 build/stm32f4xx_hal_flash.o
HAL_FLASH_Program_IT                              build/stm32f4xx_hal_flash.o
HAL_FLASH_Unlock                                  build/stm32f4xx_hal_flash.o
HAL_GPIO_DeInit                                   build/stm32f4xx_hal_gpio.o
                                                  build/usart.o
HAL_GPIO_EXTI_Callback                            build/stm32f4xx_hal_gpio.o
HAL_GPIO_EXTI_IRQHandler                          build/stm32f4xx_hal_gpio.o
HAL_GPIO_Init                                     build/stm32f4xx_hal_gpio.o
                                                  build/usart.o
                                                  build/stm32f4xx_hal_rcc.o
                                                  build/gpio.o
HAL_GPIO_LockPin                                  build/stm32f4xx_hal_gpio.o
HAL_GPIO_ReadPin                                  build/stm32f4xx_hal_gpio.o
                                                  build/freertos.o
HAL_GPIO_TogglePin                                build/stm32f4xx_hal_gpio.o
                                                  build/freertos.o
                                                  build/main.o
HAL_GPIO_WritePin                                 build/stm32f4xx_hal_gpio.o
                                                  build/gpio.o
HAL_GetDEVID                                      build/stm32f4xx_hal.o
HAL_GetHalVersion                                 build/stm32f4xx_hal.o
HAL_GetREVID                                      build/stm32f4xx_hal.o
HAL_GetTick                                       build/stm32f4xx_hal.o
                                                  build/stm32f4xx_hal_uart.o
                                                  build/stm32f4xx_hal_pwr_ex.o
                                                  build/stm32f4xx_hal_dma.o
                                                  build/stm32f4xx_hal_flash.o
                                                  build/stm32f4xx_hal_rcc_ex.o
                                                  build/stm32f4xx_hal_rcc.o
HAL_GetTickFreq                                   build/stm32f4xx_hal.o
HAL_GetTickPrio                                   build/stm32f4xx_hal.o
HAL_GetUIDw0                                      build/stm32f4xx_hal.o
HAL_GetUIDw1                                      build/stm32f4xx_hal.o
HAL_GetUIDw2                                      build/stm32f4xx_hal.o
HAL_HalfDuplex_EnableReceiver                     build/stm32f4xx_hal_uart.o
HAL_HalfDuplex_EnableTransmitter                  build/stm32f4xx_hal_uart.o
HAL_HalfDuplex_Init                               build/stm32f4xx_hal_uart.o
HAL_IncTick                                       build/stm32f4xx_hal.o
                                                  build/main.o
HAL_Init                                          build/stm32f4xx_hal.o
                                                  build/main.o
HAL_InitTick                                      build/stm32f4xx_hal_timebase_tim.o
                                                  build/stm32f4xx_hal_rcc_ex.o
                                                  build/stm32f4xx_hal_rcc.o
HAL_LIN_Init                                      build/stm32f4xx_hal_uart.o
HAL_LIN_SendBreak                                 build/stm32f4xx_hal_uart.o
HAL_MPU_ConfigRegion                              build/stm32f4xx_hal_cortex.o
HAL_MPU_Disable                                   build/stm32f4xx_hal_cortex.o
HAL_MPU_DisableRegion                             build/stm32f4xx_hal_cortex.o
HAL_MPU_Enable                                    build/stm32f4xx_hal_cortex.o
HAL_MPU_EnableRegion                              build/stm32f4xx_hal_cortex.o
HAL_MspDeInit                                     build/stm32f4xx_hal.o
HAL_MspInit                                       build/stm32f4xx_hal_msp.o
HAL_MultiProcessor_EnterMuteMode                  build/stm32f4xx_hal_uart.o
HAL_MultiProcessor_ExitMuteMode                   build/stm32f4xx_hal_uart.o
HAL_MultiProcessor_Init                           build/stm32f4xx_hal_uart.o
HAL_NVIC_ClearPendingIRQ                          build/stm32f4xx_hal_cortex.o
HAL_NVIC_DisableIRQ                               build/stm32f4xx_hal_cortex.o
                                                  build/usart.o
HAL_NVIC_EnableIRQ                                build/stm32f4xx_hal_cortex.o
                                                  build/usart.o
                                                  build/dma.o
                                                  build/stm32f4xx_hal_timebase_tim.o
HAL_NVIC_GetActive                                build/stm32f4xx_hal_cortex.o
HAL_NVIC_GetPendingIRQ                            build/stm32f4xx_hal_cortex.o
HAL_NVIC_GetPriority                              build/stm32f4xx_hal_cortex.o
HAL_NVIC_GetPriorityGrouping                      build/stm32f4xx_hal_cortex.o
HAL_NVIC_SetPendingIRQ                            build/stm32f4xx_hal_cortex.o
HAL_NVIC_SetPriority                              build/stm32f4xx_hal_cortex.o
                                                  build/usart.o
                                                  build/dma.o
                                                  build/stm32f4xx_hal.o
                                                  build/stm32f4xx_hal_timebase_tim.o
                                                  build/stm32f4xx_hal_msp.o
HAL_NVIC_SetPriorityGrouping                      build/stm32f4xx_hal_cortex.o
                                                  build/stm32f4xx_hal.o
HAL_NVIC_SystemReset                              build/stm32f4xx_hal_cortex.o
HAL_PWREx_ControlVoltageScaling                   build/stm32f4xx_hal_pwr_ex.o
HAL_PWREx_DisableBkUpReg                          build/stm32f4xx_hal_pwr_ex.o
HAL_PWREx_DisableFlashPowerDown                   build/stm32f4xx_hal_pwr_ex.o
HAL_PWREx_DisableOverDrive                        build/stm32f4xx_hal_pwr_ex.o
HAL_PWREx_EnableBkUpReg                           build/stm32f4xx_hal_pwr_ex.o
HAL_PWREx_EnableFlashPowerDown                    build/stm32f4xx_hal_pwr_ex.o
HAL_PWREx_EnableOverDrive                         build/stm32f4xx_hal_pwr_ex.o
                                                  build/main.o
HAL_PWREx_EnterUnderDriveSTOPMode                 build/stm32f4xx_hal_pwr_ex.o
HAL_PWREx_GetVoltageRange                         build/stm32f4xx_hal_pwr_ex.o
HAL_PWR_ConfigPVD                                 build/stm32f4xx_hal_pwr.o
HAL_PWR_DeInit                                    build/stm32f4xx_hal_pwr.o
HAL_PWR_DisableBkUpAccess                         build/stm32f4xx_hal_pwr.o
HAL_PWR_DisablePVD                                build/stm32f4xx_hal_pwr.o
HAL_PWR_DisableSEVOnPend                          build/stm32f4xx_hal_pwr.o
HAL_PWR_DisableSleepOnExit                        build/stm32f4xx_hal_pwr.o
HAL_PWR_DisableWakeUpPin                          build/stm32f4xx_hal_pwr.o
HAL_PWR_EnableBkUpAccess                          build/stm32f4xx_hal_pwr.o
HAL_PWR_EnablePVD                                 build/stm32f4xx_hal_pwr.o
HAL_PWR_EnableSEVOnPend                           build/stm32f4xx_hal_pwr.o
HAL_PWR_EnableSleepOnExit                         build/stm32f4xx_hal_pwr.o
HAL_PWR_EnableWakeUpPin                           build/stm32f4xx_hal_pwr.o
HAL_PWR_EnterSLEEPMode                            build/stm32f4xx_hal_pwr.o
HAL_PWR_EnterSTANDBYMode                          build/stm32f4xx_hal_pwr.o
HAL_PWR_EnterSTOPMode                             build/stm32f4xx_hal_pwr.o
HAL_PWR_PVDCallback                               build/stm32f4xx_hal_pwr.o
HAL_PWR_PVD_IRQHandler                            build/stm32f4xx_hal_pwr.o
HAL_RCCEx_DisablePLLI2S                           build/stm32f4xx_hal_rcc_ex.o
HAL_RCCEx_DisablePLLSAI                           build/stm32f4xx_hal_rcc_ex.o
HAL_RCCEx_EnablePLLI2S                            build/stm32f4xx_hal_rcc_ex.o
HAL_RCCEx_EnablePLLSAI                            build/stm32f4xx_hal_rcc_ex.o
HAL_RCCEx_GetPeriphCLKConfig                      build/stm32f4xx_hal_rcc_ex.o
HAL_RCCEx_GetPeriphCLKFreq                        build/stm32f4xx_hal_rcc_ex.o
HAL_RCCEx_PeriphCLKConfig                         build/stm32f4xx_hal_rcc_ex.o
HAL_RCC_CSSCallback                               build/stm32f4xx_hal_rcc.o
HAL_RCC_ClockConfig                               build/stm32f4xx_hal_rcc.o
                                                  build/main.o
HAL_RCC_DeInit                                    build/stm32f4xx_hal_rcc_ex.o
                                                  build/stm32f4xx_hal_rcc.o
HAL_RCC_DisableCSS                                build/stm32f4xx_hal_rcc.o
HAL_RCC_EnableCSS                                 build/stm32f4xx_hal_rcc.o
HAL_RCC_GetClockConfig                            build/stm32f4xx_hal_rcc.o
                                                  build/stm32f4xx_hal_timebase_tim.o
HAL_RCC_GetHCLKFreq                               build/stm32f4xx_hal_rcc.o
HAL_RCC_GetOscConfig                              build/stm32f4xx_hal_rcc.o
HAL_RCC_GetPCLK1Freq                              build/stm32f4xx_hal_rcc.o
                                                  build/stm32f4xx_hal_uart.o
                                                  build/stm32f4xx_hal_timebase_tim.o
HAL_RCC_GetPCLK2Freq                              build/stm32f4xx_hal_rcc.o
                                                  build/stm32f4xx_hal_uart.o
HAL_RCC_GetSysClockFreq                           build/stm32f4xx_hal_rcc.o
HAL_RCC_MCOConfig                                 build/stm32f4xx_hal_rcc.o
HAL_RCC_NMI_IRQHandler                            build/stm32f4xx_hal_rcc.o
HAL_RCC_OscConfig                                 build/stm32f4xx_hal_rcc.o
                                                  build/main.o
HAL_ResumeTick                                    build/stm32f4xx_hal_timebase_tim.o
HAL_SYSTICK_CLKSourceConfig                       build/stm32f4xx_hal_cortex.o
HAL_SYSTICK_Callback                              build/stm32f4xx_hal_cortex.o
HAL_SYSTICK_Config                                build/stm32f4xx_hal_cortex.o
                                                  build/stm32f4xx_hal.o
HAL_SYSTICK_IRQHandler                            build/stm32f4xx_hal_cortex.o
HAL_SetTickFreq                                   build/stm32f4xx_hal.o
HAL_SuspendTick                                   build/stm32f4xx_hal_timebase_tim.o
HAL_TIMEx_BreakCallback                           build/stm32f4xx_hal_tim_ex.o
                                                  build/stm32f4xx_hal_tim.o
HAL_TIMEx_CommutCallback                          build/stm32f4xx_hal_tim_ex.o
                                                  build/stm32f4xx_hal_tim.o
HAL_TIMEx_CommutHalfCpltCallback                  build/stm32f4xx_hal_tim_ex.o
HAL_TIMEx_ConfigBreakDeadTime                     build/stm32f4xx_hal_tim_ex.o
HAL_TIMEx_ConfigCommutEvent                       build/stm32f4xx_hal_tim_ex.o
HAL_TIMEx_ConfigCommutEvent_DMA                   build/stm32f4xx_hal_tim_ex.o
HAL_TIMEx_ConfigCommutEvent_IT                    build/stm32f4xx_hal_tim_ex.o
HAL_TIMEx_GetChannelNState                        build/stm32f4xx_hal_tim_ex.o
HAL_TIMEx_HallSensor_DeInit                       build/stm32f4xx_hal_tim_ex.o
HAL_TIMEx_HallSensor_GetState                     build/stm32f4xx_hal_tim_ex.o
HAL_TIMEx_HallSensor_Init                         build/stm32f4xx_hal_tim_ex.o
HAL_TIMEx_HallSensor_MspDeInit                    build/stm32f4xx_hal_tim_ex.o
HAL_TIMEx_HallSensor_MspInit                      build/stm32f4xx_hal_tim_ex.o
HAL_TIMEx_HallSensor_Start                        build/stm32f4xx_hal_tim_ex.o
HAL_TIMEx_HallSensor_Start_DMA                    build/stm32f4xx_hal_tim_ex.o
HAL_TIMEx_HallSensor_Start_IT                     build/stm32f4xx_hal_tim_ex.o
HAL_TIMEx_HallSensor_Stop                         build/stm32f4xx_hal_tim_ex.o
HAL_TIMEx_HallSensor_Stop_DMA                     build/stm32f4xx_hal_tim_ex.o
HAL_TIMEx_HallSensor_Stop_IT                      build/stm32f4xx_hal_tim_ex.o
HAL_TIMEx_MasterConfigSynchronization             build/stm32f4xx_hal_tim_ex.o
HAL_TIMEx_OCN_Start                               build/stm32f4xx_hal_tim_ex.o
HAL_TIMEx_OCN_Start_DMA                           build/stm32f4xx_hal_tim_ex.o
HAL_TIMEx_OCN_Start_IT                            build/stm32f4xx_hal_tim_ex.o
HAL_TIMEx_OCN_Stop                                build/stm32f4xx_hal_tim_ex.o