Archive member included to satisfy reference by file (symbol)

d:/chain/gcc-arm-none-eabi-10.3-2021.10-win32/gcc-arm-none-eabi-10.3-2021.10/bin/../lib/gcc/arm-none-eabi/10.3.1/../../../../arm-none-eabi/lib/thumb/v7e-m+fp/hard\libc_nano.a(lib_a-errno.o)
                              build/sysmem.o (__errno)
d:/chain/gcc-arm-none-eabi-10.3-2021.10-win32/gcc-arm-none-eabi-10.3-2021.10/bin/../lib/gcc/arm-none-eabi/10.3.1/../../../../arm-none-eabi/lib/thumb/v7e-m+fp/hard\libc_nano.a(lib_a-exit.o)
                              d:/chain/gcc-arm-none-eabi-10.3-2021.10-win32/gcc-arm-none-eabi-10.3-2021.10/bin/../lib/gcc/arm-none-eabi/10.3.1/../../../../arm-none-eabi/lib/thumb/v7e-m+fp/hard/crt0.o (exit)
d:/chain/gcc-arm-none-eabi-10.3-2021.10-win32/gcc-arm-none-eabi-10.3-2021.10/bin/../lib/gcc/arm-none-eabi/10.3.1/../../../../arm-none-eabi/lib/thumb/v7e-m+fp/hard\libc_nano.a(lib_a-impure.o)
                              d:/chain/gcc-arm-none-eabi-10.3-2021.10-win32/gcc-arm-none-eabi-10.3-2021.10/bin/../lib/gcc/arm-none-eabi/10.3.1/../../../../arm-none-eabi/lib/thumb/v7e-m+fp/hard\libc_nano.a(lib_a-exit.o) (_global_impure_ptr)
d:/chain/gcc-arm-none-eabi-10.3-2021.10-win32/gcc-arm-none-eabi-10.3-2021.10/bin/../lib/gcc/arm-none-eabi/10.3.1/../../../../arm-none-eabi/lib/thumb/v7e-m+fp/hard\libc_nano.a(lib_a-init.o)
                              d:/chain/gcc-arm-none-eabi-10.3-2021.10-win32/gcc-arm-none-eabi-10.3-2021.10/bin/../lib/gcc/arm-none-eabi/10.3.1/../../../../arm-none-eabi/lib/thumb/v7e-m+fp/hard/crt0.o (__libc_init_array)
d:/chain/gcc-arm-none-eabi-10.3-2021.10-win32/gcc-arm-none-eabi-10.3-2021.10/bin/../lib/gcc/arm-none-eabi/10.3.1/../../../../arm-none-eabi/lib/thumb/v7e-m+fp/hard\libc_nano.a(lib_a-memcpy-stub.o)
                              build/queue.o (memcpy)
d:/chain/gcc-arm-none-eabi-10.3-2021.10-win32/gcc-arm-none-eabi-10.3-2021.10/bin/../lib/gcc/arm-none-eabi/10.3.1/../../../../arm-none-eabi/lib/thumb/v7e-m+fp/hard\libc_nano.a(lib_a-memset.o)
                              d:/chain/gcc-arm-none-eabi-10.3-2021.10-win32/gcc-arm-none-eabi-10.3-2021.10/bin/../lib/gcc/arm-none-eabi/10.3.1/../../../../arm-none-eabi/lib/thumb/v7e-m+fp/hard/crt0.o (memset)
d:/chain/gcc-arm-none-eabi-10.3-2021.10-win32/gcc-arm-none-eabi-10.3-2021.10/bin/../lib/gcc/arm-none-eabi/10.3.1/thumb/v7e-m+fp/hard\libgcc.a(_aeabi_uldivmod.o)
                              build/stm32f4xx_hal_rcc.o (__aeabi_uldivmod)
d:/chain/gcc-arm-none-eabi-10.3-2021.10-win32/gcc-arm-none-eabi-10.3-2021.10/bin/../lib/gcc/arm-none-eabi/10.3.1/thumb/v7e-m+fp/hard\libgcc.a(_udivmoddi4.o)
                              d:/chain/gcc-arm-none-eabi-10.3-2021.10-win32/gcc-arm-none-eabi-10.3-2021.10/bin/../lib/gcc/arm-none-eabi/10.3.1/thumb/v7e-m+fp/hard\libgcc.a(_aeabi_uldivmod.o) (__udivmoddi4)
d:/chain/gcc-arm-none-eabi-10.3-2021.10-win32/gcc-arm-none-eabi-10.3-2021.10/bin/../lib/gcc/arm-none-eabi/10.3.1/thumb/v7e-m+fp/hard\libgcc.a(_dvmd_tls.o)
                              d:/chain/gcc-arm-none-eabi-10.3-2021.10-win32/gcc-arm-none-eabi-10.3-2021.10/bin/../lib/gcc/arm-none-eabi/10.3.1/thumb/v7e-m+fp/hard\libgcc.a(_aeabi_uldivmod.o) (__aeabi_ldiv0)

Discarded input sections

 .text          0x00000000        0x0 d:/chain/gcc-arm-none-eabi-10.3-2021.10-win32/gcc-arm-none-eabi-10.3-2021.10/bin/../lib/gcc/arm-none-eabi/10.3.1/thumb/v7e-m+fp/hard/crti.o
 .data          0x00000000        0x0 d:/chain/gcc-arm-none-eabi-10.3-2021.10-win32/gcc-arm-none-eabi-10.3-2021.10/bin/../lib/gcc/arm-none-eabi/10.3.1/thumb/v7e-m+fp/hard/crti.o
 .bss           0x00000000        0x0 d:/chain/gcc-arm-none-eabi-10.3-2021.10-win32/gcc-arm-none-eabi-10.3-2021.10/bin/../lib/gcc/arm-none-eabi/10.3.1/thumb/v7e-m+fp/hard/crti.o
 .data          0x00000000        0x4 d:/chain/gcc-arm-none-eabi-10.3-2021.10-win32/gcc-arm-none-eabi-10.3-2021.10/bin/../lib/gcc/arm-none-eabi/10.3.1/thumb/v7e-m+fp/hard/crtbegin.o
 .rodata        0x00000000       0x24 d:/chain/gcc-arm-none-eabi-10.3-2021.10-win32/gcc-arm-none-eabi-10.3-2021.10/bin/../lib/gcc/arm-none-eabi/10.3.1/thumb/v7e-m+fp/hard/crtbegin.o
 .text          0x00000000       0x7c d:/chain/gcc-arm-none-eabi-10.3-2021.10-win32/gcc-arm-none-eabi-10.3-2021.10/bin/../lib/gcc/arm-none-eabi/10.3.1/../../../../arm-none-eabi/lib/thumb/v7e-m+fp/hard/crt0.o
 .data          0x00000000        0x0 d:/chain/gcc-arm-none-eabi-10.3-2021.10-win32/gcc-arm-none-eabi-10.3-2021.10/bin/../lib/gcc/arm-none-eabi/10.3.1/../../../../arm-none-eabi/lib/thumb/v7e-m+fp/hard/crt0.o
 .bss           0x00000000        0x0 d:/chain/gcc-arm-none-eabi-10.3-2021.10-win32/gcc-arm-none-eabi-10.3-2021.10/bin/../lib/gcc/arm-none-eabi/10.3.1/../../../../arm-none-eabi/lib/thumb/v7e-m+fp/hard/crt0.o
 .ARM.extab     0x00000000        0x0 d:/chain/gcc-arm-none-eabi-10.3-2021.10-win32/gcc-arm-none-eabi-10.3-2021.10/bin/../lib/gcc/arm-none-eabi/10.3.1/../../../../arm-none-eabi/lib/thumb/v7e-m+fp/hard/crt0.o
[...]
Memory Configuration

Name             Origin             Length             Attributes
RAM              0x20000000         0x00030000         xrw
CCMRAM           0x10000000         0x00010000         xrw
FLASH            0x08000000         0x00200000         xr
*default*        0x00000000         0xffffffff

Linker script and memory map

LOAD d:/chain/gcc-arm-none-eabi-10.3-2021.10-win32/gcc-arm-none-eabi-10.3-2021.10/bin/../lib/gcc/arm-none-eabi/10.3.1/thumb/v7e-m+fp/hard/crti.o
LOAD d:/chain/gcc-arm-none-eabi-10.3-2021.10-win32/gcc-arm-none-eabi-10.3-2021.10/bin/../lib/gcc/arm-none-eabi/10.3.1/thumb/v7e-m+fp/hard/crtbegin.o
LOAD d:/chain/gcc-arm-none-eabi-10.3-2021.10-win32/gcc-arm-none-eabi-10.3-2021.10/bin/../lib/gcc/arm-none-eabi/10.3.1/../../../../arm-none-eabi/lib/thumb/v7e-m+fp/hard/crt0.o
LOAD build/main.o
LOAD build/gpio.o
LOAD build/freertos.o
LOAD build/Emm_V5.o
LOAD build/stm32f4xx_it.o
LOAD build/stm32f4xx_hal_msp.o
LOAD build/stm32f4xx_hal_timebase_tim.o
LOAD build/stm32f4xx_hal_rcc.o
LOAD build/stm32f4xx_hal_rcc_ex.o
LOAD build/stm32f4xx_hal_flash.o
LOAD build/stm32f4xx_hal_flash_ex.o
LOAD build/stm32f4xx_hal_flash_ramfunc.o
LOAD build/stm32f4xx_hal_gpio.o
LOAD build/stm32f4xx_hal_dma_ex.o
LOAD build/stm32f4xx_hal_dma.o
LOAD build/stm32f4xx_hal_pwr.o
LOAD build/stm32f4xx_hal_pwr_ex.o
LOAD build/stm32f4xx_hal_cortex.o
LOAD build/stm32f4xx_hal.o
LOAD build/stm32f4xx_hal_exti.o
LOAD build/stm32f4xx_hal_tim.o
LOAD build/stm32f4xx_hal_tim_ex.o
LOAD build/system_stm32f4xx.o
LOAD build/croutine.o
LOAD build/event_groups.o
LOAD build/list.o
LOAD build/queue.o
LOAD build/stream_buffer.o
LOAD build/tasks.o
LOAD build/timers.o
LOAD build/cmsis_os2.o
LOAD build/heap_4.o
LOAD build/port.o
LOAD build/sysmem.o
LOAD build/syscalls.o
LOAD build/dma.o
LOAD build/usart.o
LOAD build/stm32f4xx_hal_uart.o
LOAD build/startup_stm32f427xx.o
LOAD d:/chain/gcc-arm-none-eabi-10.3-2021.10-win32/gcc-arm-none-eabi-10.3-2021.10/bin/../lib/gcc/arm-none-eabi/10.3.1/../../../../arm-none-eabi/lib/thumb/v7e-m+fp/hard\libc_nano.a
LOAD d:/chain/gcc-arm-none-eabi-10.3-2021.10-win32/gcc-arm-none-eabi-10.3-2021.10/bin/../lib/gcc/arm-none-eabi/10.3.1/../../../../arm-none-eabi/lib/thumb/v7e-m+fp/hard\libm.a
LOAD d:/chain/gcc-arm-none-eabi-10.3-2021.10-win32/gcc-arm-none-eabi-10.3-2021.10/bin/../lib/gcc/arm-none-eabi/10.3.1/../../../../arm-none-eabi/lib/thumb/v7e-m+fp/hard\libnosys.a
START GROUP
LOAD d:/chain/gcc-arm-none-eabi-10.3-2021.10-win32/gcc-arm-none-eabi-10.3-2021.10/bin/../lib/gcc/arm-none-eabi/10.3.1/thumb/v7e-m+fp/hard\libgcc.a
LOAD d:/chain/gcc-arm-none-eabi-10.3-2021.10-win32/gcc-arm-none-eabi-10.3-2021.10/bin/../lib/gcc/arm-none-eabi/10.3.1/../../../../arm-none-eabi/lib/thumb/v7e-m+fp/hard\libc_nano.a
END GROUP
START GROUP
LOAD d:/chain/gcc-arm-none-eabi-10.3-2021.10-win32/gcc-arm-none-eabi-10.3-2021.10/bin/../lib/gcc/arm-none-eabi/10.3.1/thumb/v7e-m+fp/hard\libgcc.a
LOAD d:/chain/gcc-arm-none-eabi-10.3-2021.10-win32/gcc-arm-none-eabi-10.3-2021.10/bin/../lib/gcc/arm-none-eabi/10.3.1/../../../../arm-none-eabi/lib/thumb/v7e-m+fp/hard\libc_nano.a
END GROUP
LOAD d:/chain/gcc-arm-none-eabi-10.3-2021.10-win32/gcc-arm-none-eabi-10.3-2021.10/bin/../lib/gcc/arm-none-eabi/10.3.1/thumb/v7e-m+fp/hard/crtend.o
LOAD d:/chain/gcc-arm-none-eabi-10.3-2021.10-win32/gcc-arm-none-eabi-10.3-2021.10/bin/../lib/gcc/arm-none-eabi/10.3.1/thumb/v7e-m+fp/hard/crtn.o
                0x20030000                _estack = (ORIGIN (RAM) + LENGTH (RAM))
                0x00000200                _Min_Heap_Size = 0x200
                0x00000400                _Min_Stack_Size = 0x400

.isr_vector     0x08000000      0x1ac
                0x08000000                . = ALIGN (0x4)
 *(.isr_vector)
 .isr_vector    0x08000000      0x1ac build/startup_stm32f427xx.o
                0x08000000                g_pfnVectors
                0x080001ac                . = ALIGN (0x4)

.text           0x080001b0     0x42a4
                0x080001b0                . = ALIGN (0x4)
 *(.text)
 .text          0x080001b0       0x40 d:/chain/gcc-arm-none-eabi-10.3-2021.10-win32/gcc-arm-none-eabi-10.3-2021.10/bin/../lib/gcc/arm-none-eabi/10.3.1/thumb/v7e-m+fp/hard/crtbegin.o
 .text          0x080001f0       0x30 d:/chain/gcc-arm-none-eabi-10.3-2021.10-win32/gcc-arm-none-eabi-10.3-2021.10/bin/../lib/gcc/arm-none-eabi/10.3.1/thumb/v7e-m+fp/hard\libgcc.a(_aeabi_uldivmod.o)
                0x080001f0                __aeabi_uldivmod
 .text          0x08000220      0x2d0 d:/chain/gcc-arm-none-eabi-10.3-2021.10-win32/gcc-arm-none-eabi-10.3-2021.10/bin/../lib/gcc/arm-none-eabi/10.3.1/thumb/v7e-m+fp/hard\libgcc.a(_udivmoddi4.o)
                0x08000220                __udivmoddi4
 .text          0x080004f0        0x4 d:/chain/gcc-arm-none-eabi-10.3-2021.10-win32/gcc-arm-none-eabi-10.3-2021.10/bin/../lib/gcc/arm-none-eabi/10.3.1/thumb/v7e-m+fp/hard\libgcc.a(_dvmd_tls.o)
                0x080004f0                __aeabi_idiv0
                0x080004f0                __aeabi_ldiv0
 *(.text*)
 .text.HAL_TIM_PeriodElapsedCallback
                0x080004f4       0x18 build/main.o
                0x080004f4                HAL_TIM_PeriodElapsedCallback
 .text.Error_Handler
                0x0800050c        0x4 build/main.o
                0x0800050c                Error_Handler
 .text.SystemClock_Config
                0x08000510       0xb4 build/main.o
                0x08000510                SystemClock_Config
 .text.main     0x080005c4       0x24 build/main.o
                0x080005c4                main
 .text.MX_GPIO_Init
                0x080005e8       0xa4 build/gpio.o
                0x080005e8                MX_GPIO_Init
 .text.StartLED_Task
                0x0800068c        0xa build/freertos.o
                0x0800068c                StartLED_Task
 *fill*         0x08000696        0x2 
 .text.StartBtn_Task
                0x08000698       0x64 build/freertos.o
                0x08000698                StartBtn_Task
 .text.StartMotor_Task
                0x080006fc       0x74 build/freertos.o
                0x080006fc                StartMotor_Task
 .text.MX_FREERTOS_Init
                0x08000770       0x68 build/freertos.o
                0x08000770                MX_FREERTOS_Init
 .text.Emm_V5_En_Control
                0x080007d8       0x2c build/Emm_V5.o
                0x080007d8                Emm_V5_En_Control
 .text.Emm_V5_Vel_Control
                0x08000804       0x38 build/Emm_V5.o
                0x08000804                Emm_V5_Vel_Control
 .text.NMI_Handler
                0x0800083c        0x2 build/stm32f4xx_it.o
                0x0800083c                NMI_Handler
 .text.HardFault_Handler
                0x0800083e        0x2 build/stm32f4xx_it.o
                0x0800083e                HardFault_Handler
 .text.MemManage_Handler
                0x08000840        0x2 build/stm32f4xx_it.o
                0x08000840                MemManage_Handler
 .text.BusFault_Handler
                0x08000842        0x2 build/stm32f4xx_it.o
                0x08000842                BusFault_Handler
 .text.UsageFault_Handler
                0x08000844        0x2 build/stm32f4xx_it.o
                0x08000844                UsageFault_Handler
 .text.DebugMon_Handler
                0x08000846        0x2 build/stm32f4xx_it.o
                0x08000846                DebugMon_Handler
 .text.TIM4_IRQHandler
                0x08000848       0x10 build/stm32f4xx_it.o
                0x08000848                TIM4_IRQHandler
 .text.DMA2_Stream1_IRQHandler
                0x08000858       0x10 build/stm32f4xx_it.o
                0x08000858                DMA2_Stream1_IRQHandler
 .text.DMA2_Stream6_IRQHandler
                0x08000868       0x10 build/stm32f4xx_it.o
                0x08000868                DMA2_Stream6_IRQHandler
 .text.USART6_IRQHandler
                0x08000878       0x10 build/stm32f4xx_it.o
                0x08000878                USART6_IRQHandler
 .text.HAL_MspInit
                0x08000888       0x44 build/stm32f4xx_hal_msp.o
                0x08000888                HAL_MspInit
 .text.HAL_InitTick
                0x080008cc       0xa4 build/stm32f4xx_hal_timebase_tim.o
                0x080008cc                HAL_InitTick
 .text.HAL_RCC_OscConfig
                0x08000970      0x3f8 build/stm32f4xx_hal_rcc.o
                0x08000970                HAL_RCC_OscConfig
 .text.HAL_RCC_GetSysClockFreq
                0x08000d68       0xa4 build/stm32f4xx_hal_rcc.o
                0x08000d68                HAL_RCC_GetSysClockFreq
 .text.HAL_RCC_ClockConfig
                0x08000e0c      0x160 build/stm32f4xx_hal_rcc.o
                0x08000e0c                HAL_RCC_ClockConfig
 .text.HAL_RCC_GetHCLKFreq
                0x08000f6c        0xc build/stm32f4xx_hal_rcc.o
                0x08000f6c                HAL_RCC_GetHCLKFreq
 .text.HAL_RCC_GetPCLK1Freq
                0x08000f78       0x20 build/stm32f4xx_hal_rcc.o
                0x08000f78                HAL_RCC_GetPCLK1Freq
 .text.HAL_RCC_GetPCLK2Freq
                0x08000f98       0x20 build/stm32f4xx_hal_rcc.o
                0x08000f98                HAL_RCC_GetPCLK2Freq
 .text.HAL_RCC_GetClockConfig
                0x08000fb8       0x3c build/stm32f4xx_hal_rcc.o
                0x08000fb8                HAL_RCC_GetClockConfig
 .text.HAL_GPIO_Init
                0x08000ff4      0x1fc build/stm32f4xx_hal_gpio.o
                0x08000ff4                HAL_GPIO_Init
 .text.HAL_GPIO_ReadPin
                0x080011f0        0xe build/stm32f4xx_hal_gpio.o
                0x080011f0                HAL_GPIO_ReadPin
 .text.HAL_GPIO_WritePin
                0x080011fe        0xc build/stm32f4xx_hal_gpio.o
                0x080011fe                HAL_GPIO_WritePin
 .text.DMA_SetConfig
                0x0800120a       0x2c build/stm32f4xx_hal_dma.o
 *fill*         0x08001236        0x2 
 .text.DMA_CalcBaseAndBitshift
                0x08001238       0x44 build/stm32f4xx_hal_dma.o
 .text.DMA_CheckFifoParam
                0x0800127c       0x8e build/stm32f4xx_hal_dma.o
 *fill*         0x0800130a        0x2 
 .text.HAL_DMA_Init
                0x0800130c       0xcc build/stm32f4xx_hal_dma.o
                0x0800130c                HAL_DMA_Init
 .text.HAL_DMA_Start_IT
                0x080013d8       0x6a build/stm32f4xx_hal_dma.o
                0x080013d8                HAL_DMA_Start_IT
 .text.HAL_DMA_Abort
                0x08001442       0x94 build/stm32f4xx_hal_dma.o
                0x08001442                HAL_DMA_Abort
 .text.HAL_DMA_Abort_IT
                0x080014d6       0x26 build/stm32f4xx_hal_dma.o
                0x080014d6                HAL_DMA_Abort_IT
 .text.HAL_DMA_IRQHandler
                0x080014fc      0x1dc build/stm32f4xx_hal_dma.o
                0x080014fc                HAL_DMA_IRQHandler
 .text.HAL_PWREx_EnableOverDrive
                0x080016d8       0x7c build/stm32f4xx_hal_pwr_ex.o
                0x080016d8                HAL_PWREx_EnableOverDrive
 .text.HAL_NVIC_SetPriorityGrouping
                0x08001754       0x24 build/stm32f4xx_hal_cortex.o
                0x08001754                HAL_NVIC_SetPriorityGrouping
 .text.HAL_NVIC_SetPriority
                0x08001778       0x70 build/stm32f4xx_hal_cortex.o
                0x08001778                HAL_NVIC_SetPriority
 .text.HAL_NVIC_EnableIRQ
                0x080017e8       0x1c build/stm32f4xx_hal_cortex.o
                0x080017e8                HAL_NVIC_EnableIRQ
 .text.HAL_Init
                0x08001804       0x34 build/stm32f4xx_hal.o
                0x08001804                HAL_Init
 .text.HAL_IncTick
                0x08001838       0x18 build/stm32f4xx_hal.o
                0x08001838                HAL_IncTick
 .text.HAL_GetTick
                0x08001850        0xc build/stm32f4xx_hal.o
                0x08001850                HAL_GetTick
 .text.HAL_TIM_Base_MspInit
                0x0800185c        0x2 build/stm32f4xx_hal_tim.o
                0x0800185c                HAL_TIM_Base_MspInit
 *fill*         0x0800185e        0x2 
 .text.HAL_TIM_Base_Start_IT
                0x08001860       0x88 build/stm32f4xx_hal_tim.o
                0x08001860                HAL_TIM_Base_Start_IT
 .text.HAL_TIM_OC_DelayElapsedCallback
                0x080018e8        0x2 build/stm32f4xx_hal_tim.o
                0x080018e8                HAL_TIM_OC_DelayElapsedCallback
 .text.HAL_TIM_IC_CaptureCallback
                0x080018ea        0x2 build/stm32f4xx_hal_tim.o
                0x080018ea                HAL_TIM_IC_CaptureCallback
 .text.HAL_TIM_PWM_PulseFinishedCallback
                0x080018ec        0x2 build/stm32f4xx_hal_tim.o
                0x080018ec                HAL_TIM_PWM_PulseFinishedCallback
 .text.HAL_TIM_TriggerCallback
                0x080018ee        0x2 build/stm32f4xx_hal_tim.o
                0x080018ee                HAL_TIM_TriggerCallback
 .text.HAL_TIM_IRQHandler
                0x080018f0      0x15e build/stm32f4xx_hal_tim.o
                0x080018f0                HAL_TIM_IRQHandler
 *fill*         0x08001a4e        0x2 
 .text.TIM_Base_SetConfig
                0x08001a50       0xd0 build/stm32f4xx_hal_tim.o
                0x08001a50                TIM_Base_SetConfig
 .text.HAL_TIM_Base_Init
                0x08001b20       0x58 build/stm32f4xx_hal_tim.o
                0x08001b20                HAL_TIM_Base_Init
 .text.HAL_TIMEx_CommutCallback
                0x08001b78        0x2 build/stm32f4xx_hal_tim_ex.o
                0x08001b78                HAL_TIMEx_CommutCallback
 .text.HAL_TIMEx_BreakCallback
                0x08001b7a        0x2 build/stm32f4xx_hal_tim_ex.o
                0x08001b7a                HAL_TIMEx_BreakCallback
 .text.SystemInit
                0x08001b7c       0x14 build/system_stm32f4xx.o
                0x08001b7c                SystemInit
 .text.vListInitialise
                0x08001b90       0x16 build/list.o
                0x08001b90                vListInitialise
 .text.vListInitialiseItem
                0x08001ba6        0x6 build/list.o
                0x08001ba6                vListInitialiseItem
 .text.vListInsertEnd
                0x08001bac       0x16 build/list.o
                0x08001bac                vListInsertEnd
 .text.vListInsert
                0x08001bc2       0x32 build/list.o
                0x08001bc2                vListInsert
 .text.uxListRemove
                0x08001bf4       0x26 build/list.o
                0x08001bf4                uxListRemove
 .text.prvIsQueueFull
                0x08001c1a       0x1e build/queue.o
 .text.prvIsQueueEmpty
                0x08001c38       0x1a build/queue.o
 .text.prvCopyDataToQueue
                0x08001c52       0x76 build/queue.o
 .text.prvCopyDataFromQueue
                0x08001cc8       0x24 build/queue.o
 .text.prvUnlockQueue
                0x08001cec       0x6e build/queue.o
 .text.xQueueGenericReset
                0x08001d5a       0x84 build/queue.o
                0x08001d5a                xQueueGenericReset
 .text.prvInitialiseNewQueue
                0x08001dde       0x22 build/queue.o
 .text.xQueueGenericCreateStatic
                0x08001e00       0x94 build/queue.o
                0x08001e00                xQueueGenericCreateStatic
 .text.xQueueGenericCreate
                0x08001e94       0x48 build/queue.o
                0x08001e94                xQueueGenericCreate
 .text.xQueueGenericSend
                0x08001edc      0x188 build/queue.o
                0x08001edc                xQueueGenericSend
 .text.xQueueGenericSendFromISR
                0x08002064       0xce build/queue.o
                0x08002064                xQueueGenericSendFromISR
 .text.xQueueReceive
                0x08002132      0x15e build/queue.o
                0x08002132                xQueueReceive
 .text.xQueueReceiveFromISR
                0x08002290       0xa8 build/queue.o
                0x08002290                xQueueReceiveFromISR
 .text.vQueueAddToRegistry
                0x08002338       0x28 build/queue.o
                0x08002338                vQueueAddToRegistry
 .text.vQueueWaitForMessageRestricted
                0x08002360       0x52 build/queue.o
                0x08002360                vQueueWaitForMessageRestricted
 *fill*         0x080023b2        0x2 
 .text.prvResetNextTaskUnblockTime
                0x080023b4       0x2c build/tasks.o
 .text.prvInitialiseNewTask
                0x080023e0       0xa6 build/tasks.o
 *fill*         0x08002486        0x2 
 .text.prvInitialiseTaskLists
                0x08002488       0x68 build/tasks.o
 .text.prvAddNewTaskToReadyList
                0x080024f0       0xac build/tasks.o
 .text.prvDeleteTCB
                0x0800259c       0x38 build/tasks.o
 .text.prvCheckTasksWaitingTermination
                0x080025d4       0x4c build/tasks.o
 .text.prvIdleTask
                0x08002620       0x28 build/tasks.o
 .text.prvAddCurrentTaskToDelayedList
                0x08002648       0x7c build/tasks.o
 .text.xTaskCreateStatic
                0x080026c4       0x76 build/tasks.o
                0x080026c4                xTaskCreateStatic
 .text.xTaskCreate
                0x0800273a       0x68 build/tasks.o
                0x0800273a                xTaskCreate
 *fill*         0x080027a2        0x2 
 .text.vTaskStartScheduler
                0x080027a4       0x9c build/tasks.o
                0x080027a4                vTaskStartScheduler
 .text.vTaskSuspendAll
                0x08002840       0x10 build/tasks.o
                0x08002840                vTaskSuspendAll
 .text.xTaskGetTickCount
                0x08002850        0xc build/tasks.o
                0x08002850                xTaskGetTickCount
 .text.xTaskIncrementTick
                0x0800285c      0x118 build/tasks.o
                0x0800285c                xTaskIncrementTick
 .text.xTaskResumeAll
                0x08002974       0xf8 build/tasks.o
                0x08002974                xTaskResumeAll
 .text.vTaskDelay
                0x08002a6c       0x4c build/tasks.o
                0x08002a6c                vTaskDelay
 .text.vTaskSwitchContext
                0x08002ab8       0x94 build/tasks.o
                0x08002ab8                vTaskSwitchContext
 .text.vTaskPlaceOnEventList
                0x08002b4c       0x30 build/tasks.o
                0x08002b4c                vTaskPlaceOnEventList
 .text.vTaskPlaceOnEventListRestricted
                0x08002b7c       0x38 build/tasks.o
                0x08002b7c                vTaskPlaceOnEventListRestricted
 .text.xTaskRemoveFromEventList
                0x08002bb4       0x8c build/tasks.o
                0x08002bb4                xTaskRemoveFromEventList
 .text.vTaskInternalSetTimeOutState
                0x08002c40       0x18 build/tasks.o
                0x08002c40                vTaskInternalSetTimeOutState
 .text.xTaskCheckForTimeOut
                0x08002c58       0x84 build/tasks.o
                0x08002c58                xTaskCheckForTimeOut
 .text.vTaskMissedYield
                0x08002cdc        0xc build/tasks.o
                0x08002cdc                vTaskMissedYield
 .text.xTaskGetSchedulerState
                0x08002ce8       0x20 build/tasks.o
                0x08002ce8                xTaskGetSchedulerState
 .text.xTaskPriorityDisinherit
                0x08002d08       0x90 build/tasks.o
                0x08002d08                xTaskPriorityDisinherit
 .text.prvGetNextExpireTime
                0x08002d98       0x20 build/timers.o
 .text.prvInsertTimerInActiveList
                0x08002db8       0x48 build/timers.o
 .text.prvCheckForValidListAndQueue
                0x08002e00       0x70 build/timers.o
 .text.xTimerCreateTimerTask
                0x08002e70       0x64 build/timers.o
                0x08002e70                xTimerCreateTimerTask
 .text.xTimerGenericCommand
                0x08002ed4       0x6c build/timers.o
                0x08002ed4                xTimerGenericCommand
 .text.prvSwitchTimerLists
                0x08002f40       0x7c build/timers.o
 .text.prvSampleTimeNow
                0x08002fbc       0x2c build/timers.o
 .text.prvProcessExpiredTimer
                0x08002fe8       0x6c build/timers.o
 .text.prvProcessTimerOrBlockTask
                0x08003054       0x74 build/timers.o
 .text.prvProcessReceivedCommands
                0x080030c8      0x10c build/timers.o
 .text.prvTimerTask
                0x080031d4       0x16 build/timers.o
 .text.SysTick_Handler
                0x080031ea       0x18 build/cmsis_os2.o
                0x080031ea                SysTick_Handler
 *fill*         0x08003202        0x2 
 .text.osKernelInitialize
                0x08003204       0x24 build/cmsis_os2.o
                0x08003204                osKernelInitialize
 .text.osKernelStart
                0x08003228       0x38 build/cmsis_os2.o
                0x08003228                osKernelStart
 .text.osThreadNew
                0x08003260       0xbc build/cmsis_os2.o
                0x08003260                osThreadNew
 .text.osDelay  0x0800331c       0x1c build/cmsis_os2.o
                0x0800331c                osDelay
 .text.osMessageQueueNew
                0x08003338       0x96 build/cmsis_os2.o
                0x08003338                osMessageQueueNew
 .text.osMessageQueuePut
                0x080033ce       0x84 build/cmsis_os2.o
                0x080033ce                osMessageQueuePut
 .text.osMessageQueueGet
                0x08003452       0x82 build/cmsis_os2.o
                0x08003452                osMessageQueueGet
 .text.vApplicationGetIdleTaskMemory
                0x080034d4       0x18 build/cmsis_os2.o
                0x080034d4                vApplicationGetIdleTaskMemory
 .text.vApplicationGetTimerTaskMemory
                0x080034ec       0x18 build/cmsis_os2.o
                0x080034ec                vApplicationGetTimerTaskMemory
 .text.prvHeapInit
                0x08003504       0x64 build/heap_4.o
 .text.prvInsertBlockIntoFreeList
                0x08003568       0x64 build/heap_4.o
 .text.pvPortMalloc
                0x080035cc       0xfc build/heap_4.o
                0x080035cc                pvPortMalloc
 .text.vPortFree
                0x080036c8       0x7c build/heap_4.o
                0x080036c8                vPortFree
 .text.prvTaskExitError
                0x08003744       0x40 build/port.o
 .text.prvPortStartFirstTask
                0x08003784       0x28 build/port.o
 .text.vPortEnableVFP
                0x080037ac       0x14 build/port.o
 .text.pxPortInitialiseStack
                0x080037c0       0x2c build/port.o
                0x080037c0                pxPortInitialiseStack
 *fill*         0x080037ec        0x4 
 .text.SVC_Handler
                0x080037f0       0x24 build/port.o
                0x080037f0                SVC_Handler
 .text.vPortEnterCritical
                0x08003814       0x44 build/port.o
                0x08003814                vPortEnterCritical
 .text.vPortExitCritical
                0x08003858       0x2c build/port.o
                0x08003858                vPortExitCritical
 *fill*         0x08003884        0xc 
 .text.PendSV_Handler
                0x08003890       0x64 build/port.o
                0x08003890                PendSV_Handler
 .text.xPortSysTickHandler
                0x080038f4       0x2c build/port.o
                0x080038f4                xPortSysTickHandler
 .text.vPortSetupTimerInterrupt
                0x08003920       0x28 build/port.o
                0x08003920                vPortSetupTimerInterrupt
 .text.xPortStartScheduler
                0x08003948      0x118 build/port.o
                0x08003948                xPortStartScheduler
 .text.vPortValidateInterruptPriority
                0x08003a60       0x5c build/port.o
                0x08003a60                vPortValidateInterruptPriority
 .text.MX_DMA_Init
                0x08003abc       0x44 build/dma.o
                0x08003abc                MX_DMA_Init
 .text.MX_USART6_UART_Init
                0x08003b00       0x34 build/usart.o
                0x08003b00                MX_USART6_UART_Init
 .text.HAL_UART_MspInit
                0x08003b34       0xf8 build/usart.o
                0x08003b34                HAL_UART_MspInit
 .text.UART_EndTxTransfer
                0x08003c2c       0x20 build/stm32f4xx_hal_uart.o
 .text.UART_EndRxTransfer
                0x08003c4c       0x5c build/stm32f4xx_hal_uart.o
 .text.UART_Transmit_IT
                0x08003ca8       0x60 build/stm32f4xx_hal_uart.o
 .text.UART_SetConfig
                0x08003d08      0x110 build/stm32f4xx_hal_uart.o
 .text.HAL_UART_Init
                0x08003e18       0x60 build/stm32f4xx_hal_uart.o
                0x08003e18                HAL_UART_Init
 .text.HAL_UART_Transmit_DMA
                0x08003e78       0x90 build/stm32f4xx_hal_uart.o
                0x08003e78                HAL_UART_Transmit_DMA
 .text.HAL_UART_TxCpltCallback
                0x08003f08        0x2 build/stm32f4xx_hal_uart.o
                0x08003f08                HAL_UART_TxCpltCallback
 .text.UART_DMATransmitCplt
                0x08003f0a       0x4c build/stm32f4xx_hal_uart.o
 .text.UART_EndTransmit_IT
                0x08003f56       0x1a build/stm32f4xx_hal_uart.o
 .text.HAL_UART_TxHalfCpltCallback
                0x08003f70        0x2 build/stm32f4xx_hal_uart.o
                0x08003f70                HAL_UART_TxHalfCpltCallback
 .text.UART_DMATxHalfCplt
                0x08003f72        0xa build/stm32f4xx_hal_uart.o
 .text.HAL_UART_RxCpltCallback
                0x08003f7c        0x2 build/stm32f4xx_hal_uart.o
                0x08003f7c                HAL_UART_RxCpltCallback
 .text.HAL_UART_ErrorCallback
                0x08003f7e        0x2 build/stm32f4xx_hal_uart.o
                0x08003f7e                HAL_UART_ErrorCallback
 .text.UART_DMAError
                0x08003f80       0x58 build/stm32f4xx_hal_uart.o
 .text.UART_DMAAbortOnError
                0x08003fd8        0xe build/stm32f4xx_hal_uart.o
 .text.HAL_UARTEx_RxEventCallback
                0x08003fe6        0x2 build/stm32f4xx_hal_uart.o
                0x08003fe6                HAL_UARTEx_RxEventCallback
 .text.UART_Receive_IT
                0x08003fe8       0xe6 build/stm32f4xx_hal_uart.o
 *fill*         0x080040ce        0x2 
 .text.HAL_UART_IRQHandler
                0x080040d0      0x2a4 build/stm32f4xx_hal_uart.o
                0x080040d0                HAL_UART_IRQHandler
 .text.Reset_Handler
                0x08004374       0x50 build/startup_stm32f427xx.o
                0x08004374                Reset_Handler
 .text.Default_Handler
                0x080043c4        0x2 build/startup_stm32f427xx.o
                0x080043c4                RTC_Alarm_IRQHandler
                0x080043c4                HASH_RNG_IRQHandler
                0x080043c4                EXTI2_IRQHandler
                0x080043c4                TIM8_CC_IRQHandler
                0x080043c4                UART8_IRQHandler
                0x080043c4                SPI4_IRQHandler
                0x080043c4                TIM1_CC_IRQHandler
                0x080043c4                DMA2_Stream5_IRQHandler
                0x080043c4                DMA1_Stream5_IRQHandler
                0x080043c4                PVD_IRQHandler
                0x080043c4                SDIO_IRQHandler
                0x080043c4                TAMP_STAMP_IRQHandler
                0x080043c4                CAN2_RX1_IRQHandler
                0x080043c4                EXTI3_IRQHandler
                0x080043c4                TIM8_TRG_COM_TIM14_IRQHandler
                0x080043c4                TIM1_UP_TIM10_IRQHandler
                0x080043c4                TIM8_UP_TIM13_IRQHandler
                0x080043c4                I2C3_ER_IRQHandler
                0x080043c4                EXTI0_IRQHandler
                0x080043c4                I2C2_EV_IRQHandler
                0x080043c4                DMA1_Stream2_IRQHandler
                0x080043c4                CAN1_RX0_IRQHandler
                0x080043c4                FPU_IRQHandler
                0x080043c4                OTG_HS_WKUP_IRQHandler
                0x080043c4                CAN2_SCE_IRQHandler
                0x080043c4                DMA2_Stream2_IRQHandler
                0x080043c4                SPI1_IRQHandler
                0x080043c4                TIM6_DAC_IRQHandler
                0x080043c4                TIM1_BRK_TIM9_IRQHandler
                0x080043c4                DCMI_IRQHandler
                0x080043c4                CAN2_RX0_IRQHandler
                0x080043c4                DMA2_Stream3_IRQHandler
                0x080043c4                USART3_IRQHandler
                0x080043c4                CAN1_RX1_IRQHandler
                0x080043c4                UART5_IRQHandler
                0x080043c4                DMA2_Stream0_IRQHandler
                0x080043c4                I2C1_EV_IRQHandler
                0x080043c4                DMA1_Stream6_IRQHandler
                0x080043c4                DMA1_Stream1_IRQHandler
                0x080043c4                UART4_IRQHandler
                0x080043c4                TIM3_IRQHandler
                0x080043c4                RCC_IRQHandler
                0x080043c4                TIM8_BRK_TIM12_IRQHandler
                0x080043c4                Default_Handler
                0x080043c4                EXTI15_10_IRQHandler
                0x080043c4                ADC_IRQHandler
                0x080043c4                DMA1_Stream7_IRQHandler
                0x080043c4                SPI5_IRQHandler
                0x080043c4                TIM7_IRQHandler
                0x080043c4                CAN2_TX_IRQHandler
                0x080043c4                TIM5_IRQHandler
                0x080043c4                DMA2_Stream7_IRQHandler
                0x080043c4                I2C3_EV_IRQHandler
                0x080043c4                EXTI9_5_IRQHandler
                0x080043c4                RTC_WKUP_IRQHandler
                0x080043c4                ETH_WKUP_IRQHandler
                0x080043c4                SPI2_IRQHandler
                0x080043c4                OTG_HS_EP1_IN_IRQHandler
                0x080043c4                DMA1_Stream0_IRQHandler
                0x080043c4                CAN1_TX_IRQHandler
                0x080043c4                EXTI4_IRQHandler
                0x080043c4                ETH_IRQHandler
                0x080043c4                OTG_HS_EP1_OUT_IRQHandler
                0x080043c4                WWDG_IRQHandler
                0x080043c4                SPI6_IRQHandler
                0x080043c4                TIM2_IRQHandler
                0x080043c4                OTG_FS_WKUP_IRQHandler
                0x080043c4                TIM1_TRG_COM_TIM11_IRQHandler
                0x080043c4                OTG_HS_IRQHandler
                0x080043c4                DMA2D_IRQHandler
                0x080043c4                EXTI1_IRQHandler
                0x080043c4                UART7_IRQHandler
                0x080043c4                USART2_IRQHandler
                0x080043c4                I2C2_ER_IRQHandler
                0x080043c4                CAN1_SCE_IRQHandler
                0x080043c4                FLASH_IRQHandler
                0x080043c4                DMA2_Stream4_IRQHandler
                0x080043c4                USART1_IRQHandler
                0x080043c4                OTG_FS_IRQHandler
                0x080043c4                SPI3_IRQHandler
                0x080043c4                DMA1_Stream4_IRQHandler
                0x080043c4                I2C1_ER_IRQHandler
                0x080043c4                FMC_IRQHandler
                0x080043c4                SAI1_IRQHandler
                0x080043c4                DMA1_Stream3_IRQHandler
 *fill*         0x080043c6        0x2 
 .text.__libc_init_array
                0x080043c8       0x48 d:/chain/gcc-arm-none-eabi-10.3-2021.10-win32/gcc-arm-none-eabi-10.3-2021.10/bin/../lib/gcc/arm-none-eabi/10.3.1/../../../../arm-none-eabi/lib/thumb/v7e-m+fp/hard\libc_nano.a(lib_a-init.o)
                0x080043c8                __libc_init_array
 .text.memcpy   0x08004410       0x1c d:/chain/gcc-arm-none-eabi-10.3-2021.10-win32/gcc-arm-none-eabi-10.3-2021.10/bin/../lib/gcc/arm-none-eabi/10.3.1/../../../../arm-none-eabi/lib/thumb/v7e-m+fp/hard\libc_nano.a(lib_a-memcpy-stub.o)
                0x08004410                memcpy
 .text.memset   0x0800442c       0x10 d:/chain/gcc-arm-none-eabi-10.3-2021.10-win32/gcc-arm-none-eabi-10.3-2021.10/bin/../lib/gcc/arm-none-eabi/10.3.1/../../../../arm-none-eabi/lib/thumb/v7e-m+fp/hard\libc_nano.a(lib_a-memset.o)
                0x0800442c                memset
 *(.glue_7)
 .glue_7        0x0800443c        0x0 linker stubs
 *(.glue_7t)
 .glue_7t       0x0800443c        0x0 linker stubs
 *(.eh_frame)
 .eh_frame      0x0800443c        0x0 d:/chain/gcc-arm-none-eabi-10.3-2021.10-win32/gcc-arm-none-eabi-10.3-2021.10/bin/../lib/gcc/arm-none-eabi/10.3.1/thumb/v7e-m+fp/hard/crtbegin.o
 *(.init)
 .init          0x0800443c        0x4 d:/chain/gcc-arm-none-eabi-10.3-2021.10-win32/gcc-arm-none-eabi-10.3-2021.10/bin/../lib/gcc/arm-none-eabi/10.3.1/thumb/v7e-m+fp/hard/crti.o
                0x0800443c                _init
 .init          0x08004440        0x8 d:/chain/gcc-arm-none-eabi-10.3-2021.10-win32/gcc-arm-none-eabi-10.3-2021.10/bin/../lib/gcc/arm-none-eabi/10.3.1/thumb/v7e-m+fp/hard/crtn.o
 *(.fini)
 .fini          0x08004448        0x4 d:/chain/gcc-arm-none-eabi-10.3-2021.10-win32/gcc-arm-none-eabi-10.3-2021.10/bin/../lib/gcc/arm-none-eabi/10.3.1/thumb/v7e-m+fp/hard/crti.o
                0x08004448                _fini
 .fini          0x0800444c        0x8 d:/chain/gcc-arm-none-eabi-10.3-2021.10-win32/gcc-arm-none-eabi-10.3-2021.10/bin/../lib/gcc/arm-none-eabi/10.3.1/thumb/v7e-m+fp/hard/crtn.o
                0x08004454                . = ALIGN (0x4)
                0x08004454                _etext = .

.vfp11_veneer   0x08004454        0x0
 .vfp11_veneer  0x08004454        0x0 linker stubs

.v4_bx          0x08004454        0x0
 .v4_bx         0x08004454        0x0 linker stubs

.iplt           0x08004454        0x0
 .iplt          0x08004454        0x0 d:/chain/gcc-arm-none-eabi-10.3-2021.10-win32/gcc-arm-none-eabi-10.3-2021.10/bin/../lib/gcc/arm-none-eabi/10.3.1/thumb/v7e-m+fp/hard/crtbegin.o

.rodata         0x08004454       0xec
                0x08004454                . = ALIGN (0x4)
 *(.rodata)
 *(.rodata*)
 .rodata.str1.4
                0x08004454       0x2d build/freertos.o
 *fill*         0x08004481        0x3 
 .rodata.Btn_Queue_attributes
                0x08004484       0x18 build/freertos.o
                0x08004484                Btn_Queue_attributes
 .rodata.Btn_Task_attributes
                0x0800449c       0x24 build/freertos.o
                0x0800449c                Btn_Task_attributes
 .rodata.LED_Task_attributes
                0x080044c0       0x24 build/freertos.o
                0x080044c0                LED_Task_attributes
 .rodata.Motor_Task_attributes
                0x080044e4       0x24 build/freertos.o
                0x080044e4                Motor_Task_attributes
 .rodata.flagBitshiftOffset.0
                0x08004508        0x8 build/stm32f4xx_hal_dma.o
 .rodata.AHBPrescTable
                0x08004510       0x10 build/system_stm32f4xx.o
                0x08004510                AHBPrescTable
 .rodata.APBPrescTable
                0x08004520        0x8 build/system_stm32f4xx.o
                0x08004520                APBPrescTable
 .rodata.vTaskStartScheduler.str1.4
                0x08004528        0x5 build/tasks.o
 *fill*         0x0800452d        0x3 
 .rodata.prvCheckForValidListAndQueue.str1.4
                0x08004530        0x5 build/timers.o
 *fill*         0x08004535        0x3 
 .rodata.xTimerCreateTimerTask.str1.4
                0x08004538        0x8 build/timers.o
                0x08004540                . = ALIGN (0x4)

.ARM.extab
 *(.ARM.extab* .gnu.linkonce.armextab.*)

.ARM            0x08004540        0x8
                0x08004540                __exidx_start = .
 *(.ARM.exidx*)
 .ARM.exidx     0x08004540        0x8 d:/chain/gcc-arm-none-eabi-10.3-2021.10-win32/gcc-arm-none-eabi-10.3-2021.10/bin/../lib/gcc/arm-none-eabi/10.3.1/thumb/v7e-m+fp/hard\libgcc.a(_udivmoddi4.o)
                0x08004548                __exidx_end = .

.rel.dyn        0x08004548        0x0
 .rel.iplt      0x08004548        0x0 d:/chain/gcc-arm-none-eabi-10.3-2021.10-win32/gcc-arm-none-eabi-10.3-2021.10/bin/../lib/gcc/arm-none-eabi/10.3.1/thumb/v7e-m+fp/hard/crtbegin.o

.preinit_array  0x08004548        0x0
                0x08004548                PROVIDE (__preinit_array_start = .)
 *(.preinit_array*)
                0x08004548                PROVIDE (__preinit_array_end = .)

.init_array     0x08004548        0x4
                0x08004548                PROVIDE (__init_array_start = .)
 *(SORT_BY_NAME(.init_array.*))
 *(.init_array*)
 .init_array    0x08004548        0x4 d:/chain/gcc-arm-none-eabi-10.3-2021.10-win32/gcc-arm-none-eabi-10.3-2021.10/bin/../lib/gcc/arm-none-eabi/10.3.1/thumb/v7e-m+fp/hard/crtbegin.o
                0x0800454c                PROVIDE (__init_array_end = .)

.fini_array     0x0800454c        0x4
                [!provide]                PROVIDE (__fini_array_start = .)
 *(SORT_BY_NAME(.fini_array.*))
 *(.fini_array*)
 .fini_array    0x0800454c        0x4 d:/chain/gcc-arm-none-eabi-10.3-2021.10-win32/gcc-arm-none-eabi-10.3-2021.10/bin/../lib/gcc/arm-none-eabi/10.3.1/thumb/v7e-m+fp/hard/crtbegin.o
                [!provide]                PROVIDE (__fini_array_end = .)
                0x08004550                _sidata = LOADADDR (.data)

.data           0x20000000       0x10 load address 0x08004550
                0x20000000                . = ALIGN (0x4)
                0x20000000                _sdata = .
 *(.data)
 *(.data*)
 .data.uwTickFreq
                0x20000000        0x1 build/stm32f4xx_hal.o
                0x20000000                uwTickFreq
 *fill*         0x20000001        0x3 
 .data.uwTickPrio
                0x20000004        0x4 build/stm32f4xx_hal.o
                0x20000004                uwTickPrio
 .data.SystemCoreClock
                0x20000008        0x4 build/system_stm32f4xx.o
                0x20000008                SystemCoreClock
 .data.uxCriticalNesting
                0x2000000c        0x4 build/port.o
                0x20000010                . = ALIGN (0x4)
                0x20000010                _edata = .
                0x08004560                _siccmram = LOADADDR (.ccmram)

.igot.plt       0x20000010        0x0 load address 0x08004560
 .igot.plt      0x20000010        0x0 d:/chain/gcc-arm-none-eabi-10.3-2021.10-win32/gcc-arm-none-eabi-10.3-2021.10/bin/../lib/gcc/arm-none-eabi/10.3.1/thumb/v7e-m+fp/hard/crtbegin.o

.ccmram         0x10000000        0x0 load address 0x08004560
                0x10000000                . = ALIGN (0x4)
                0x10000000                _sccmram = .
 *(.ccmram)
 *(.ccmram*)
                0x10000000                . = ALIGN (0x4)
                0x10000000                _eccmram = .
                0x10000000                . = ALIGN (0x4)

.bss            0x20000010     0x4af4
                0x20000010                _sbss = .
                0x20000010                __bss_start__ = _sbss
 *(.bss)
 .bss           0x20000010       0x1c d:/chain/gcc-arm-none-eabi-10.3-2021.10-win32/gcc-arm-none-eabi-10.3-2021.10/bin/../lib/gcc/arm-none-eabi/10.3.1/thumb/v7e-m+fp/hard/crtbegin.o
 *(.bss*)
 .bss.Btn_QueueHandle
                0x2000002c        0x4 build/freertos.o
                0x2000002c                Btn_QueueHandle
 .bss.Btn_TaskHandle
                0x20000030        0x4 build/freertos.o
                0x20000030                Btn_TaskHandle
 .bss.LED_TaskHandle
                0x20000034        0x4 build/freertos.o
                0x20000034                LED_TaskHandle
 .bss.Motor_TaskHandle
                0x20000038        0x4 build/freertos.o
                0x20000038                Motor_TaskHandle
 .bss.btn_counter
                0x2000003c        0x4 build/freertos.o
                0x2000003c                btn_counter
 .bss.cmd.42    0x20000040       0x10 build/Emm_V5.o
 .bss.cmd.43    0x20000050       0x10 build/Emm_V5.o
 .bss.htim4     0x20000060       0x48 build/stm32f4xx_hal_timebase_tim.o
                0x20000060                htim4
 .bss.uwTick    0x200000a8        0x4 build/stm32f4xx_hal.o
                0x200000a8                uwTick
 .bss.xQueueRegistry
                0x200000ac       0x40 build/queue.o
                0x200000ac                xQueueRegistry
 .bss.pxCurrentTCB
                0x200000ec        0x4 build/tasks.o
                0x200000ec                pxCurrentTCB
 .bss.pxDelayedTaskList
                0x200000f0        0x4 build/tasks.o
 .bss.pxOverflowDelayedTaskList
                0x200000f4        0x4 build/tasks.o
 .bss.pxReadyTasksLists
                0x200000f8      0x460 build/tasks.o
 .bss.uxCurrentNumberOfTasks
                0x20000558        0x4 build/tasks.o
 .bss.uxDeletedTasksWaitingCleanUp
                0x2000055c        0x4 build/tasks.o
 .bss.uxSchedulerSuspended
                0x20000560        0x4 build/tasks.o
 .bss.uxTaskNumber
                0x20000564        0x4 build/tasks.o
 .bss.uxTopReadyPriority
                0x20000568        0x4 build/tasks.o
 .bss.xDelayedTaskList1
                0x2000056c       0x14 build/tasks.o
 .bss.xDelayedTaskList2
                0x20000580       0x14 build/tasks.o
 .bss.xIdleTaskHandle
                0x20000594        0x4 build/tasks.o
 .bss.xNextTaskUnblockTime
                0x20000598        0x4 build/tasks.o
 .bss.xNumOfOverflows
                0x2000059c        0x4 build/tasks.o
 .bss.xPendedTicks
                0x200005a0        0x4 build/tasks.o
 .bss.xPendingReadyList
                0x200005a4       0x14 build/tasks.o
 .bss.xSchedulerRunning
                0x200005b8        0x4 build/tasks.o
 .bss.xSuspendedTaskList
                0x200005bc       0x14 build/tasks.o
 .bss.xTasksWaitingTermination
                0x200005d0       0x14 build/tasks.o
 .bss.xTickCount
                0x200005e4        0x4 build/tasks.o
 .bss.xYieldPending
                0x200005e8        0x4 build/tasks.o
 .bss.pxCurrentTimerList
                0x200005ec        0x4 build/timers.o
 .bss.pxOverflowTimerList
                0x200005f0        0x4 build/timers.o
 .bss.ucStaticTimerQueueStorage.1
                0x200005f4       0xa0 build/timers.o
 .bss.xActiveTimerList1
                0x20000694       0x14 build/timers.o
 .bss.xActiveTimerList2
                0x200006a8       0x14 build/timers.o
 .bss.xLastTime.2
                0x200006bc        0x4 build/timers.o
 .bss.xStaticTimerQueue.0
                0x200006c0       0x50 build/timers.o
 .bss.xTimerQueue
                0x20000710        0x4 build/timers.o
 .bss.xTimerTaskHandle
                0x20000714        0x4 build/timers.o
 .bss.Idle_Stack.2
                0x20000718      0x200 build/cmsis_os2.o
 .bss.Idle_TCB.3
                0x20000918       0x5c build/cmsis_os2.o
 .bss.KernelState
                0x20000974        0x4 build/cmsis_os2.o
 .bss.Timer_Stack.0
                0x20000978      0x400 build/cmsis_os2.o
 .bss.Timer_TCB.1
                0x20000d78       0x5c build/cmsis_os2.o
 .bss.pxEnd     0x20000dd4        0x4 build/heap_4.o
 .bss.ucHeap    0x20000dd8     0x3c00 build/heap_4.o
 .bss.xBlockAllocatedBit
                0x200049d8        0x4 build/heap_4.o
 .bss.xFreeBytesRemaining
                0x200049dc        0x4 build/heap_4.o
 .bss.xMinimumEverFreeBytesRemaining
                0x200049e0        0x4 build/heap_4.o
 .bss.xNumberOfSuccessfulAllocations
                0x200049e4        0x4 build/heap_4.o
 .bss.xNumberOfSuccessfulFrees
                0x200049e8        0x4 build/heap_4.o
 .bss.xStart    0x200049ec        0x8 build/heap_4.o
 .bss.ucMaxSysCallPriority
                0x200049f4        0x1 build/port.o
 *fill*         0x200049f5        0x3 
 .bss.ulMaxPRIGROUPValue
                0x200049f8        0x4 build/port.o
 .bss.hdma_usart6_rx
                0x200049fc       0x60 build/usart.o
                0x200049fc                hdma_usart6_rx
 .bss.hdma_usart6_tx
                0x20004a5c       0x60 build/usart.o
                0x20004a5c                hdma_usart6_tx
 .bss.huart6    0x20004abc       0x48 build/usart.o
                0x20004abc                huart6
 *(COMMON)
                0x20004b04                . = ALIGN (0x4)
                0x20004b04                _ebss = .
                0x20004b04                __bss_end__ = _ebss

._user_heap_stack
                0x20004b04      0x604
                0x20004b08                . = ALIGN (0x8)
 *fill*         0x20004b04        0x4 
                [!provide]                PROVIDE (end = .)
                0x20004b08                PROVIDE (_end = .)
                0x20004d08                . = (. + _Min_Heap_Size)
 *fill*         0x20004b08      0x200 
                0x20005108                . = (. + _Min_Stack_Size)
 *fill*         0x20004d08      0x400 
                0x20005108                . = ALIGN (0x8)

/DISCARD/
 libc.a(*)
 libm.a(*)
 libgcc.a(*)

.ARM.attributes
                0x00000000       0x30
 *(.ARM.attributes)
 .ARM.attributes
                0x00000000       0x1e d:/chain/gcc-arm-none-eabi-10.3-2021.10-win32/gcc-arm-none-eabi-10.3-2021.10/bin/../lib/gcc/arm-none-eabi/10.3.1/thumb/v7e-m+fp/hard/crti.o
 .ARM.attributes
                0x0000001e       0x34 d:/chain/gcc-arm-none-eabi-10.3-2021.10-win32/gcc-arm-none-eabi-10.3-2021.10/bin/../lib/gcc/arm-none-eabi/10.3.1/thumb/v7e-m+fp/hard/crtbegin.o
 .ARM.attributes
                0x00000052       0x34 build/main.o
 .ARM.attributes
                0x00000086       0x34 build/gpio.o
 .ARM.attributes
                0x000000ba       0x34 build/freertos.o
 .ARM.attributes
                0x000000ee       0x34 build/Emm_V5.o
 .ARM.attributes
                0x00000122       0x34 build/stm32f4xx_it.o
 .ARM.attributes
                0x00000156       0x34 build/stm32f4xx_hal_msp.o
 .ARM.attributes
                0x0000018a       0x34 build/stm32f4xx_hal_timebase_tim.o
 .ARM.attributes
                0x000001be       0x34 build/stm32f4xx_hal_rcc.o
 .ARM.attributes
                0x000001f2       0x34 build/stm32f4xx_hal_gpio.o
 .ARM.attributes
                0x00000226       0x34 build/stm32f4xx_hal_dma.o
 .ARM.attributes
                0x0000025a       0x34 build/stm32f4xx_hal_pwr_ex.o
 .ARM.attributes
                0x0000028e       0x34 build/stm32f4xx_hal_cortex.o
 .ARM.attributes
                0x000002c2       0x34 build/stm32f4xx_hal.o
 .ARM.attributes
                0x000002f6       0x34 build/stm32f4xx_hal_tim.o
 .ARM.attributes
                0x0000032a       0x34 build/stm32f4xx_hal_tim_ex.o
 .ARM.attributes
                0x0000035e       0x34 build/system_stm32f4xx.o
 .ARM.attributes
                0x00000392       0x34 build/list.o
 .ARM.attributes
                0x000003c6       0x34 build/queue.o
 .ARM.attributes
                0x000003fa       0x34 build/tasks.o
 .ARM.attributes
                0x0000042e       0x34 build/timers.o
 .ARM.attributes
                0x00000462       0x34 build/cmsis_os2.o
 .ARM.attributes
                0x00000496       0x34 build/heap_4.o
 .ARM.attributes
                0x000004ca       0x34 build/port.o
 .ARM.attributes
                0x000004fe       0x34 build/dma.o
 .ARM.attributes
                0x00000532       0x34 build/usart.o
 .ARM.attributes
                0x00000566       0x34 build/stm32f4xx_hal_uart.o
 .ARM.attributes
                0x0000059a       0x21 build/startup_stm32f427xx.o
 .ARM.attributes
                0x000005bb       0x34 d:/chain/gcc-arm-none-eabi-10.3-2021.10-win32/gcc-arm-none-eabi-10.3-2021.10/bin/../lib/gcc/arm-none-eabi/10.3.1/../../../../arm-none-eabi/lib/thumb/v7e-m+fp/hard\libc_nano.a(lib_a-init.o)
 .ARM.attributes
                0x000005ef       0x34 d:/chain/gcc-arm-none-eabi-10.3-2021.10-win32/gcc-arm-none-eabi-10.3-2021.10/bin/../lib/gcc/arm-none-eabi/10.3.1/../../../../arm-none-eabi/lib/thumb/v7e-m+fp/hard\libc_nano.a(lib_a-memcpy-stub.o)
 .ARM.attributes
                0x00000623       0x34 d:/chain/gcc-arm-none-eabi-10.3-2021.10-win32/gcc-arm-none-eabi-10.3-2021.10/bin/../lib/gcc/arm-none-eabi/10.3.1/../../../../arm-none-eabi/lib/thumb/v7e-m+fp/hard\libc_nano.a(lib_a-memset.o)
 .ARM.attributes
                0x00000657       0x1e d:/chain/gcc-arm-none-eabi-10.3-2021.10-win32/gcc-arm-none-eabi-10.3-2021.10/bin/../lib/gcc/arm-none-eabi/10.3.1/thumb/v7e-m+fp/hard\libgcc.a(_aeabi_uldivmod.o)
 .ARM.attributes
                0x00000675       0x34 d:/chain/gcc-arm-none-eabi-10.3-2021.10-win32/gcc-arm-none-eabi-10.3-2021.10/bin/../lib/gcc/arm-none-eabi/10.3.1/thumb/v7e-m+fp/hard\libgcc.a(_udivmoddi4.o)
 .ARM.attributes
                0x000006a9       0x1e d:/chain/gcc-arm-none-eabi-10.3-2021.10-win32/gcc-arm-none-eabi-10.3-2021.10/bin/../lib/gcc/arm-none-eabi/10.3.1/thumb/v7e-m+fp/hard\libgcc.a(_dvmd_tls.o)
 .ARM.attributes
                0x000006c7       0x1e d:/chain/gcc-arm-none-eabi-10.3-2021.10-win32/gcc-arm-none-eabi-10.3-2021.10/bin/../lib/gcc/arm-none-eabi/10.3.1/thumb/v7e-m+fp/hard/crtn.o
OUTPUT(build/test_freertos.elf elf32-littlearm)
LOAD linker stubs
LOAD d:/chain/gcc-arm-none-eabi-10.3-2021.10-win32/gcc-arm-none-eabi-10.3-2021.10/bin/../lib/gcc/arm-none-eabi/10.3.1/../../../../arm-none-eabi/lib/thumb/v7e-m+fp/hard\libc.a
LOAD d:/chain/gcc-arm-none-eabi-10.3-2021.10-win32/gcc-arm-none-eabi-10.3-2021.10/bin/../lib/gcc/arm-none-eabi/10.3.1/../../../../arm-none-eabi/lib/thumb/v7e-m+fp/hard\libm.a
LOAD d:/chain/gcc-arm-none-eabi-10.3-2021.10-win32/gcc-arm-none-eabi-10.3-2021.10/bin/../lib/gcc/arm-none-eabi/10.3.1/thumb/v7e-m+fp/hard\libgcc.a

.debug_info     0x00000000    0x238fb
 .debug_info    0x00000000      0xd4b build/main.o
 .debug_info    0x00000d4b      0x51d build/gpio.o
 .debug_info    0x00001268      0x84d build/freertos.o
 .debug_info    0x00001ab5     0x2957 build/Emm_V5.o
 .debug_info    0x0000440c      0xb28 build/stm32f4xx_it.o
 .debug_info    0x00004f34      0x58d build/stm32f4xx_hal_msp.o
 .debug_info    0x000054c1      0xdd9 build/stm32f4xx_hal_timebase_tim.o
 .debug_info    0x0000629a      0xc1e build/stm32f4xx_hal_rcc.o
 .debug_info    0x00006eb8      0x86a build/stm32f4xx_hal_gpio.o
 .debug_info    0x00007722      0xbd1 build/stm32f4xx_hal_dma.o
 .debug_info    0x000082f3      0x85e build/stm32f4xx_hal_pwr_ex.o
 .debug_info    0x00008b51     0x11f0 build/stm32f4xx_hal_cortex.o
 .debug_info    0x00009d41      0xb49 build/stm32f4xx_hal.o
 .debug_info    0x0000a88a     0x40cc build/stm32f4xx_hal_tim.o
 .debug_info    0x0000e956     0x1c8f build/stm32f4xx_hal_tim_ex.o
 .debug_info    0x000105e5      0x5d5 build/system_stm32f4xx.o
 .debug_info    0x00010bba      0x30f build/list.o
 .debug_info    0x00010ec9     0x2968 build/queue.o
 .debug_info    0x00013831     0x333f build/tasks.o
 .debug_info    0x00016b70     0x1bd3 build/timers.o
 .debug_info    0x00018743     0x4e49 build/cmsis_os2.o
 .debug_info    0x0001d58c      0x61a build/heap_4.o
 .debug_info    0x0001dba6      0x5c8 build/port.o
 .debug_info    0x0001e16e      0x5c7 build/dma.o
 .debug_info    0x0001e735      0xe5e build/usart.o
 .debug_info    0x0001f593     0x4346 build/stm32f4xx_hal_uart.o
 .debug_info    0x000238d9       0x22 build/startup_stm32f427xx.o

.debug_abbrev   0x00000000     0x3e0f
 .debug_abbrev  0x00000000      0x230 build/main.o
 .debug_abbrev  0x00000230      0x151 build/gpio.o
 .debug_abbrev  0x00000381      0x199 build/freertos.o
 .debug_abbrev  0x0000051a      0x244 build/Emm_V5.o
 .debug_abbrev  0x0000075e      0x183 build/stm32f4xx_it.o
 .debug_abbrev  0x000008e1      0x11c build/stm32f4xx_hal_msp.o
 .debug_abbrev  0x000009fd      0x202 build/stm32f4xx_hal_timebase_tim.o
 .debug_abbrev  0x00000bff      0x2aa build/stm32f4xx_hal_rcc.o
 .debug_abbrev  0x00000ea9      0x22b build/stm32f4xx_hal_gpio.o
 .debug_abbrev  0x000010d4      0x2ff build/stm32f4xx_hal_dma.o
 .debug_abbrev  0x000013d3      0x1c3 build/stm32f4xx_hal_pwr_ex.o
 .debug_abbrev  0x00001596      0x379 build/stm32f4xx_hal_cortex.o
 .debug_abbrev  0x0000190f      0x209 build/stm32f4xx_hal.o
 .debug_abbrev  0x00001b18      0x289 build/stm32f4xx_hal_tim.o
 .debug_abbrev  0x00001da1      0x29f build/stm32f4xx_hal_tim_ex.o
 .debug_abbrev  0x00002040      0x11b build/system_stm32f4xx.o
 .debug_abbrev  0x0000215b      0x124 build/list.o
 .debug_abbrev  0x0000227f      0x3c4 build/queue.o
 .debug_abbrev  0x00002643      0x387 build/tasks.o
 .debug_abbrev  0x000029ca      0x366 build/timers.o
 .debug_abbrev  0x00002d30      0x56a build/cmsis_os2.o
 .debug_abbrev  0x0000329a      0x269 build/heap_4.o
 .debug_abbrev  0x00003503      0x28a build/port.o
 .debug_abbrev  0x0000378d      0x129 build/dma.o
 .debug_abbrev  0x000038b6      0x1fa build/usart.o
 .debug_abbrev  0x00003ab0      0x34d build/stm32f4xx_hal_uart.o
 .debug_abbrev  0x00003dfd       0x12 build/startup_stm32f427xx.o

.debug_loc      0x00000000    0x1f4b0
 .debug_loc     0x00000000       0xc8 build/main.o
 .debug_loc     0x000000c8       0x38 build/gpio.o
 .debug_loc     0x00000100       0xfb build/freertos.o
 .debug_loc     0x000001fb     0x3637 build/Emm_V5.o
 .debug_loc     0x00003832       0x80 build/stm32f4xx_it.o
 .debug_loc     0x000038b2       0x38 build/stm32f4xx_hal_msp.o
 .debug_loc     0x000038ea      0x136 build/stm32f4xx_hal_timebase_tim.o
 .debug_loc     0x00003a20      0x6e4 build/stm32f4xx_hal_rcc.o
 .debug_loc     0x00004104      0x5e8 build/stm32f4xx_hal_gpio.o
 .debug_loc     0x000046ec      0xd6d build/stm32f4xx_hal_dma.o
 .debug_loc     0x00005459      0x378 build/stm32f4xx_hal_pwr_ex.o
 .debug_loc     0x000057d1      0x7a4 build/stm32f4xx_hal_cortex.o
 .debug_loc     0x00005f75      0x1e1 build/stm32f4xx_hal.o
 .debug_loc     0x00006156     0x5bd3 build/stm32f4xx_hal_tim.o
 .debug_loc     0x0000bd29     0x212a build/stm32f4xx_hal_tim_ex.o
 .debug_loc     0x0000de53       0xbe build/system_stm32f4xx.o
 .debug_loc     0x0000df11       0xe5 build/list.o
 .debug_loc     0x0000dff6     0x1fe4 build/queue.o
 .debug_loc     0x0000ffda     0x2c72 build/tasks.o
 .debug_loc     0x00012c4c     0x1586 build/timers.o
 .debug_loc     0x000141d2     0x5dbc build/cmsis_os2.o
 .debug_loc     0x00019f8e      0x4e4 build/heap_4.o
 .debug_loc     0x0001a472      0x1c0 build/port.o
 .debug_loc     0x0001a632       0x38 build/dma.o
 .debug_loc     0x0001a66a       0xf5 build/usart.o
 .debug_loc     0x0001a75f     0x4d51 build/stm32f4xx_hal_uart.o

.debug_aranges  0x00000000     0x16f8
 .debug_aranges
                0x00000000       0x38 build/main.o
 .debug_aranges
                0x00000038       0x20 build/gpio.o
 .debug_aranges
                0x00000058       0x38 build/freertos.o
 .debug_aranges
                0x00000090      0x238 build/Emm_V5.o
 .debug_aranges
                0x000002c8       0x68 build/stm32f4xx_it.o
 .debug_aranges
                0x00000330       0x20 build/stm32f4xx_hal_msp.o
 .debug_aranges
                0x00000350       0x30 build/stm32f4xx_hal_timebase_tim.o
 .debug_aranges
                0x00000380       0x88 build/stm32f4xx_hal_rcc.o
 .debug_aranges
                0x00000408       0x58 build/stm32f4xx_hal_gpio.o
 .debug_aranges
                0x00000460       0x90 build/stm32f4xx_hal_dma.o
 .debug_aranges
                0x000004f0       0x60 build/stm32f4xx_hal_pwr_ex.o
 .debug_aranges
                0x00000550       0xc0 build/stm32f4xx_hal_cortex.o
 .debug_aranges
                0x00000610      0x100 build/stm32f4xx_hal.o
 .debug_aranges
                0x00000710      0x3d0 build/stm32f4xx_hal_tim.o
 .debug_aranges
                0x00000ae0      0x168 build/stm32f4xx_hal_tim_ex.o
 .debug_aranges
                0x00000c48       0x28 build/system_stm32f4xx.o
 .debug_aranges
                0x00000c70       0x40 build/list.o
 .debug_aranges
                0x00000cb0      0x158 build/queue.o
 .debug_aranges
                0x00000e08      0x208 build/tasks.o
 .debug_aranges
                0x00001010       0xf0 build/timers.o
 .debug_aranges
                0x00001100      0x2a0 build/cmsis_os2.o
 .debug_aranges
                0x000013a0       0x58 build/heap_4.o
 .debug_aranges
                0x000013f8       0x80 build/port.o
 .debug_aranges
                0x00001478       0x20 build/dma.o
 .debug_aranges
                0x00001498       0x30 build/usart.o
 .debug_aranges
                0x000014c8      0x208 build/stm32f4xx_hal_uart.o
 .debug_aranges
                0x000016d0       0x28 build/startup_stm32f427xx.o

.debug_ranges   0x00000000     0x1808
 .debug_ranges  0x00000000       0x28 build/main.o
 .debug_ranges  0x00000028       0x10 build/gpio.o
 .debug_ranges  0x00000038       0x28 build/freertos.o
 .debug_ranges  0x00000060      0x228 build/Emm_V5.o
 .debug_ranges  0x00000288       0x58 build/stm32f4xx_it.o
 .debug_ranges  0x000002e0       0x10 build/stm32f4xx_hal_msp.o
 .debug_ranges  0x000002f0       0x20 build/stm32f4xx_hal_timebase_tim.o
 .debug_ranges  0x00000310       0x90 build/stm32f4xx_hal_rcc.o
 .debug_ranges  0x000003a0       0x48 build/stm32f4xx_hal_gpio.o
 .debug_ranges  0x000003e8       0x80 build/stm32f4xx_hal_dma.o
 .debug_ranges  0x00000468       0x50 build/stm32f4xx_hal_pwr_ex.o
 .debug_ranges  0x000004b8      0x110 build/stm32f4xx_hal_cortex.o
 .debug_ranges  0x000005c8       0xf0 build/stm32f4xx_hal.o
 .debug_ranges  0x000006b8      0x3c0 build/stm32f4xx_hal_tim.o
 .debug_ranges  0x00000a78      0x158 build/stm32f4xx_hal_tim_ex.o
 .debug_ranges  0x00000bd0       0x18 build/system_stm32f4xx.o
 .debug_ranges  0x00000be8       0x30 build/list.o
 .debug_ranges  0x00000c18      0x218 build/queue.o
 .debug_ranges  0x00000e30      0x338 build/tasks.o
 .debug_ranges  0x00001168       0xe0 build/timers.o
 .debug_ranges  0x00001248      0x2a8 build/cmsis_os2.o
 .debug_ranges  0x000014f0       0x48 build/heap_4.o
 .debug_ranges  0x00001538       0x88 build/port.o
 .debug_ranges  0x000015c0       0x10 build/dma.o
 .debug_ranges  0x000015d0       0x20 build/usart.o
 .debug_ranges  0x000015f0      0x1f8 build/stm32f4xx_hal_uart.o
 .debug_ranges  0x000017e8       0x20 build/startup_stm32f427xx.o

.debug_line     0x00000000    0x1b90d
 .debug_line    0x00000000      0x413 build/main.o
 .debug_line    0x00000413      0x209 build/gpio.o
 .debug_line    0x0000061c      0x2f4 build/freertos.o
 .debug_line    0x00000910     0x2649 build/Emm_V5.o
 .debug_line    0x00002f59      0x316 build/stm32f4xx_it.o
 .debug_line    0x0000326f      0x1cb build/stm32f4xx_hal_msp.o
 .debug_line    0x0000343a      0x31f build/stm32f4xx_hal_timebase_tim.o
 .debug_line    0x00003759      0xb7c build/stm32f4xx_hal_rcc.o
 .debug_line    0x000042d5      0x72a build/stm32f4xx_hal_gpio.o
 .debug_line    0x000049ff      0xe59 build/stm32f4xx_hal_dma.o
 .debug_line    0x00005858      0x4e6 build/stm32f4xx_hal_pwr_ex.o
 .debug_line    0x00005d3e      0x7e0 build/stm32f4xx_hal_cortex.o
 .debug_line    0x0000651e      0x5d1 build/stm32f4xx_hal.o
 .debug_line    0x00006aef     0x4afe build/stm32f4xx_hal_tim.o
 .debug_line    0x0000b5ed     0x1ce4 build/stm32f4xx_hal_tim_ex.o
 .debug_line    0x0000d2d1      0x284 build/system_stm32f4xx.o
 .debug_line    0x0000d555      0x38d build/list.o
 .debug_line    0x0000d8e2     0x2098 build/queue.o
 .debug_line    0x0000f97a     0x2e02 build/tasks.o
 .debug_line    0x0001277c      0xf6e build/timers.o
 .debug_line    0x000136ea     0x2a29 build/cmsis_os2.o
 .debug_line    0x00016113      0x780 build/heap_4.o
 .debug_line    0x00016893      0x73e build/port.o
 .debug_line    0x00016fd1      0x1b9 build/dma.o
 .debug_line    0x0001718a      0x3df build/usart.o
 .debug_line    0x00017569     0x432e build/stm32f4xx_hal_uart.o
 .debug_line    0x0001b897       0x76 build/startup_stm32f427xx.o

.debug_str      0x00000000     0x79c6
 .debug_str     0x00000000      0x972 build/main.o
                                0xa3a (size before relaxing)
 .debug_str     0x00000972       0xbf build/gpio.o
                                0x369 (size before relaxing)
 .debug_str     0x00000a31      0x614 build/freertos.o
                                0x805 (size before relaxing)
 .debug_str     0x00001045      0x9d5 build/Emm_V5.o
                                0xe1c (size before relaxing)
 .debug_str     0x00001a1a      0x12d build/stm32f4xx_it.o
                                0x9f1 (size before relaxing)
 .debug_str     0x00001b47      0x579 build/stm32f4xx_hal_msp.o
                                0x808 (size before relaxing)
 .debug_str     0x000020c0      0x123 build/stm32f4xx_hal_timebase_tim.o
                                0xeac (size before relaxing)
 .debug_str     0x000021e3      0x1f0 build/stm32f4xx_hal_rcc.o
                                0x703 (size before relaxing)
 .debug_str     0x000023d3      0x124 build/stm32f4xx_hal_gpio.o
                                0x4dd (size before relaxing)
 .debug_str     0x000024f7      0x2f8 build/stm32f4xx_hal_dma.o
                                0x760 (size before relaxing)
 .debug_str     0x000027ef      0x18f build/stm32f4xx_hal_pwr_ex.o
                                0x4c8 (size before relaxing)
 .debug_str     0x0000297e      0x4c0 build/stm32f4xx_hal_cortex.o
                                0xcac (size before relaxing)
 .debug_str     0x00002e3e      0x2ae build/stm32f4xx_hal.o
                                0xbdf (size before relaxing)
 .debug_str     0x000030ec      0xeb4 build/stm32f4xx_hal_tim.o
                               0x16b3 (size before relaxing)
 .debug_str     0x00003fa0      0x591 build/stm32f4xx_hal_tim_ex.o
                                0xea4 (size before relaxing)
 .debug_str     0x00004531       0x47 build/system_stm32f4xx.o
                                0x372 (size before relaxing)
 .debug_str     0x00004578      0x14d build/list.o
                                0x2ec (size before relaxing)
 .debug_str     0x000046c5      0xa2a build/queue.o
                                0xd02 (size before relaxing)
 .debug_str     0x000050ef      0xc95 build/tasks.o
                               0x12d1 (size before relaxing)
 .debug_str     0x00005d84      0x5d8 build/timers.o
                                0xc32 (size before relaxing)
 .debug_str     0x0000635c      0xbce build/cmsis_os2.o
                               0x218c (size before relaxing)
 .debug_str     0x00006f2a      0x2bf build/heap_4.o
                                0x4fa (size before relaxing)
 .debug_str     0x000071e9      0x17d build/port.o
                                0x46c (size before relaxing)
 .debug_str     0x00007366        0xf build/dma.o
                                0x80d (size before relaxing)
 .debug_str     0x00007375       0x4e build/usart.o
                                0xdd2 (size before relaxing)
 .debug_str     0x000073c3      0x5df build/stm32f4xx_hal_uart.o
                                0xd85 (size before relaxing)
 .debug_str     0x000079a2       0x24 build/startup_stm32f427xx.o
                                 0x54 (size before relaxing)

.comment        0x00000000       0x49
 .comment       0x00000000       0x49 build/main.o
                                 0x4a (size before relaxing)
 .comment       0x00000049       0x4a build/gpio.o
 .comment       0x00000049       0x4a build/freertos.o
 .comment       0x00000049       0x4a build/Emm_V5.o
 .comment       0x00000049       0x4a build/stm32f4xx_it.o
 .comment       0x00000049       0x4a build/stm32f4xx_hal_msp.o
 .comment       0x00000049       0x4a build/stm32f4xx_hal_timebase_tim.o
 .comment       0x00000049       0x4a build/stm32f4xx_hal_rcc.o
 .comment       0x00000049       0x4a build/stm32f4xx_hal_gpio.o
 .comment       0x00000049       0x4a build/stm32f4xx_hal_dma.o
 .comment       0x00000049       0x4a build/stm32f4xx_hal_pwr_ex.o
 .comment       0x00000049       0x4a build/stm32f4xx_hal_cortex.o
 .comment       0x00000049       0x4a build/stm32f4xx_hal.o
 .comment       0x00000049       0x4a build/stm32f4xx_hal_tim.o
 .comment       0x00000049       0x4a build/stm32f4xx_hal_tim_ex.o
 .comment       0x00000049       0x4a build/system_stm32f4xx.o
 .comment       0x00000049       0x4a build/list.o
 .comment       0x00000049       0x4a build/queue.o
 .comment       0x00000049       0x4a build/tasks.o
 .comment       0x00000049       0x4a build/timers.o
 .comment       0x00000049       0x4a build/cmsis_os2.o
 .comment       0x00000049       0x4a build/heap_4.o
 .comment       0x00000049       0x4a build/port.o
 .comment       0x00000049       0x4a build/dma.o
 .comment       0x00000049       0x4a build/usart.o
 .comment       0x00000049       0x4a build/stm32f4xx_hal_uart.o

.debug_frame    0x00000000     0x412c
 .debug_frame   0x00000000       0x70 build/main.o
 .debug_frame   0x00000070       0x34 build/gpio.o
 .debug_frame   0x000000a4       0x74 build/freertos.o
 .debug_frame   0x00000118      0x6a8 build/Emm_V5.o
 .debug_frame   0x000007c0       0xd0 build/stm32f4xx_it.o
 .debug_frame   0x00000890       0x2c build/stm32f4xx_hal_msp.o
 .debug_frame   0x000008bc       0x54 build/stm32f4xx_hal_timebase_tim.o
 .debug_frame   0x00000910      0x16c build/stm32f4xx_hal_rcc.o
 .debug_frame   0x00000a7c       0xd8 build/stm32f4xx_hal_gpio.o
 .debug_frame   0x00000b54      0x188 build/stm32f4xx_hal_dma.o
 .debug_frame   0x00000cdc       0xf4 build/stm32f4xx_hal_pwr_ex.o
 .debug_frame   0x00000dd0      0x178 build/stm32f4xx_hal_cortex.o
 .debug_frame   0x00000f48      0x20c build/stm32f4xx_hal.o
 .debug_frame   0x00001154      0xb10 build/stm32f4xx_hal_tim.o
 .debug_frame   0x00001c64      0x40c build/stm32f4xx_hal_tim_ex.o
 .debug_frame   0x00002070       0x30 build/system_stm32f4xx.o
 .debug_frame   0x000020a0       0x70 build/list.o
 .debug_frame   0x00002110      0x458 build/queue.o
 .debug_frame   0x00002568      0x688 build/tasks.o
 .debug_frame   0x00002bf0      0x30c build/timers.o
 .debug_frame   0x00002efc      0x900 build/cmsis_os2.o
 .debug_frame   0x000037fc       0xd0 build/heap_4.o
 .debug_frame   0x000038cc      0x110 build/port.o
 .debug_frame   0x000039dc       0x30 build/dma.o
 .debug_frame   0x00003a0c       0x64 build/usart.o
 .debug_frame   0x00003a70      0x5e8 build/stm32f4xx_hal_uart.o
 .debug_frame   0x00004058       0x2c d:/chain/gcc-arm-none-eabi-10.3-2021.10-win32/gcc-arm-none-eabi-10.3-2021.10/bin/../lib/gcc/arm-none-eabi/10.3.1/../../../../arm-none-eabi/lib/thumb/v7e-m+fp/hard\libc_nano.a(lib_a-init.o)
 .debug_frame   0x00004084       0x28 d:/chain/gcc-arm-none-eabi-10.3-2021.10-win32/gcc-arm-none-eabi-10.3-2021.10/bin/../lib/gcc/arm-none-eabi/10.3.1/../../../../arm-none-eabi/lib/thumb/v7e-m+fp/hard\libc_nano.a(lib_a-memcpy-stub.o)
 .debug_frame   0x000040ac       0x20 d:/chain/gcc-arm-none-eabi-10.3-2021.10-win32/gcc-arm-none-eabi-10.3-2021.10/bin/../lib/gcc/arm-none-eabi/10.3.1/../../../../arm-none-eabi/lib/thumb/v7e-m+fp/hard\libc_nano.a(lib_a-memset.o)
 .debug_frame   0x000040cc       0x2c d:/chain/gcc-arm-none-eabi-10.3-2021.10-win32/gcc-arm-none-eabi-10.3-2021.10/bin/../lib/gcc/arm-none-eabi/10.3.1/thumb/v7e-m+fp/hard\libgcc.a(_aeabi_uldivmod.o)
 .debug_frame   0x000040f8       0x34 d:/chain/gcc-arm-none-eabi-10.3-2021.10-win32/gcc-arm-none-eabi-10.3-2021.10/bin/../lib/gcc/arm-none-eabi/10.3.1/thumb/v7e-m+fp/hard\libgcc.a(_udivmoddi4.o)

Cross Reference Table

Symbol                                            File
ADC_IRQHandler                                    build/startup_stm32f427xx.o
AHBPrescTable                                     build/system_stm32f4xx.o
                                                  build/stm32f4xx_hal_rcc.o
APBPrescTable                                     build/system_stm32f4xx.o
                                                  build/stm32f4xx_hal_rcc.o
Btn_QueueHandle                                   build/freertos.o
Btn_Queue_attributes                              build/freertos.o
Btn_TaskHandle                                    build/freertos.o
Btn_Task_attributes                               build/freertos.o
BusFault_Handler                                  build/stm32f4xx_it.o
CAN1_RX0_IRQHandler                               build/startup_stm32f427xx.o
CAN1_RX1_IRQHandler                               build/startup_stm32f427xx.o
CAN1_SCE_IRQHandler                               build/startup_stm32f427xx.o
CAN1_TX_IRQHandler                                build/startup_stm32f427xx.o
CAN2_RX0_IRQHandler                               build/startup_stm32f427xx.o
CAN2_RX1_IRQHandler                               build/startup_stm32f427xx.o
CAN2_SCE_IRQHandler                               build/startup_stm32f427xx.o
CAN2_TX_IRQHandler                                build/startup_stm32f427xx.o
DCMI_IRQHandler                                   build/startup_stm32f427xx.o
DMA1_Stream0_IRQHandler                           build/startup_stm32f427xx.o
DMA1_Stream1_IRQHandler                           build/startup_stm32f427xx.o
DMA1_Stream2_IRQHandler                           build/startup_stm32f427xx.o
DMA1_Stream3_IRQHandler                           build/startup_stm32f427xx.o
DMA1_Stream4_IRQHandler                           build/startup_stm32f427xx.o
DMA1_Stream5_IRQHandler                           build/startup_stm32f427xx.o
DMA1_Stream6_IRQHandler                           build/startup_stm32f427xx.o
DMA1_Stream7_IRQHandler                           build/startup_stm32f427xx.o
DMA2D_IRQHandler                                  build/startup_stm32f427xx.o
DMA2_Stream0_IRQHandler                           build/startup_stm32f427xx.o
DMA2_Stream1_IRQHandler                           build/stm32f4xx_it.o
DMA2_Stream2_IRQHandler                           build/startup_stm32f427xx.o
DMA2_Stream3_IRQHandler                           build/startup_stm32f427xx.o
DMA2_Stream4_IRQHandler                           build/startup_stm32f427xx.o
DMA2_Stream5_IRQHandler                           build/startup_stm32f427xx.o
DMA2_Stream6_IRQHandler                           build/stm32f4xx_it.o
DMA2_Stream7_IRQHandler                           build/startup_stm32f427xx.o
DebugMon_Handler                                  build/stm32f4xx_it.o
Default_Handler                                   build/startup_stm32f427xx.o
ETH_IRQHandler                                    build/startup_stm32f427xx.o
ETH_WKUP_IRQHandler                               build/startup_stm32f427xx.o
EXTI0_IRQHandler                                  build/startup_stm32f427xx.o
EXTI15_10_IRQHandler                              build/startup_stm32f427xx.o
EXTI1_IRQHandler                                  build/startup_stm32f427xx.o
EXTI2_IRQHandler                                  build/startup_stm32f427xx.o
EXTI3_IRQHandler                                  build/startup_stm32f427xx.o
EXTI4_IRQHandler                                  build/startup_stm32f427xx.o
EXTI9_5_IRQHandler                                build/startup_stm32f427xx.o
Emm_V5_Auto_Return_Sys_Params_Timed               build/Emm_V5.o
Emm_V5_En_Control                                 build/Emm_V5.o
                                                  build/freertos.o
Emm_V5_MMCL_Auto_Return_Sys_Params_Timed          build/Emm_V5.o
Emm_V5_MMCL_En_Control                            build/Emm_V5.o
Emm_V5_MMCL_Origin_Interrupt                      build/Emm_V5.o
Emm_V5_MMCL_Origin_Modify_Params                  build/Emm_V5.o
Emm_V5_MMCL_Origin_Set_O                          build/Emm_V5.o
Emm_V5_MMCL_Origin_Trigger_Return                 build/Emm_V5.o
Emm_V5_MMCL_Pos_Control                           build/Emm_V5.o
Emm_V5_MMCL_QPos_Control                          build/Emm_V5.o
Emm_V5_MMCL_Read_Sys_Params                       build/Emm_V5.o
Emm_V5_MMCL_Reset_Clog_Pro                        build/Emm_V5.o
Emm_V5_MMCL_Reset_CurPos_To_Zero                  build/Emm_V5.o
Emm_V5_MMCL_Reset_Motor                           build/Emm_V5.o
Emm_V5_MMCL_Restore_Motor                         build/Emm_V5.o
Emm_V5_MMCL_Set_QPos_Params                       build/Emm_V5.o
Emm_V5_MMCL_Stop_Now                              build/Emm_V5.o
Emm_V5_MMCL_Synchronous_motion                    build/Emm_V5.o
Emm_V5_MMCL_Trig_Encoder_Cal                      build/Emm_V5.o
Emm_V5_MMCL_Vel_Control                           build/Emm_V5.o
Emm_V5_Modify_Ctrl_Mode                           build/Emm_V5.o
Emm_V5_Modify_DMX512_Params                       build/Emm_V5.o
Emm_V5_Modify_FOC_mA                              build/Emm_V5.o
Emm_V5_Modify_Firmware_Type                       build/Emm_V5.o
Emm_V5_Modify_Heart_Protect                       build/Emm_V5.o
Emm_V5_Modify_Integral_Limit                      build/Emm_V5.o
Emm_V5_Modify_Lock_Btn                            build/Emm_V5.o
Emm_V5_Modify_MicroStep                           build/Emm_V5.o
Emm_V5_Modify_Motor_Dir                           build/Emm_V5.o
Emm_V5_Modify_Motor_ID                            build/Emm_V5.o
Emm_V5_Modify_Motor_Type                          build/Emm_V5.o
Emm_V5_Modify_OM_mA                               build/Emm_V5.o
Emm_V5_Modify_Otocp                               build/Emm_V5.o
Emm_V5_Modify_PDFlag                              build/Emm_V5.o
Emm_V5_Modify_PID_Params                          build/Emm_V5.o
Emm_V5_Modify_Pos_Window                          build/Emm_V5.o
Emm_V5_Modify_S_Vel                               build/Emm_V5.o
Emm_V5_Multi_Motor_Cmd                            build/Emm_V5.o
Emm_V5_Origin_Interrupt                           build/Emm_V5.o
Emm_V5_Origin_Modify_Params                       build/Emm_V5.o
Emm_V5_Origin_Read_Params                         build/Emm_V5.o
Emm_V5_Origin_Set_O                               build/Emm_V5.o
Emm_V5_Origin_Trigger_Return                      build/Emm_V5.o
Emm_V5_Pos_Control                                build/Emm_V5.o
Emm_V5_QPos_Control                               build/Emm_V5.o
Emm_V5_Read_DMX512_Params                         build/Emm_V5.o
Emm_V5_Read_Heart_Protect                         build/Emm_V5.o
Emm_V5_Read_Integral_Limit                        build/Emm_V5.o
Emm_V5_Read_Motor_Conf_Params                     build/Emm_V5.o
Emm_V5_Read_Opt_Param_Sta                         build/Emm_V5.o
Emm_V5_Read_Otocp                                 build/Emm_V5.o
Emm_V5_Read_PID_Params                            build/Emm_V5.o
Emm_V5_Read_Pos_Window                            build/Emm_V5.o
Emm_V5_Read_Sys_Params                            build/Emm_V5.o
Emm_V5_Read_System_State_Params                   build/Emm_V5.o
Emm_V5_Reset_Clog_Pro                             build/Emm_V5.o
Emm_V5_Reset_CurPos_To_Zero                       build/Emm_V5.o
Emm_V5_Reset_Motor                                build/Emm_V5.o
Emm_V5_Restore_Motor                              build/Emm_V5.o
Emm_V5_Set_QPos_Params                            build/Emm_V5.o
Emm_V5_Stop_Now                                   build/Emm_V5.o
Emm_V5_Synchronous_motion                         build/Emm_V5.o
Emm_V5_Trig_Encoder_Cal                           build/Emm_V5.o
Emm_V5_Vel_Control                                build/Emm_V5.o
                                                  build/freertos.o
Error_Handler                                     build/main.o
                                                  build/usart.o
FLASH_Erase_Sector                                build/stm32f4xx_hal_flash_ex.o
                                                  build/stm32f4xx_hal_flash.o
FLASH_FlushCaches                                 build/stm32f4xx_hal_flash_ex.o
                                                  build/stm32f4xx_hal_flash.o
FLASH_IRQHandler                                  build/startup_stm32f427xx.o
FLASH_WaitForLastOperation                        build/stm32f4xx_hal_flash.o
                                                  build/stm32f4xx_hal_flash_ex.o
FMC_IRQHandler                                    build/startup_stm32f427xx.o
FPU_IRQHandler                                    build/startup_stm32f427xx.o
HAL_CORTEX_ClearEvent                             build/stm32f4xx_hal_cortex.o
HAL_DBGMCU_DisableDBGSleepMode                    build/stm32f4xx_hal.o
HAL_DBGMCU_DisableDBGStandbyMode                  build/stm32f4xx_hal.o
HAL_DBGMCU_DisableDBGStopMode                     build/stm32f4xx_hal.o
HAL_DBGMCU_EnableDBGSleepMode                     build/stm32f4xx_hal.o
HAL_DBGMCU_EnableDBGStandbyMode                   build/stm32f4xx_hal.o
HAL_DBGMCU_EnableDBGStopMode                      build/stm32f4xx_hal.o
HAL_DMAEx_ChangeMemory                            build/stm32f4xx_hal_dma_ex.o
HAL_DMAEx_MultiBufferStart                        build/stm32f4xx_hal_dma_ex.o
HAL_DMAEx_MultiBufferStart_IT                     build/stm32f4xx_hal_dma_ex.o
HAL_DMA_Abort                                     build/stm32f4xx_hal_dma.o
                                                  build/stm32f4xx_hal_uart.o
HAL_DMA_Abort_IT                                  build/stm32f4xx_hal_dma.o
                                                  build/stm32f4xx_hal_uart.o
                                                  build/stm32f4xx_hal_tim_ex.o
                                                  build/stm32f4xx_hal_tim.o
HAL_DMA_DeInit                                    build/stm32f4xx_hal_dma.o
                                                  build/usart.o
HAL_DMA_GetError                                  build/stm32f4xx_hal_dma.o
                                                  build/stm32f4xx_hal_uart.o
HAL_DMA_GetState                                  build/stm32f4xx_hal_dma.o
HAL_DMA_IRQHandler                                build/stm32f4xx_hal_dma.o
                                                  build/stm32f4xx_it.o
HAL_DMA_Init                                      build/stm32f4xx_hal_dma.o
                                                  build/usart.o
HAL_DMA_PollForTransfer                           build/stm32f4xx_hal_dma.o
HAL_DMA_RegisterCallback                          build/stm32f4xx_hal_dma.o
HAL_DMA_Start                                     build/stm32f4xx_hal_dma.o
HAL_DMA_Start_IT                                  build/stm32f4xx_hal_dma.o
                                                  build/stm32f4xx_hal_uart.o
                                                  build/stm32f4xx_hal_tim_ex.o
                                                  build/stm32f4xx_hal_tim.o
HAL_DMA_UnRegisterCallback                        build/stm32f4xx_hal_dma.o
HAL_DeInit                                        build/stm32f4xx_hal.o
HAL_Delay                                         build/stm32f4xx_hal.o
HAL_DisableCompensationCell                       build/stm32f4xx_hal.o
HAL_DisableMemorySwappingBank                     build/stm32f4xx_hal.o
HAL_EXTI_ClearConfigLine                          build/stm32f4xx_hal_exti.o
HAL_EXTI_ClearPending                             build/stm32f4xx_hal_exti.o
HAL_EXTI_GenerateSWI                              build/stm32f4xx_hal_exti.o
HAL_EXTI_GetConfigLine                            build/stm32f4xx_hal_exti.o
HAL_EXTI_GetHandle                                build/stm32f4xx_hal_exti.o
HAL_EXTI_GetPending                               build/stm32f4xx_hal_exti.o
HAL_EXTI_IRQHandler                               build/stm32f4xx_hal_exti.o
HAL_EXTI_RegisterCallback                         build/stm32f4xx_hal_exti.o
HAL_EXTI_SetConfigLine                            build/stm32f4xx_hal_exti.o
HAL_EnableCompensationCell                        build/stm32f4xx_hal.o
HAL_EnableMemorySwappingBank                      build/stm32f4xx_hal.o
HAL_FLASHEx_AdvOBGetConfig                        build/stm32f4xx_hal_flash_ex.o
HAL_FLASHEx_AdvOBProgram                          build/stm32f4xx_hal_flash_ex.o
HAL_FLASHEx_Erase                                 build/stm32f4xx_hal_flash_ex.o
HAL_FLASHEx_Erase_IT                              build/stm32f4xx_hal_flash_ex.o
HAL_FLASHEx_OBGetConfig                           build/stm32f4xx_hal_flash_ex.o
HAL_FLASHEx_OBProgram                             build/stm32f4xx_hal_flash_ex.o
HAL_FLASHEx_OB_DeSelectPCROP                      build/stm32f4xx_hal_flash_ex.o
HAL_FLASHEx_OB_GetBank2WRP                        build/stm32f4xx_hal_flash_ex.o
HAL_FLASHEx_OB_SelectPCROP                        build/stm32f4xx_hal_flash_ex.o
HAL_FLASH_EndOfOperationCallback                  build/stm32f4xx_hal_flash.o
HAL_FLASH_GetError                                build/stm32f4xx_hal_flash.o
HAL_FLASH_IRQHandler                              build/stm32f4xx_hal_flash.o
HAL_FLASH_Lock                                    build/stm32f4xx_hal_flash.o
HAL_FLASH_OB_Launch                               build/stm32f4xx_hal_flash.o
HAL_FLASH_OB_Lock                                 build/stm32f4xx_hal_flash.o
HAL_FLASH_OB_Unlock                               build/stm32f4xx_hal_flash.o
HAL_FLASH_OperationErrorCallback                  build/stm32f4xx_hal_flash.o
HAL_FLASH_Program                                 build/stm32f4xx_hal_flash.o
HAL_FLASH_Program_IT                              build/stm32f4xx_hal_flash.o
HAL_FLASH_Unlock                                  build/stm32f4xx_hal_flash.o
HAL_GPIO_DeInit                                   build/stm32f4xx_hal_gpio.o
                                                  build/usart.o
HAL_GPIO_EXTI_Callback                            build/stm32f4xx_hal_gpio.o
HAL_GPIO_EXTI_IRQHandler                          build/stm32f4xx_hal_gpio.o
HAL_GPIO_Init                                     build/stm32f4xx_hal_gpio.o
                                                  build/usart.o
                                                  build/stm32f4xx_hal_rcc.o
                                                  build/gpio.o
HAL_GPIO_LockPin                                  build/stm32f4xx_hal_gpio.o
HAL_GPIO_ReadPin                                  build/stm32f4xx_hal_gpio.o
                                                  build/freertos.o
HAL_GPIO_TogglePin                                build/stm32f4xx_hal_gpio.o
HAL_GPIO_WritePin                                 build/stm32f4xx_hal_gpio.o
                                                  build/gpio.o
HAL_GetDEVID                                      build/stm32f4xx_hal.o
HAL_GetHalVersion                                 build/stm32f4xx_hal.o
HAL_GetREVID                                      build/stm32f4xx_hal.o
HAL_GetTick                                       build/stm32f4xx_hal.o
                                                  build/stm32f4xx_hal_uart.o
                                                  build/stm32f4xx_hal_pwr_ex.o
                                                  build/stm32f4xx_hal_dma.o
                                                  build/stm32f4xx_hal_flash.o
                                                  build/stm32f4xx_hal_rcc_ex.o
                                                  build/stm32f4xx_hal_rcc.o
HAL_GetTickFreq                                   build/stm32f4xx_hal.o
HAL_GetTickPrio                                   build/stm32f4xx_hal.o
HAL_GetUIDw0                                      build/stm32f4xx_hal.o
HAL_GetUIDw1                                      build/stm32f4xx_hal.o
HAL_GetUIDw2                                      build/stm32f4xx_hal.o
HAL_HalfDuplex_EnableReceiver                     build/stm32f4xx_hal_uart.o
HAL_HalfDuplex_EnableTransmitter                  build/stm32f4xx_hal_uart.o
HAL_HalfDuplex_Init                               build/stm32f4xx_hal_uart.o
HAL_IncTick                                       build/stm32f4xx_hal.o
                                                  build/main.o
HAL_Init                                          build/stm32f4xx_hal.o
                                                  build/main.o
HAL_InitTick                                      build/stm32f4xx_hal_timebase_tim.o
                                                  build/stm32f4xx_hal_rcc_ex.o
                                                  build/stm32f4xx_hal_rcc.o
HAL_LIN_Init                                      build/stm32f4xx_hal_uart.o
HAL_LIN_SendBreak                                 build/stm32f4xx_hal_uart.o
HAL_MPU_ConfigRegion                              build/stm32f4xx_hal_cortex.o
HAL_MPU_Disable                                   build/stm32f4xx_hal_cortex.o
HAL_MPU_DisableRegion                             build/stm32f4xx_hal_cortex.o
HAL_MPU_Enable                                    build/stm32f4xx_hal_cortex.o
HAL_MPU_EnableRegion                              build/stm32f4xx_hal_cortex.o
HAL_MspDeInit                                     build/stm32f4xx_hal.o
HAL_MspInit                                       build/stm32f4xx_hal_msp.o
HAL_MultiProcessor_EnterMuteMode                  build/stm32f4xx_hal_uart.o
HAL_MultiProcessor_ExitMuteMode                   build/stm32f4xx_hal_uart.o
HAL_MultiProcessor_Init                           build/stm32f4xx_hal_uart.o
HAL_NVIC_ClearPendingIRQ                          build/stm32f4xx_hal_cortex.o
HAL_NVIC_DisableIRQ                               build/stm32f4xx_hal_cortex.o
                                                  build/usart.o
HAL_NVIC_EnableIRQ                                build/stm32f4xx_hal_cortex.o
                                                  build/usart.o
                                                  build/dma.o
                                                  build/stm32f4xx_hal_timebase_tim.o
HAL_NVIC_GetActive                                build/stm32f4xx_hal_cortex.o
HAL_NVIC_GetPendingIRQ                            build/stm32f4xx_hal_cortex.o
HAL_NVIC_GetPriority                              build/stm32f4xx_hal_cortex.o
HAL_NVIC_GetPriorityGrouping                      build/stm32f4xx_hal_cortex.o
HAL_NVIC_SetPendingIRQ                            build/stm32f4xx_hal_cortex.o
HAL_NVIC_SetPriority                              build/stm32f4xx_hal_cortex.o
                                                  build/usart.o
                                                  build/dma.o
                                                  build/stm32f4xx_hal.o
                                                  build/stm32f4xx_hal_timebase_tim.o
                                                  build/stm32f4xx_hal_msp.o
HAL_NVIC_SetPriorityGrouping                      build/stm32f4xx_hal_cortex.o
                                                  build/stm32f4xx_hal.o
HAL_NVIC_SystemReset                              build/stm32f4xx_hal_cortex.o
HAL_PWREx_ControlVoltageScaling                   build/stm32f4xx_hal_pwr_ex.o
HAL_PWREx_DisableBkUpReg                          build/stm32f4xx_hal_pwr_ex.o
HAL_PWREx_DisableFlashPowerDown                   build/stm32f4xx_hal_pwr_ex.o
HAL_PWREx_DisableOverDrive                        build/stm32f4xx_hal_pwr_ex.o
HAL_PWREx_EnableBkUpReg                           build/stm32f4xx_hal_pwr_ex.o
HAL_PWREx_EnableFlashPowerDown                    build/stm32f4xx_hal_pwr_ex.o
HAL_PWREx_EnableOverDrive                         build/stm32f4xx_hal_pwr_ex.o
                                                  build/main.o
HAL_PWREx_EnterUnderDriveSTOPMode                 build/stm32f4xx_hal_pwr_ex.o
HAL_PWREx_GetVoltageRange                         build/stm32f4xx_hal_pwr_ex.o
HAL_PWR_ConfigPVD                                 build/stm32f4xx_hal_pwr.o
HAL_PWR_DeInit                                    build/stm32f4xx_hal_pwr.o
HAL_PWR_DisableBkUpAccess                         build/stm32f4xx_hal_pwr.o
HAL_PWR_DisablePVD                                build/stm32f4xx_hal_pwr.o
HAL_PWR_DisableSEVOnPend                          build/stm32f4xx_hal_pwr.o
HAL_PWR_DisableSleepOnExit                        build/stm32f4xx_hal_pwr.o
HAL_PWR_DisableWakeUpPin                          build/stm32f4xx_hal_pwr.o
HAL_PWR_EnableBkUpAccess                          build/stm32f4xx_hal_pwr.o
HAL_PWR_EnablePVD                                 build/stm32f4xx_hal_pwr.o
HAL_PWR_EnableSEVOnPend                           build/stm32f4xx_hal_pwr.o
HAL_PWR_EnableSleepOnExit                         build/stm32f4xx_hal_pwr.o
HAL_PWR_EnableWakeUpPin                           build/stm32f4xx_hal_pwr.o
HAL_PWR_EnterSLEEPMode                            build/stm32f4xx_hal_pwr.o
HAL_PWR_EnterSTANDBYMode                          build/stm32f4xx_hal_pwr.o
HAL_PWR_EnterSTOPMode                             build/stm32f4xx_hal_pwr.o
HAL_PWR_PVDCallback                               build/stm32f4xx_hal_pwr.o
HAL_PWR_PVD_IRQHandler                            build/stm32f4xx_hal_pwr.o
HAL_RCCEx_DisablePLLI2S                           build/stm32f4xx_hal_rcc_ex.o
HAL_RCCEx_DisablePLLSAI                           build/stm32f4xx_hal_rcc_ex.o
HAL_RCCEx_EnablePLLI2S                            build/stm32f4xx_hal_rcc_ex.o
HAL_RCCEx_EnablePLLSAI                            build/stm32f4xx_hal_rcc_ex.o
HAL_RCCEx_GetPeriphCLKConfig                      build/stm32f4xx_hal_rcc_ex.o
HAL_RCCEx_GetPeriphCLKFreq                        build/stm32f4xx_hal_rcc_ex.o
HAL_RCCEx_PeriphCLKConfig                         build/stm32f4xx_hal_rcc_ex.o
HAL_RCC_CSSCallback                               build/stm32f4xx_hal_rcc.o
HAL_RCC_ClockConfig                               build/stm32f4xx_hal_rcc.o
                                                  build/main.o
HAL_RCC_DeInit                                    build/stm32f4xx_hal_rcc_ex.o
                                                  build/stm32f4xx_hal_rcc.o
HAL_RCC_DisableCSS                                build/stm32f4xx_hal_rcc.o
HAL_RCC_EnableCSS                                 build/stm32f4xx_hal_rcc.o
HAL_RCC_GetClockConfig                            build/stm32f4xx_hal_rcc.o
                                                  build/stm32f4xx_hal_timebase_tim.o
HAL_RCC_GetHCLKFreq                               build/stm32f4xx_hal_rcc.o
HAL_RCC_GetOscConfig                              build/stm32f4xx_hal_rcc.o
HAL_RCC_GetPCLK1Freq                              build/stm32f4xx_hal_rcc.o
                                                  build/stm32f4xx_hal_uart.o
                                                  build/stm32f4xx_hal_timebase_tim.o
HAL_RCC_GetPCLK2Freq                              build/stm32f4xx_hal_rcc.o
                                                  build/stm32f4xx_hal_uart.o
HAL_RCC_GetSysClockFreq                           build/stm32f4xx_hal_rcc.o
HAL_RCC_MCOConfig                                 build/stm32f4xx_hal_rcc.o
HAL_RCC_NMI_IRQHandler                            build/stm32f4xx_hal_rcc.o
HAL_RCC_OscConfig                                 build/stm32f4xx_hal_rcc.o
                                                  build/main.o
HAL_ResumeTick                                    build/stm32f4xx_hal_timebase_tim.o
HAL_SYSTICK_CLKSourceConfig                       build/stm32f4xx_hal_cortex.o
HAL_SYSTICK_Callback                              build/stm32f4xx_hal_cortex.o
HAL_SYSTICK_Config                                build/stm32f4xx_hal_cortex.o
                                                  build/stm32f4xx_hal.o
HAL_SYSTICK_IRQHandler                            build/stm32f4xx_hal_cortex.o
HAL_SetTickFreq                                   build/stm32f4xx_hal.o
HAL_SuspendTick                                   build/stm32f4xx_hal_timebase_tim.o
HAL_TIMEx_BreakCallback                           build/stm32f4xx_hal_tim_ex.o
                                                  build/stm32f4xx_hal_tim.o
HAL_TIMEx_CommutCallback                          build/stm32f4xx_hal_tim_ex.o
                                                  build/stm32f4xx_hal_tim.o
HAL_TIMEx_CommutHalfCpltCallback                  build/stm32f4xx_hal_tim_ex.o
HAL_TIMEx_ConfigBreakDeadTime                     build/stm32f4xx_hal_tim_ex.o
HAL_TIMEx_ConfigCommutEvent                       build/stm32f4xx_hal_tim_ex.o
HAL_TIMEx_ConfigCommutEvent_DMA                   build/stm32f4xx_hal_tim_ex.o
HAL_TIMEx_ConfigCommutEvent_IT                    build/stm32f4xx_hal_tim_ex.o
HAL_TIMEx_GetChannelNState                        build/stm32f4xx_hal_tim_ex.o
HAL_TIMEx_HallSensor_DeInit                       build/stm32f4xx_hal_tim_ex.o
HAL_TIMEx_HallSensor_GetState                     build/stm32f4xx_hal_tim_ex.o
HAL_TIMEx_HallSensor_Init                         build/stm32f4xx_hal_tim_ex.o
HAL_TIMEx_HallSensor_MspDeInit                    build/stm32f4xx_hal_tim_ex.o
HAL_TIMEx_HallSensor_MspInit                      build/stm32f4xx_hal_tim_ex.o
HAL_TIMEx_HallSensor_Start                        build/stm32f4xx_hal_tim_ex.o
HAL_TIMEx_HallSensor_Start_DMA                    build/stm32f4xx_hal_tim_ex.o
HAL_TIMEx_HallSensor_Start_IT                     build/stm32f4xx_hal_tim_ex.o
HAL_TIMEx_HallSensor_Stop                         build/stm32f4xx_hal_tim_ex.o
HAL_TIMEx_HallSensor_Stop_DMA                     build/stm32f4xx_hal_tim_ex.o
HAL_TIMEx_HallSensor_Stop_IT                      build/stm32f4xx_hal_tim_ex.o
HAL_TIMEx_MasterConfigSynchronization             build/stm32f4xx_hal_tim_ex.o
HAL_TIMEx_OCN_Start                               build/stm32f4xx_hal_tim_ex.o
HAL_TIMEx_OCN_Start_DMA                           build/stm32f4xx_hal_tim_ex.o
HAL_TIMEx_OCN_Start_IT                            build/stm32f4xx_hal_tim_ex.o
HAL_TIMEx_OCN_Stop                                build/stm32f4xx_hal_tim_ex.o
HAL_TIMEx_OCN_Stop_DMA                            build/stm32f4xx_hal_tim_ex.o
HAL_TIMEx_OCN_Stop_IT                             build/stm32f4xx_hal_tim_ex.o
HAL_TIMEx_OnePulseN_Start                         build/stm32f4xx_hal_tim_ex.o
HAL_TIMEx_OnePulseN_Start_IT                      build/stm32f4xx_hal_tim_ex.o
HAL_TIMEx_OnePulseN_Stop                          build/stm32f4xx_hal_tim_ex.o
HAL_TIMEx_OnePulseN_Stop_IT                       build/stm32f4xx_hal_tim_ex.o
HAL_TIMEx_PWMN_Start                              build/stm32f4xx_hal_tim_ex.o
HAL_TIMEx_PWMN_Start_DMA                          build/stm32f4xx_hal_tim_ex.o
HAL_TIMEx_PWMN_Start_IT                           build/stm32f4xx_hal_tim_ex.o
HAL_TIMEx_PWMN_Stop                               build/stm32f4xx_hal_tim_ex.o